[2021-07-09T16:19:51.970+0530][gc,heap] Heap region size: 1M
[2021-07-09T16:19:51.983+0530][gc     ] Using G1
[2021-07-09T16:19:51.983+0530][gc,heap,coops] Heap address: 0x00000000c0000000, size: 1024 MB, Compressed Oops mode: 32-bit
[2021-07-09T16:19:51.983+0530][gc,cds       ] Mark closed archive regions in map: [0x00000000fff00000, 0x00000000fff6aff8]
[2021-07-09T16:19:51.983+0530][gc,cds       ] Mark open archive regions in map: [0x00000000ffe00000, 0x00000000ffe46ff8]
[2021-07-09T16:19:52.831+0530][gc,start     ] GC(0) Pause Young (Normal) (G1 Evacuation Pause)
[2021-07-09T16:19:52.833+0530][gc,task      ] GC(0) Using 8 workers of 8 for evacuation
[2021-07-09T16:19:52.847+0530][gc,phases    ] GC(0)   Pre Evacuate Collection Set: 0.0ms
[2021-07-09T16:19:52.847+0530][gc,phases    ] GC(0)   Evacuate Collection Set: 13.7ms
[2021-07-09T16:19:52.847+0530][gc,phases    ] GC(0)   Post Evacuate Collection Set: 0.5ms
[2021-07-09T16:19:52.847+0530][gc,phases    ] GC(0)   Other: 1.7ms
[2021-07-09T16:19:52.847+0530][gc,heap      ] GC(0) Eden regions: 51->0(44)
[2021-07-09T16:19:52.847+0530][gc,heap      ] GC(0) Survivor regions: 0->7(7)
[2021-07-09T16:19:52.847+0530][gc,heap      ] GC(0) Old regions: 2->2
[2021-07-09T16:19:52.847+0530][gc,heap      ] GC(0) Humongous regions: 0->0
[2021-07-09T16:19:52.847+0530][gc,metaspace ] GC(0) Metaspace: 15168K->15168K(1062912K)
[2021-07-09T16:19:52.847+0530][gc           ] GC(0) Pause Young (Normal) (G1 Evacuation Pause) 51M->7M(1024M) 15.988ms
[2021-07-09T16:19:52.847+0530][gc,cpu       ] GC(0) User=0.09s Sys=0.00s Real=0.01s
[2021-07-09T16:19:53.251+0530][gc,start     ] GC(1) Pause Young (Concurrent Start) (Metadata GC Threshold)
[2021-07-09T16:19:53.251+0530][gc,task      ] GC(1) Using 8 workers of 8 for evacuation
[2021-07-09T16:19:53.262+0530][gc,phases    ] GC(1)   Pre Evacuate Collection Set: 0.1ms
[2021-07-09T16:19:53.262+0530][gc,phases    ] GC(1)   Evacuate Collection Set: 10.0ms
[2021-07-09T16:19:53.262+0530][gc,phases    ] GC(1)   Post Evacuate Collection Set: 0.4ms
[2021-07-09T16:19:53.262+0530][gc,phases    ] GC(1)   Other: 0.3ms
[2021-07-09T16:19:53.262+0530][gc,heap      ] GC(1) Eden regions: 31->0(49)
[2021-07-09T16:19:53.262+0530][gc,heap      ] GC(1) Survivor regions: 7->2(7)
[2021-07-09T16:19:53.262+0530][gc,heap      ] GC(1) Old regions: 2->9
[2021-07-09T16:19:53.262+0530][gc,heap      ] GC(1) Humongous regions: 0->0
[2021-07-09T16:19:53.262+0530][gc,metaspace ] GC(1) Metaspace: 20537K->20537K(1067008K)
[2021-07-09T16:19:53.262+0530][gc           ] GC(1) Pause Young (Concurrent Start) (Metadata GC Threshold) 38M->9M(1024M) 10.898ms
[2021-07-09T16:19:53.262+0530][gc,cpu       ] GC(1) User=0.05s Sys=0.02s Real=0.01s
[2021-07-09T16:19:53.262+0530][gc           ] GC(2) Concurrent Cycle
[2021-07-09T16:19:53.262+0530][gc,marking   ] GC(2) Concurrent Clear Claimed Marks
[2021-07-09T16:19:53.262+0530][gc,marking   ] GC(2) Concurrent Clear Claimed Marks 0.038ms
[2021-07-09T16:19:53.262+0530][gc,marking   ] GC(2) Concurrent Scan Root Regions
[2021-07-09T16:19:53.264+0530][gc,marking   ] GC(2) Concurrent Scan Root Regions 1.130ms
[2021-07-09T16:19:53.264+0530][gc,marking   ] GC(2) Concurrent Mark (1.298s)
[2021-07-09T16:19:53.264+0530][gc,marking   ] GC(2) Concurrent Mark From Roots
[2021-07-09T16:19:53.264+0530][gc,task      ] GC(2) Using 2 workers of 2 for marking
[2021-07-09T16:19:53.269+0530][gc,marking   ] GC(2) Concurrent Mark From Roots 5.838ms
[2021-07-09T16:19:53.269+0530][gc,marking   ] GC(2) Concurrent Preclean
[2021-07-09T16:19:53.270+0530][gc,marking   ] GC(2) Concurrent Preclean 0.179ms
[2021-07-09T16:19:53.270+0530][gc,marking   ] GC(2) Concurrent Mark (1.298s, 1.304s) 6.102ms
[2021-07-09T16:19:53.270+0530][gc,start     ] GC(2) Pause Remark
[2021-07-09T16:19:53.274+0530][gc,stringtable] GC(2) Cleaned string and symbol table, strings: 7258 processed, 0 removed, symbols: 52793 processed, 41 removed
[2021-07-09T16:19:53.274+0530][gc            ] GC(2) Pause Remark 9M->9M(1024M) 4.497ms
[2021-07-09T16:19:53.274+0530][gc,cpu        ] GC(2) User=0.02s Sys=0.00s Real=0.00s
[2021-07-09T16:19:53.274+0530][gc,marking    ] GC(2) Concurrent Rebuild Remembered Sets
[2021-07-09T16:19:53.278+0530][gc,marking    ] GC(2) Concurrent Rebuild Remembered Sets 4.011ms
[2021-07-09T16:19:53.278+0530][gc,start      ] GC(2) Pause Cleanup
[2021-07-09T16:19:53.279+0530][gc            ] GC(2) Pause Cleanup 9M->9M(1024M) 0.158ms
[2021-07-09T16:19:53.279+0530][gc,cpu        ] GC(2) User=0.00s Sys=0.00s Real=0.00s
[2021-07-09T16:19:53.279+0530][gc,marking    ] GC(2) Concurrent Cleanup for Next Mark
[2021-07-09T16:19:53.283+0530][gc,marking    ] GC(2) Concurrent Cleanup for Next Mark 4.804ms
[2021-07-09T16:19:53.284+0530][gc            ] GC(2) Concurrent Cycle 21.233ms
[2021-07-09T16:19:54.586+0530][gc,start      ] GC(3) Pause Young (Normal) (G1 Evacuation Pause)
[2021-07-09T16:19:54.586+0530][gc,task       ] GC(3) Using 8 workers of 8 for evacuation
[2021-07-09T16:19:54.591+0530][gc,phases     ] GC(3)   Pre Evacuate Collection Set: 0.0ms
[2021-07-09T16:19:54.591+0530][gc,phases     ] GC(3)   Evacuate Collection Set: 4.1ms
[2021-07-09T16:19:54.591+0530][gc,phases     ] GC(3)   Post Evacuate Collection Set: 1.3ms
[2021-07-09T16:19:54.591+0530][gc,phases     ] GC(3)   Other: 0.2ms
[2021-07-09T16:19:54.591+0530][gc,heap       ] GC(3) Eden regions: 49->0(46)
[2021-07-09T16:19:54.591+0530][gc,heap       ] GC(3) Survivor regions: 2->5(7)
[2021-07-09T16:19:54.591+0530][gc,heap       ] GC(3) Old regions: 9->9
[2021-07-09T16:19:54.591+0530][gc,heap       ] GC(3) Humongous regions: 146->146
[2021-07-09T16:19:54.591+0530][gc,metaspace  ] GC(3) Metaspace: 31719K->31719K(1077248K)
[2021-07-09T16:19:54.592+0530][gc            ] GC(3) Pause Young (Normal) (G1 Evacuation Pause) 204M->157M(1024M) 5.734ms
[2021-07-09T16:19:54.592+0530][gc,cpu        ] GC(3) User=0.03s Sys=0.00s Real=0.01s
[2021-07-09T16:19:54.695+0530][gc,start      ] GC(4) Pause Young (Concurrent Start) (Metadata GC Threshold)
[2021-07-09T16:19:54.695+0530][gc,task       ] GC(4) Using 8 workers of 8 for evacuation
[2021-07-09T16:19:54.699+0530][gc,phases     ] GC(4)   Pre Evacuate Collection Set: 0.1ms
[2021-07-09T16:19:54.699+0530][gc,phases     ] GC(4)   Evacuate Collection Set: 3.7ms
[2021-07-09T16:19:54.699+0530][gc,phases     ] GC(4)   Post Evacuate Collection Set: 0.3ms
[2021-07-09T16:19:54.699+0530][gc,phases     ] GC(4)   Other: 0.3ms
[2021-07-09T16:19:54.699+0530][gc,heap       ] GC(4) Eden regions: 12->0(47)
[2021-07-09T16:19:54.699+0530][gc,heap       ] GC(4) Survivor regions: 5->4(7)
[2021-07-09T16:19:54.699+0530][gc,heap       ] GC(4) Old regions: 9->11
[2021-07-09T16:19:54.699+0530][gc,heap       ] GC(4) Humongous regions: 146->146
[2021-07-09T16:19:54.699+0530][gc,metaspace  ] GC(4) Metaspace: 34458K->34458K(1081344K)
[2021-07-09T16:19:54.699+0530][gc            ] GC(4) Pause Young (Concurrent Start) (Metadata GC Threshold) 169M->157M(1024M) 4.476ms
[2021-07-09T16:19:54.699+0530][gc,cpu        ] GC(4) User=0.02s Sys=0.00s Real=0.01s
[2021-07-09T16:19:54.699+0530][gc            ] GC(5) Concurrent Cycle
[2021-07-09T16:19:54.699+0530][gc,marking    ] GC(5) Concurrent Clear Claimed Marks
[2021-07-09T16:19:54.699+0530][gc,marking    ] GC(5) Concurrent Clear Claimed Marks 0.037ms
[2021-07-09T16:19:54.699+0530][gc,marking    ] GC(5) Concurrent Scan Root Regions
[2021-07-09T16:19:54.701+0530][gc,marking    ] GC(5) Concurrent Scan Root Regions 1.334ms
[2021-07-09T16:19:54.701+0530][gc,marking    ] GC(5) Concurrent Mark (2.735s)
[2021-07-09T16:19:54.701+0530][gc,marking    ] GC(5) Concurrent Mark From Roots
[2021-07-09T16:19:54.701+0530][gc,task       ] GC(5) Using 2 workers of 2 for marking
[2021-07-09T16:19:54.708+0530][gc,marking    ] GC(5) Concurrent Mark From Roots 7.226ms
[2021-07-09T16:19:54.708+0530][gc,marking    ] GC(5) Concurrent Preclean
[2021-07-09T16:19:54.708+0530][gc,marking    ] GC(5) Concurrent Preclean 0.157ms
[2021-07-09T16:19:54.708+0530][gc,marking    ] GC(5) Concurrent Mark (2.735s, 2.743s) 7.445ms
[2021-07-09T16:19:54.708+0530][gc,start      ] GC(5) Pause Remark
[2021-07-09T16:19:54.714+0530][gc,stringtable] GC(5) Cleaned string and symbol table, strings: 10464 processed, 12 removed, symbols: 83673 processed, 22 removed
[2021-07-09T16:19:54.714+0530][gc            ] GC(5) Pause Remark 158M->158M(1024M) 5.924ms
[2021-07-09T16:19:54.714+0530][gc,cpu        ] GC(5) User=0.03s Sys=0.00s Real=0.01s
[2021-07-09T16:19:54.714+0530][gc,marking    ] GC(5) Concurrent Rebuild Remembered Sets
[2021-07-09T16:19:54.718+0530][gc,marking    ] GC(5) Concurrent Rebuild Remembered Sets 3.327ms
[2021-07-09T16:19:54.718+0530][gc,start      ] GC(5) Pause Cleanup
[2021-07-09T16:19:54.718+0530][gc            ] GC(5) Pause Cleanup 159M->159M(1024M) 0.141ms
[2021-07-09T16:19:54.718+0530][gc,cpu        ] GC(5) User=0.00s Sys=0.00s Real=0.00s
[2021-07-09T16:19:54.718+0530][gc,marking    ] GC(5) Concurrent Cleanup for Next Mark
[2021-07-09T16:19:54.722+0530][gc,marking    ] GC(5) Concurrent Cleanup for Next Mark 3.936ms
[2021-07-09T16:19:54.722+0530][gc            ] GC(5) Concurrent Cycle 22.659ms
[2021-07-09T16:19:55.311+0530][gc,start      ] GC(6) Pause Young (Normal) (G1 Evacuation Pause)
[2021-07-09T16:19:55.312+0530][gc,task       ] GC(6) Using 8 workers of 8 for evacuation
[2021-07-09T16:19:55.317+0530][gc,phases     ] GC(6)   Pre Evacuate Collection Set: 0.1ms
[2021-07-09T16:19:55.317+0530][gc,phases     ] GC(6)   Evacuate Collection Set: 4.7ms
[2021-07-09T16:19:55.317+0530][gc,phases     ] GC(6)   Post Evacuate Collection Set: 0.4ms
[2021-07-09T16:19:55.317+0530][gc,phases     ] GC(6)   Other: 0.3ms
[2021-07-09T16:19:55.317+0530][gc,heap       ] GC(6) Eden regions: 47->0(46)
[2021-07-09T16:19:55.317+0530][gc,heap       ] GC(6) Survivor regions: 4->5(7)
[2021-07-09T16:19:55.317+0530][gc,heap       ] GC(6) Old regions: 11->11
[2021-07-09T16:19:55.317+0530][gc,heap       ] GC(6) Humongous regions: 146->146
[2021-07-09T16:19:55.317+0530][gc,metaspace  ] GC(6) Metaspace: 37148K->37148K(1083392K)
[2021-07-09T16:19:55.317+0530][gc            ] GC(6) Pause Young (Normal) (G1 Evacuation Pause) 204M->159M(1024M) 5.501ms
[2021-07-09T16:19:55.317+0530][gc,cpu        ] GC(6) User=0.04s Sys=0.00s Real=0.00s
[2021-07-09T16:19:55.759+0530][gc,start      ] GC(7) Pause Young (Normal) (G1 Evacuation Pause)
[2021-07-09T16:19:55.759+0530][gc,task       ] GC(7) Using 8 workers of 8 for evacuation
[2021-07-09T16:19:55.764+0530][gc,phases     ] GC(7)   Pre Evacuate Collection Set: 0.0ms
[2021-07-09T16:19:55.764+0530][gc,phases     ] GC(7)   Evacuate Collection Set: 4.4ms
[2021-07-09T16:19:55.764+0530][gc,phases     ] GC(7)   Post Evacuate Collection Set: 0.4ms
[2021-07-09T16:19:55.764+0530][gc,phases     ] GC(7)   Other: 0.2ms
[2021-07-09T16:19:55.764+0530][gc,heap       ] GC(7) Eden regions: 46->0(48)
[2021-07-09T16:19:55.764+0530][gc,heap       ] GC(7) Survivor regions: 5->3(7)
[2021-07-09T16:19:55.764+0530][gc,heap       ] GC(7) Old regions: 11->13
[2021-07-09T16:19:55.764+0530][gc,heap       ] GC(7) Humongous regions: 146->146
[2021-07-09T16:19:55.764+0530][gc,metaspace  ] GC(7) Metaspace: 37233K->37233K(1083392K)
[2021-07-09T16:19:55.764+0530][gc            ] GC(7) Pause Young (Normal) (G1 Evacuation Pause) 205M->159M(1024M) 5.211ms
[2021-07-09T16:19:55.764+0530][gc,cpu        ] GC(7) User=0.03s Sys=0.00s Real=0.00s
[2021-07-09T16:19:56.293+0530][gc,start      ] GC(8) Pause Young (Normal) (G1 Evacuation Pause)
[2021-07-09T16:19:56.293+0530][gc,task       ] GC(8) Using 8 workers of 8 for evacuation
[2021-07-09T16:19:56.299+0530][gc,phases     ] GC(8)   Pre Evacuate Collection Set: 0.1ms
[2021-07-09T16:19:56.299+0530][gc,phases     ] GC(8)   Evacuate Collection Set: 5.0ms
[2021-07-09T16:19:56.299+0530][gc,phases     ] GC(8)   Post Evacuate Collection Set: 0.5ms
[2021-07-09T16:19:56.299+0530][gc,phases     ] GC(8)   Other: 0.3ms
[2021-07-09T16:19:56.299+0530][gc,heap       ] GC(8) Eden regions: 48->0(47)
[2021-07-09T16:19:56.299+0530][gc,heap       ] GC(8) Survivor regions: 3->4(7)
[2021-07-09T16:19:56.299+0530][gc,heap       ] GC(8) Old regions: 13->13
[2021-07-09T16:19:56.299+0530][gc,heap       ] GC(8) Humongous regions: 146->146
[2021-07-09T16:19:56.299+0530][gc,metaspace  ] GC(8) Metaspace: 40314K->40314K(1085440K)
[2021-07-09T16:19:56.299+0530][gc            ] GC(8) Pause Young (Normal) (G1 Evacuation Pause) 207M->160M(1024M) 5.922ms
[2021-07-09T16:19:56.299+0530][gc,cpu        ] GC(8) User=0.03s Sys=0.00s Real=0.01s
[2021-07-09T16:19:56.567+0530][gc,start      ] GC(9) Pause Young (Normal) (GCLocker Initiated GC)
[2021-07-09T16:19:56.567+0530][gc,task       ] GC(9) Using 8 workers of 8 for evacuation
[2021-07-09T16:19:56.571+0530][gc,phases     ] GC(9)   Pre Evacuate Collection Set: 0.0ms
[2021-07-09T16:19:56.571+0530][gc,phases     ] GC(9)   Evacuate Collection Set: 2.7ms
[2021-07-09T16:19:56.571+0530][gc,phases     ] GC(9)   Post Evacuate Collection Set: 0.3ms
[2021-07-09T16:19:56.571+0530][gc,phases     ] GC(9)   Other: 0.2ms
[2021-07-09T16:19:56.571+0530][gc,heap       ] GC(9) Eden regions: 48->0(53)
[2021-07-09T16:19:56.571+0530][gc,heap       ] GC(9) Survivor regions: 4->5(7)
[2021-07-09T16:19:56.571+0530][gc,heap       ] GC(9) Old regions: 13->13
[2021-07-09T16:19:56.571+0530][gc,heap       ] GC(9) Humongous regions: 146->146
[2021-07-09T16:19:56.571+0530][gc,metaspace  ] GC(9) Metaspace: 41960K->41960K(1087488K)
[2021-07-09T16:19:56.571+0530][gc            ] GC(9) Pause Young (Normal) (GCLocker Initiated GC) 207M->161M(1024M) 3.379ms
[2021-07-09T16:19:56.571+0530][gc,cpu        ] GC(9) User=0.02s Sys=0.00s Real=0.01s
[2021-07-09T16:19:57.617+0530][gc,start      ] GC(10) Pause Young (Normal) (G1 Evacuation Pause)
[2021-07-09T16:19:57.618+0530][gc,task       ] GC(10) Using 8 workers of 8 for evacuation
[2021-07-09T16:19:57.633+0530][gc,phases     ] GC(10)   Pre Evacuate Collection Set: 0.1ms
[2021-07-09T16:19:57.633+0530][gc,phases     ] GC(10)   Evacuate Collection Set: 14.1ms
[2021-07-09T16:19:57.633+0530][gc,phases     ] GC(10)   Post Evacuate Collection Set: 1.1ms
[2021-07-09T16:19:57.633+0530][gc,phases     ] GC(10)   Other: 0.4ms
[2021-07-09T16:19:57.633+0530][gc,heap       ] GC(10) Eden regions: 53->0(54)
[2021-07-09T16:19:57.633+0530][gc,heap       ] GC(10) Survivor regions: 5->6(8)
[2021-07-09T16:19:57.633+0530][gc,heap       ] GC(10) Old regions: 13->13
[2021-07-09T16:19:57.633+0530][gc,heap       ] GC(10) Humongous regions: 163->163
[2021-07-09T16:19:57.633+0530][gc,metaspace  ] GC(10) Metaspace: 45048K->45048K(1089536K)
[2021-07-09T16:19:57.633+0530][gc            ] GC(10) Pause Young (Normal) (G1 Evacuation Pause) 231M->180M(1024M) 15.926ms
[2021-07-09T16:19:57.633+0530][gc,cpu        ] GC(10) User=0.08s Sys=0.02s Real=0.01s
[2021-07-09T16:19:58.694+0530][gc,start      ] GC(11) Pause Young (Normal) (G1 Evacuation Pause)
[2021-07-09T16:19:58.694+0530][gc,task       ] GC(11) Using 8 workers of 8 for evacuation
[2021-07-09T16:19:58.698+0530][gc,phases     ] GC(11)   Pre Evacuate Collection Set: 0.0ms
[2021-07-09T16:19:58.698+0530][gc,phases     ] GC(11)   Evacuate Collection Set: 3.9ms
[2021-07-09T16:19:58.698+0530][gc,phases     ] GC(11)   Post Evacuate Collection Set: 0.4ms
[2021-07-09T16:19:58.698+0530][gc,phases     ] GC(11)   Other: 0.2ms
[2021-07-09T16:19:58.698+0530][gc,heap       ] GC(11) Eden regions: 54->0(56)
[2021-07-09T16:19:58.698+0530][gc,heap       ] GC(11) Survivor regions: 6->5(8)
[2021-07-09T16:19:58.698+0530][gc,heap       ] GC(11) Old regions: 13->15
[2021-07-09T16:19:58.698+0530][gc,heap       ] GC(11) Humongous regions: 163->163
[2021-07-09T16:19:58.698+0530][gc,metaspace  ] GC(11) Metaspace: 45402K->45402K(1089536K)
[2021-07-09T16:19:58.698+0530][gc            ] GC(11) Pause Young (Normal) (G1 Evacuation Pause) 234M->180M(1024M) 4.522ms
[2021-07-09T16:19:58.698+0530][gc,cpu        ] GC(11) User=0.03s Sys=0.00s Real=0.01s
[2021-07-09T16:20:01.425+0530][gc,heap,exit  ] Heap
[2021-07-09T16:20:01.425+0530][gc,heap,exit  ]  garbage-first heap   total 1048576K, used 193103K [0x00000000c0000000, 0x0000000100000000)
[2021-07-09T16:20:01.425+0530][gc,heap,exit  ]   region size 1024K, 15 young (15360K), 5 survivors (5120K)
[2021-07-09T16:20:01.425+0530][gc,heap,exit  ]  Metaspace       used 46223K, capacity 48044K, committed 48256K, reserved 1091584K
[2021-07-09T16:20:01.425+0530][gc,heap,exit  ]   class space    used 5684K, capacity 6515K, committed 6528K, reserved 1048576K
