[2021-07-09T16:19:11.934+0530][gc,heap] Heap region size: 1M
[2021-07-09T16:19:11.950+0530][gc     ] Using G1
[2021-07-09T16:19:11.950+0530][gc,heap,coops] Heap address: 0x00000000c0000000, size: 1024 MB, Compressed Oops mode: 32-bit
[2021-07-09T16:19:11.950+0530][gc,cds       ] Mark closed archive regions in map: [0x00000000fff00000, 0x00000000fff6aff8]
[2021-07-09T16:19:11.950+0530][gc,cds       ] Mark open archive regions in map: [0x00000000ffe00000, 0x00000000ffe46ff8]
[2021-07-09T16:19:12.828+0530][gc,start     ] GC(0) Pause Young (Normal) (G1 Evacuation Pause)
[2021-07-09T16:19:12.836+0530][gc,task      ] GC(0) Using 8 workers of 8 for evacuation
[2021-07-09T16:19:12.847+0530][gc,phases    ] GC(0)   Pre Evacuate Collection Set: 0.0ms
[2021-07-09T16:19:12.847+0530][gc,phases    ] GC(0)   Evacuate Collection Set: 10.3ms
[2021-07-09T16:19:12.847+0530][gc,phases    ] GC(0)   Post Evacuate Collection Set: 0.5ms
[2021-07-09T16:19:12.847+0530][gc,phases    ] GC(0)   Other: 7.3ms
[2021-07-09T16:19:12.847+0530][gc,heap      ] GC(0) Eden regions: 51->0(44)
[2021-07-09T16:19:12.847+0530][gc,heap      ] GC(0) Survivor regions: 0->7(7)
[2021-07-09T16:19:12.847+0530][gc,heap      ] GC(0) Old regions: 2->2
[2021-07-09T16:19:12.847+0530][gc,heap      ] GC(0) Humongous regions: 0->0
[2021-07-09T16:19:12.847+0530][gc,metaspace ] GC(0) Metaspace: 14979K->14979K(1062912K)
[2021-07-09T16:19:12.847+0530][gc           ] GC(0) Pause Young (Normal) (G1 Evacuation Pause) 51M->7M(1024M) 18.262ms
[2021-07-09T16:19:12.847+0530][gc,cpu       ] GC(0) User=0.07s Sys=0.00s Real=0.02s
[2021-07-09T16:19:13.248+0530][gc,start     ] GC(1) Pause Young (Concurrent Start) (Metadata GC Threshold)
[2021-07-09T16:19:13.248+0530][gc,task      ] GC(1) Using 8 workers of 8 for evacuation
[2021-07-09T16:19:13.257+0530][gc,phases    ] GC(1)   Pre Evacuate Collection Set: 0.1ms
[2021-07-09T16:19:13.257+0530][gc,phases    ] GC(1)   Evacuate Collection Set: 7.8ms
[2021-07-09T16:19:13.257+0530][gc,phases    ] GC(1)   Post Evacuate Collection Set: 0.4ms
[2021-07-09T16:19:13.257+0530][gc,phases    ] GC(1)   Other: 0.4ms
[2021-07-09T16:19:13.257+0530][gc,heap      ] GC(1) Eden regions: 33->0(49)
[2021-07-09T16:19:13.257+0530][gc,heap      ] GC(1) Survivor regions: 7->2(7)
[2021-07-09T16:19:13.257+0530][gc,heap      ] GC(1) Old regions: 2->9
[2021-07-09T16:19:13.257+0530][gc,heap      ] GC(1) Humongous regions: 0->0
[2021-07-09T16:19:13.257+0530][gc,metaspace ] GC(1) Metaspace: 20454K->20454K(1067008K)
[2021-07-09T16:19:13.257+0530][gc           ] GC(1) Pause Young (Concurrent Start) (Metadata GC Threshold) 39M->8M(1024M) 8.806ms
[2021-07-09T16:19:13.257+0530][gc,cpu       ] GC(1) User=0.04s Sys=0.01s Real=0.01s
[2021-07-09T16:19:13.257+0530][gc           ] GC(2) Concurrent Cycle
[2021-07-09T16:19:13.257+0530][gc,marking   ] GC(2) Concurrent Clear Claimed Marks
[2021-07-09T16:19:13.257+0530][gc,marking   ] GC(2) Concurrent Clear Claimed Marks 0.039ms
[2021-07-09T16:19:13.257+0530][gc,marking   ] GC(2) Concurrent Scan Root Regions
[2021-07-09T16:19:13.258+0530][gc,marking   ] GC(2) Concurrent Scan Root Regions 0.973ms
[2021-07-09T16:19:13.258+0530][gc,marking   ] GC(2) Concurrent Mark (1.330s)
[2021-07-09T16:19:13.258+0530][gc,marking   ] GC(2) Concurrent Mark From Roots
[2021-07-09T16:19:13.258+0530][gc,task      ] GC(2) Using 2 workers of 2 for marking
[2021-07-09T16:19:13.264+0530][gc,marking   ] GC(2) Concurrent Mark From Roots 5.797ms
[2021-07-09T16:19:13.264+0530][gc,marking   ] GC(2) Concurrent Preclean
[2021-07-09T16:19:13.264+0530][gc,marking   ] GC(2) Concurrent Preclean 0.152ms
[2021-07-09T16:19:13.264+0530][gc,marking   ] GC(2) Concurrent Mark (1.330s, 1.336s) 6.013ms
[2021-07-09T16:19:13.264+0530][gc,start     ] GC(2) Pause Remark
[2021-07-09T16:19:13.274+0530][gc,stringtable] GC(2) Cleaned string and symbol table, strings: 7139 processed, 0 removed, symbols: 52139 processed, 41 removed
[2021-07-09T16:19:13.274+0530][gc            ] GC(2) Pause Remark 9M->9M(1024M) 9.937ms
[2021-07-09T16:19:13.274+0530][gc,cpu        ] GC(2) User=0.05s Sys=0.00s Real=0.01s
[2021-07-09T16:19:13.274+0530][gc,marking    ] GC(2) Concurrent Rebuild Remembered Sets
[2021-07-09T16:19:13.277+0530][gc,marking    ] GC(2) Concurrent Rebuild Remembered Sets 2.745ms
[2021-07-09T16:19:13.277+0530][gc,start      ] GC(2) Pause Cleanup
[2021-07-09T16:19:13.277+0530][gc            ] GC(2) Pause Cleanup 9M->9M(1024M) 0.326ms
[2021-07-09T16:19:13.277+0530][gc,cpu        ] GC(2) User=0.00s Sys=0.00s Real=0.01s
[2021-07-09T16:19:13.278+0530][gc,marking    ] GC(2) Concurrent Cleanup for Next Mark
[2021-07-09T16:19:13.282+0530][gc,marking    ] GC(2) Concurrent Cleanup for Next Mark 4.663ms
[2021-07-09T16:19:13.282+0530][gc            ] GC(2) Concurrent Cycle 25.262ms
[2021-07-09T16:19:15.790+0530][gc,start      ] GC(3) Pause Young (Normal) (G1 Evacuation Pause)
[2021-07-09T16:19:15.790+0530][gc,task       ] GC(3) Using 8 workers of 8 for evacuation
[2021-07-09T16:19:15.796+0530][gc,phases     ] GC(3)   Pre Evacuate Collection Set: 0.1ms
[2021-07-09T16:19:15.796+0530][gc,phases     ] GC(3)   Evacuate Collection Set: 4.3ms
[2021-07-09T16:19:15.796+0530][gc,phases     ] GC(3)   Post Evacuate Collection Set: 1.3ms
[2021-07-09T16:19:15.796+0530][gc,phases     ] GC(3)   Other: 0.2ms
[2021-07-09T16:19:15.796+0530][gc,heap       ] GC(3) Eden regions: 49->0(47)
[2021-07-09T16:19:15.796+0530][gc,heap       ] GC(3) Survivor regions: 2->4(7)
[2021-07-09T16:19:15.796+0530][gc,heap       ] GC(3) Old regions: 9->9
[2021-07-09T16:19:15.796+0530][gc,heap       ] GC(3) Humongous regions: 146->146
[2021-07-09T16:19:15.796+0530][gc,metaspace  ] GC(3) Metaspace: 31461K->31461K(1077248K)
[2021-07-09T16:19:15.796+0530][gc            ] GC(3) Pause Young (Normal) (G1 Evacuation Pause) 203M->157M(1024M) 6.003ms
[2021-07-09T16:19:15.796+0530][gc,cpu        ] GC(3) User=0.04s Sys=0.00s Real=0.00s
[2021-07-09T16:19:15.924+0530][gc,start      ] GC(4) Pause Young (Concurrent Start) (Metadata GC Threshold)
[2021-07-09T16:19:15.924+0530][gc,task       ] GC(4) Using 8 workers of 8 for evacuation
[2021-07-09T16:19:15.928+0530][gc,phases     ] GC(4)   Pre Evacuate Collection Set: 0.1ms
[2021-07-09T16:19:15.928+0530][gc,phases     ] GC(4)   Evacuate Collection Set: 3.6ms
[2021-07-09T16:19:15.928+0530][gc,phases     ] GC(4)   Post Evacuate Collection Set: 0.3ms
[2021-07-09T16:19:15.928+0530][gc,phases     ] GC(4)   Other: 0.3ms
[2021-07-09T16:19:15.928+0530][gc,heap       ] GC(4) Eden regions: 14->0(47)
[2021-07-09T16:19:15.928+0530][gc,heap       ] GC(4) Survivor regions: 4->4(7)
[2021-07-09T16:19:15.928+0530][gc,heap       ] GC(4) Old regions: 9->10
[2021-07-09T16:19:15.928+0530][gc,heap       ] GC(4) Humongous regions: 146->146
[2021-07-09T16:19:15.928+0530][gc,metaspace  ] GC(4) Metaspace: 34584K->34584K(1081344K)
[2021-07-09T16:19:15.928+0530][gc            ] GC(4) Pause Young (Concurrent Start) (Metadata GC Threshold) 170M->157M(1024M) 4.392ms
[2021-07-09T16:19:15.928+0530][gc,cpu        ] GC(4) User=0.02s Sys=0.00s Real=0.00s
[2021-07-09T16:19:15.928+0530][gc            ] GC(5) Concurrent Cycle
[2021-07-09T16:19:15.928+0530][gc,marking    ] GC(5) Concurrent Clear Claimed Marks
[2021-07-09T16:19:15.928+0530][gc,marking    ] GC(5) Concurrent Clear Claimed Marks 0.053ms
[2021-07-09T16:19:15.928+0530][gc,marking    ] GC(5) Concurrent Scan Root Regions
[2021-07-09T16:19:15.929+0530][gc,marking    ] GC(5) Concurrent Scan Root Regions 1.102ms
[2021-07-09T16:19:15.929+0530][gc,marking    ] GC(5) Concurrent Mark (4.001s)
[2021-07-09T16:19:15.929+0530][gc,marking    ] GC(5) Concurrent Mark From Roots
[2021-07-09T16:19:15.929+0530][gc,task       ] GC(5) Using 2 workers of 2 for marking
[2021-07-09T16:19:15.935+0530][gc,marking    ] GC(5) Concurrent Mark From Roots 6.009ms
[2021-07-09T16:19:15.935+0530][gc,marking    ] GC(5) Concurrent Preclean
[2021-07-09T16:19:15.935+0530][gc,marking    ] GC(5) Concurrent Preclean 0.129ms
[2021-07-09T16:19:15.935+0530][gc,marking    ] GC(5) Concurrent Mark (4.001s, 4.007s) 6.195ms
[2021-07-09T16:19:15.936+0530][gc,start      ] GC(5) Pause Remark
[2021-07-09T16:19:15.938+0530][gc,stringtable] GC(5) Cleaned string and symbol table, strings: 10546 processed, 12 removed, symbols: 83907 processed, 25 removed
[2021-07-09T16:19:15.939+0530][gc            ] GC(5) Pause Remark 158M->158M(1024M) 2.957ms
[2021-07-09T16:19:15.939+0530][gc,cpu        ] GC(5) User=0.02s Sys=0.00s Real=0.01s
[2021-07-09T16:19:15.939+0530][gc,marking    ] GC(5) Concurrent Rebuild Remembered Sets
[2021-07-09T16:19:15.943+0530][gc,marking    ] GC(5) Concurrent Rebuild Remembered Sets 3.815ms
[2021-07-09T16:19:15.943+0530][gc,start      ] GC(5) Pause Cleanup
[2021-07-09T16:19:15.943+0530][gc            ] GC(5) Pause Cleanup 158M->158M(1024M) 0.289ms
[2021-07-09T16:19:15.943+0530][gc,cpu        ] GC(5) User=0.01s Sys=0.00s Real=0.00s
[2021-07-09T16:19:15.943+0530][gc,marking    ] GC(5) Concurrent Cleanup for Next Mark
[2021-07-09T16:19:15.948+0530][gc,marking    ] GC(5) Concurrent Cleanup for Next Mark 4.975ms
[2021-07-09T16:19:15.948+0530][gc            ] GC(5) Concurrent Cycle 20.117ms
[2021-07-09T16:19:16.524+0530][gc,start      ] GC(6) Pause Young (Normal) (G1 Evacuation Pause)
[2021-07-09T16:19:16.524+0530][gc,task       ] GC(6) Using 8 workers of 8 for evacuation
[2021-07-09T16:19:16.528+0530][gc,phases     ] GC(6)   Pre Evacuate Collection Set: 0.0ms
[2021-07-09T16:19:16.528+0530][gc,phases     ] GC(6)   Evacuate Collection Set: 3.5ms
[2021-07-09T16:19:16.528+0530][gc,phases     ] GC(6)   Post Evacuate Collection Set: 0.4ms
[2021-07-09T16:19:16.528+0530][gc,phases     ] GC(6)   Other: 0.2ms
[2021-07-09T16:19:16.528+0530][gc,heap       ] GC(6) Eden regions: 47->0(46)
[2021-07-09T16:19:16.528+0530][gc,heap       ] GC(6) Survivor regions: 4->5(7)
[2021-07-09T16:19:16.528+0530][gc,heap       ] GC(6) Old regions: 10->10
[2021-07-09T16:19:16.528+0530][gc,heap       ] GC(6) Humongous regions: 146->146
[2021-07-09T16:19:16.528+0530][gc,metaspace  ] GC(6) Metaspace: 37045K->37045K(1083392K)
[2021-07-09T16:19:16.528+0530][gc            ] GC(6) Pause Young (Normal) (G1 Evacuation Pause) 204M->159M(1024M) 4.266ms
[2021-07-09T16:19:16.528+0530][gc,cpu        ] GC(6) User=0.03s Sys=0.00s Real=0.00s
[2021-07-09T16:19:16.952+0530][gc,start      ] GC(7) Pause Young (Normal) (G1 Evacuation Pause)
[2021-07-09T16:19:16.952+0530][gc,task       ] GC(7) Using 8 workers of 8 for evacuation
[2021-07-09T16:19:16.957+0530][gc,phases     ] GC(7)   Pre Evacuate Collection Set: 0.1ms
[2021-07-09T16:19:16.957+0530][gc,phases     ] GC(7)   Evacuate Collection Set: 4.4ms
[2021-07-09T16:19:16.957+0530][gc,phases     ] GC(7)   Post Evacuate Collection Set: 0.4ms
[2021-07-09T16:19:16.957+0530][gc,phases     ] GC(7)   Other: 0.2ms
[2021-07-09T16:19:16.957+0530][gc,heap       ] GC(7) Eden regions: 46->0(48)
[2021-07-09T16:19:16.957+0530][gc,heap       ] GC(7) Survivor regions: 5->3(7)
[2021-07-09T16:19:16.957+0530][gc,heap       ] GC(7) Old regions: 10->13
[2021-07-09T16:19:16.957+0530][gc,heap       ] GC(7) Humongous regions: 146->146
[2021-07-09T16:19:16.957+0530][gc,metaspace  ] GC(7) Metaspace: 37127K->37127K(1083392K)
[2021-07-09T16:19:16.957+0530][gc            ] GC(7) Pause Young (Normal) (G1 Evacuation Pause) 205M->159M(1024M) 5.101ms
[2021-07-09T16:19:16.957+0530][gc,cpu        ] GC(7) User=0.03s Sys=0.00s Real=0.00s
[2021-07-09T16:19:17.829+0530][gc,start      ] GC(8) Pause Young (Normal) (G1 Evacuation Pause)
[2021-07-09T16:19:17.829+0530][gc,task       ] GC(8) Using 8 workers of 8 for evacuation
[2021-07-09T16:19:17.834+0530][gc,phases     ] GC(8)   Pre Evacuate Collection Set: 0.0ms
[2021-07-09T16:19:17.834+0530][gc,phases     ] GC(8)   Evacuate Collection Set: 4.8ms
[2021-07-09T16:19:17.834+0530][gc,phases     ] GC(8)   Post Evacuate Collection Set: 0.3ms
[2021-07-09T16:19:17.834+0530][gc,phases     ] GC(8)   Other: 0.2ms
[2021-07-09T16:19:17.835+0530][gc,heap       ] GC(8) Eden regions: 48->0(47)
[2021-07-09T16:19:17.835+0530][gc,heap       ] GC(8) Survivor regions: 3->4(7)
[2021-07-09T16:19:17.835+0530][gc,heap       ] GC(8) Old regions: 13->13
[2021-07-09T16:19:17.835+0530][gc,heap       ] GC(8) Humongous regions: 146->146
[2021-07-09T16:19:17.835+0530][gc,metaspace  ] GC(8) Metaspace: 40406K->40406K(1085440K)
[2021-07-09T16:19:17.835+0530][gc            ] GC(8) Pause Young (Normal) (G1 Evacuation Pause) 207M->160M(1024M) 5.492ms
[2021-07-09T16:19:17.835+0530][gc,cpu        ] GC(8) User=0.04s Sys=0.00s Real=0.01s
[2021-07-09T16:19:18.408+0530][gc,start      ] GC(9) Pause Young (Normal) (G1 Evacuation Pause)
[2021-07-09T16:19:18.408+0530][gc,task       ] GC(9) Using 8 workers of 8 for evacuation
[2021-07-09T16:19:18.413+0530][gc,phases     ] GC(9)   Pre Evacuate Collection Set: 0.0ms
[2021-07-09T16:19:18.413+0530][gc,phases     ] GC(9)   Evacuate Collection Set: 3.7ms
[2021-07-09T16:19:18.413+0530][gc,phases     ] GC(9)   Post Evacuate Collection Set: 0.4ms
[2021-07-09T16:19:18.413+0530][gc,phases     ] GC(9)   Other: 0.2ms
[2021-07-09T16:19:18.413+0530][gc,heap       ] GC(9) Eden regions: 47->0(46)
[2021-07-09T16:19:18.413+0530][gc,heap       ] GC(9) Survivor regions: 4->5(7)
[2021-07-09T16:19:18.413+0530][gc,heap       ] GC(9) Old regions: 13->13
[2021-07-09T16:19:18.413+0530][gc,heap       ] GC(9) Humongous regions: 146->146
[2021-07-09T16:19:18.413+0530][gc,metaspace  ] GC(9) Metaspace: 42457K->42457K(1087488K)
[2021-07-09T16:19:18.413+0530][gc            ] GC(9) Pause Young (Normal) (G1 Evacuation Pause) 207M->161M(1024M) 4.370ms
[2021-07-09T16:19:18.413+0530][gc,cpu        ] GC(9) User=0.03s Sys=0.00s Real=0.01s
[2021-07-09T16:19:19.293+0530][gc,start      ] GC(10) Pause Young (Normal) (G1 Evacuation Pause)
[2021-07-09T16:19:19.293+0530][gc,task       ] GC(10) Using 8 workers of 8 for evacuation
[2021-07-09T16:19:19.300+0530][gc,phases     ] GC(10)   Pre Evacuate Collection Set: 0.1ms
[2021-07-09T16:19:19.300+0530][gc,phases     ] GC(10)   Evacuate Collection Set: 6.5ms
[2021-07-09T16:19:19.300+0530][gc,phases     ] GC(10)   Post Evacuate Collection Set: 0.5ms
[2021-07-09T16:19:19.300+0530][gc,phases     ] GC(10)   Other: 0.3ms
[2021-07-09T16:19:19.300+0530][gc,heap       ] GC(10) Eden regions: 46->0(52)
[2021-07-09T16:19:19.300+0530][gc,heap       ] GC(10) Survivor regions: 5->5(7)
[2021-07-09T16:19:19.300+0530][gc,heap       ] GC(10) Old regions: 13->15
[2021-07-09T16:19:19.300+0530][gc,heap       ] GC(10) Humongous regions: 163->163
[2021-07-09T16:19:19.300+0530][gc,metaspace  ] GC(10) Metaspace: 44756K->44756K(1089536K)
[2021-07-09T16:19:19.300+0530][gc            ] GC(10) Pause Young (Normal) (G1 Evacuation Pause) 224M->180M(1024M) 7.544ms
[2021-07-09T16:19:19.300+0530][gc,cpu        ] GC(10) User=0.05s Sys=0.01s Real=0.01s
[2021-07-09T16:19:21.329+0530][gc,start      ] GC(11) Pause Young (Normal) (G1 Evacuation Pause)
[2021-07-09T16:19:21.330+0530][gc,task       ] GC(11) Using 8 workers of 8 for evacuation
[2021-07-09T16:19:21.340+0530][gc,phases     ] GC(11)   Pre Evacuate Collection Set: 0.1ms
[2021-07-09T16:19:21.340+0530][gc,phases     ] GC(11)   Evacuate Collection Set: 8.6ms
[2021-07-09T16:19:21.340+0530][gc,phases     ] GC(11)   Post Evacuate Collection Set: 1.1ms
[2021-07-09T16:19:21.340+0530][gc,phases     ] GC(11)   Other: 0.5ms
[2021-07-09T16:19:21.340+0530][gc,heap       ] GC(11) Eden regions: 52->0(67)
[2021-07-09T16:19:21.340+0530][gc,heap       ] GC(11) Survivor regions: 5->5(8)
[2021-07-09T16:19:21.340+0530][gc,heap       ] GC(11) Old regions: 15->15
[2021-07-09T16:19:21.340+0530][gc,heap       ] GC(11) Humongous regions: 163->163
[2021-07-09T16:19:21.340+0530][gc,metaspace  ] GC(11) Metaspace: 45119K->45119K(1089536K)
[2021-07-09T16:19:21.340+0530][gc            ] GC(11) Pause Young (Normal) (G1 Evacuation Pause) 232M->180M(1024M) 10.619ms
[2021-07-09T16:19:21.340+0530][gc,cpu        ] GC(11) User=0.07s Sys=0.00s Real=0.01s
[2021-07-09T16:19:24.032+0530][gc,start      ] GC(12) Pause Young (Normal) (G1 Evacuation Pause)
[2021-07-09T16:19:24.032+0530][gc,task       ] GC(12) Using 8 workers of 8 for evacuation
[2021-07-09T16:19:24.043+0530][gc,phases     ] GC(12)   Pre Evacuate Collection Set: 0.1ms
[2021-07-09T16:19:24.043+0530][gc,phases     ] GC(12)   Evacuate Collection Set: 9.2ms
[2021-07-09T16:19:24.043+0530][gc,phases     ] GC(12)   Post Evacuate Collection Set: 1.2ms
[2021-07-09T16:19:24.043+0530][gc,phases     ] GC(12)   Other: 0.6ms
[2021-07-09T16:19:24.043+0530][gc,heap       ] GC(12) Eden regions: 67->0(78)
[2021-07-09T16:19:24.043+0530][gc,heap       ] GC(12) Survivor regions: 5->5(9)
[2021-07-09T16:19:24.043+0530][gc,heap       ] GC(12) Old regions: 15->15
[2021-07-09T16:19:24.043+0530][gc,heap       ] GC(12) Humongous regions: 163->163
[2021-07-09T16:19:24.043+0530][gc,metaspace  ] GC(12) Metaspace: 45354K->45354K(1089536K)
[2021-07-09T16:19:24.043+0530][gc            ] GC(12) Pause Young (Normal) (G1 Evacuation Pause) 247M->180M(1024M) 11.373ms
[2021-07-09T16:19:24.043+0530][gc,cpu        ] GC(12) User=0.06s Sys=0.01s Real=0.01s
[2021-07-09T16:19:27.101+0530][gc,start      ] GC(13) Pause Young (Normal) (G1 Evacuation Pause)
[2021-07-09T16:19:27.101+0530][gc,task       ] GC(13) Using 8 workers of 8 for evacuation
[2021-07-09T16:19:27.104+0530][gc,phases     ] GC(13)   Pre Evacuate Collection Set: 0.1ms
[2021-07-09T16:19:27.104+0530][gc,phases     ] GC(13)   Evacuate Collection Set: 2.9ms
[2021-07-09T16:19:27.104+0530][gc,phases     ] GC(13)   Post Evacuate Collection Set: 0.4ms
[2021-07-09T16:19:27.104+0530][gc,phases     ] GC(13)   Other: 0.3ms
[2021-07-09T16:19:27.104+0530][gc,heap       ] GC(13) Eden regions: 78->0(118)
[2021-07-09T16:19:27.104+0530][gc,heap       ] GC(13) Survivor regions: 5->5(11)
[2021-07-09T16:19:27.104+0530][gc,heap       ] GC(13) Old regions: 15->15
[2021-07-09T16:19:27.104+0530][gc,heap       ] GC(13) Humongous regions: 163->163
[2021-07-09T16:19:27.104+0530][gc,metaspace  ] GC(13) Metaspace: 45578K->45578K(1091584K)
[2021-07-09T16:19:27.104+0530][gc            ] GC(13) Pause Young (Normal) (G1 Evacuation Pause) 258M->180M(1024M) 3.750ms
[2021-07-09T16:19:27.104+0530][gc,cpu        ] GC(13) User=0.02s Sys=0.00s Real=0.00s
[2021-07-09T16:19:31.620+0530][gc,heap,exit  ] Heap
[2021-07-09T16:19:31.620+0530][gc,heap,exit  ]  garbage-first heap   total 1048576K, used 259344K [0x00000000c0000000, 0x0000000100000000)
[2021-07-09T16:19:31.620+0530][gc,heap,exit  ]   region size 1024K, 79 young (80896K), 5 survivors (5120K)
[2021-07-09T16:19:31.620+0530][gc,heap,exit  ]  Metaspace       used 46727K, capacity 48541K, committed 48768K, reserved 1091584K
[2021-07-09T16:19:31.620+0530][gc,heap,exit  ]   class space    used 5699K, capacity 6512K, committed 6528K, reserved 1048576K
