[2021-07-09T17:15:10.684+0530][gc,heap] Heap region size: 1M
[2021-07-09T17:15:10.694+0530][gc     ] Using G1
[2021-07-09T17:15:10.694+0530][gc,heap,coops] Heap address: 0x00000000c0000000, size: 1024 MB, Compressed Oops mode: 32-bit
[2021-07-09T17:15:10.694+0530][gc,cds       ] Mark closed archive regions in map: [0x00000000fff00000, 0x00000000fff6aff8]
[2021-07-09T17:15:10.695+0530][gc,cds       ] Mark open archive regions in map: [0x00000000ffe00000, 0x00000000ffe46ff8]
[2021-07-09T17:15:11.597+0530][gc,start     ] GC(0) Pause Young (Normal) (G1 Evacuation Pause)
[2021-07-09T17:15:11.598+0530][gc,task      ] GC(0) Using 8 workers of 8 for evacuation
[2021-07-09T17:15:11.612+0530][gc,phases    ] GC(0)   Pre Evacuate Collection Set: 0.0ms
[2021-07-09T17:15:11.612+0530][gc,phases    ] GC(0)   Evacuate Collection Set: 12.8ms
[2021-07-09T17:15:11.612+0530][gc,phases    ] GC(0)   Post Evacuate Collection Set: 0.4ms
[2021-07-09T17:15:11.612+0530][gc,phases    ] GC(0)   Other: 1.3ms
[2021-07-09T17:15:11.612+0530][gc,heap      ] GC(0) Eden regions: 51->0(44)
[2021-07-09T17:15:11.612+0530][gc,heap      ] GC(0) Survivor regions: 0->7(7)
[2021-07-09T17:15:11.612+0530][gc,heap      ] GC(0) Old regions: 2->2
[2021-07-09T17:15:11.612+0530][gc,heap      ] GC(0) Humongous regions: 0->0
[2021-07-09T17:15:11.612+0530][gc,metaspace ] GC(0) Metaspace: 15172K->15172K(1062912K)
[2021-07-09T17:15:11.612+0530][gc           ] GC(0) Pause Young (Normal) (G1 Evacuation Pause) 51M->7M(1024M) 14.733ms
[2021-07-09T17:15:11.612+0530][gc,cpu       ] GC(0) User=0.06s Sys=0.01s Real=0.01s
[2021-07-09T17:15:12.048+0530][gc,start     ] GC(1) Pause Young (Concurrent Start) (Metadata GC Threshold)
[2021-07-09T17:15:12.048+0530][gc,task      ] GC(1) Using 8 workers of 8 for evacuation
[2021-07-09T17:15:12.059+0530][gc,phases    ] GC(1)   Pre Evacuate Collection Set: 0.1ms
[2021-07-09T17:15:12.059+0530][gc,phases    ] GC(1)   Evacuate Collection Set: 9.8ms
[2021-07-09T17:15:12.059+0530][gc,phases    ] GC(1)   Post Evacuate Collection Set: 0.3ms
[2021-07-09T17:15:12.059+0530][gc,phases    ] GC(1)   Other: 0.3ms
[2021-07-09T17:15:12.059+0530][gc,heap      ] GC(1) Eden regions: 31->0(49)
[2021-07-09T17:15:12.059+0530][gc,heap      ] GC(1) Survivor regions: 7->2(7)
[2021-07-09T17:15:12.059+0530][gc,heap      ] GC(1) Old regions: 2->9
[2021-07-09T17:15:12.059+0530][gc,heap      ] GC(1) Humongous regions: 0->0
[2021-07-09T17:15:12.059+0530][gc,metaspace ] GC(1) Metaspace: 20426K->20426K(1067008K)
[2021-07-09T17:15:12.059+0530][gc           ] GC(1) Pause Young (Concurrent Start) (Metadata GC Threshold) 37M->9M(1024M) 10.575ms
[2021-07-09T17:15:12.059+0530][gc,cpu       ] GC(1) User=0.07s Sys=0.00s Real=0.02s
[2021-07-09T17:15:12.059+0530][gc           ] GC(2) Concurrent Cycle
[2021-07-09T17:15:12.059+0530][gc,marking   ] GC(2) Concurrent Clear Claimed Marks
[2021-07-09T17:15:12.059+0530][gc,marking   ] GC(2) Concurrent Clear Claimed Marks 0.051ms
[2021-07-09T17:15:12.059+0530][gc,marking   ] GC(2) Concurrent Scan Root Regions
[2021-07-09T17:15:12.062+0530][gc,marking   ] GC(2) Concurrent Scan Root Regions 3.073ms
[2021-07-09T17:15:12.062+0530][gc,marking   ] GC(2) Concurrent Mark (1.382s)
[2021-07-09T17:15:12.062+0530][gc,marking   ] GC(2) Concurrent Mark From Roots
[2021-07-09T17:15:12.062+0530][gc,task      ] GC(2) Using 2 workers of 2 for marking
[2021-07-09T17:15:12.070+0530][gc,marking   ] GC(2) Concurrent Mark From Roots 7.854ms
[2021-07-09T17:15:12.070+0530][gc,marking   ] GC(2) Concurrent Preclean
[2021-07-09T17:15:12.070+0530][gc,marking   ] GC(2) Concurrent Preclean 0.187ms
[2021-07-09T17:15:12.070+0530][gc,marking   ] GC(2) Concurrent Mark (1.382s, 1.390s) 8.125ms
[2021-07-09T17:15:12.070+0530][gc,start     ] GC(2) Pause Remark
[2021-07-09T17:15:12.073+0530][gc,stringtable] GC(2) Cleaned string and symbol table, strings: 7143 processed, 0 removed, symbols: 52139 processed, 41 removed
[2021-07-09T17:15:12.074+0530][gc            ] GC(2) Pause Remark 9M->9M(1024M) 3.178ms
[2021-07-09T17:15:12.074+0530][gc,cpu        ] GC(2) User=0.02s Sys=0.00s Real=0.00s
[2021-07-09T17:15:12.074+0530][gc,marking    ] GC(2) Concurrent Rebuild Remembered Sets
[2021-07-09T17:15:12.078+0530][gc,marking    ] GC(2) Concurrent Rebuild Remembered Sets 4.265ms
[2021-07-09T17:15:12.078+0530][gc,start      ] GC(2) Pause Cleanup
[2021-07-09T17:15:12.078+0530][gc            ] GC(2) Pause Cleanup 9M->9M(1024M) 0.295ms
[2021-07-09T17:15:12.078+0530][gc,cpu        ] GC(2) User=0.00s Sys=0.00s Real=0.00s
[2021-07-09T17:15:12.078+0530][gc,marking    ] GC(2) Concurrent Cleanup for Next Mark
[2021-07-09T17:15:12.084+0530][gc,marking    ] GC(2) Concurrent Cleanup for Next Mark 5.064ms
[2021-07-09T17:15:12.084+0530][gc            ] GC(2) Concurrent Cycle 24.642ms
[2021-07-09T17:15:14.317+0530][gc,start      ] GC(3) Pause Young (Normal) (G1 Evacuation Pause)
[2021-07-09T17:15:14.317+0530][gc,task       ] GC(3) Using 8 workers of 8 for evacuation
[2021-07-09T17:15:14.324+0530][gc,phases     ] GC(3)   Pre Evacuate Collection Set: 0.0ms
[2021-07-09T17:15:14.324+0530][gc,phases     ] GC(3)   Evacuate Collection Set: 4.7ms
[2021-07-09T17:15:14.324+0530][gc,phases     ] GC(3)   Post Evacuate Collection Set: 1.4ms
[2021-07-09T17:15:14.324+0530][gc,phases     ] GC(3)   Other: 0.2ms
[2021-07-09T17:15:14.324+0530][gc,heap       ] GC(3) Eden regions: 49->0(47)
[2021-07-09T17:15:14.324+0530][gc,heap       ] GC(3) Survivor regions: 2->4(7)
[2021-07-09T17:15:14.324+0530][gc,heap       ] GC(3) Old regions: 9->9
[2021-07-09T17:15:14.324+0530][gc,heap       ] GC(3) Humongous regions: 146->146
[2021-07-09T17:15:14.324+0530][gc,metaspace  ] GC(3) Metaspace: 31690K->31690K(1077248K)
[2021-07-09T17:15:14.324+0530][gc            ] GC(3) Pause Young (Normal) (G1 Evacuation Pause) 204M->157M(1024M) 6.436ms
[2021-07-09T17:15:14.324+0530][gc,cpu        ] GC(3) User=0.04s Sys=0.00s Real=0.00s
[2021-07-09T17:15:14.432+0530][gc,start      ] GC(4) Pause Young (Concurrent Start) (Metadata GC Threshold)
[2021-07-09T17:15:14.432+0530][gc,task       ] GC(4) Using 8 workers of 8 for evacuation
[2021-07-09T17:15:14.437+0530][gc,phases     ] GC(4)   Pre Evacuate Collection Set: 0.1ms
[2021-07-09T17:15:14.437+0530][gc,phases     ] GC(4)   Evacuate Collection Set: 4.5ms
[2021-07-09T17:15:14.437+0530][gc,phases     ] GC(4)   Post Evacuate Collection Set: 0.3ms
[2021-07-09T17:15:14.437+0530][gc,phases     ] GC(4)   Other: 0.3ms
[2021-07-09T17:15:14.437+0530][gc,heap       ] GC(4) Eden regions: 12->0(47)
[2021-07-09T17:15:14.437+0530][gc,heap       ] GC(4) Survivor regions: 4->4(7)
[2021-07-09T17:15:14.437+0530][gc,heap       ] GC(4) Old regions: 9->10
[2021-07-09T17:15:14.437+0530][gc,heap       ] GC(4) Humongous regions: 146->146
[2021-07-09T17:15:14.437+0530][gc,metaspace  ] GC(4) Metaspace: 34475K->34475K(1081344K)
[2021-07-09T17:15:14.437+0530][gc            ] GC(4) Pause Young (Concurrent Start) (Metadata GC Threshold) 169M->157M(1024M) 5.192ms
[2021-07-09T17:15:14.437+0530][gc,cpu        ] GC(4) User=0.02s Sys=0.01s Real=0.01s
[2021-07-09T17:15:14.437+0530][gc            ] GC(5) Concurrent Cycle
[2021-07-09T17:15:14.437+0530][gc,marking    ] GC(5) Concurrent Clear Claimed Marks
[2021-07-09T17:15:14.437+0530][gc,marking    ] GC(5) Concurrent Clear Claimed Marks 0.037ms
[2021-07-09T17:15:14.437+0530][gc,marking    ] GC(5) Concurrent Scan Root Regions
[2021-07-09T17:15:14.439+0530][gc,marking    ] GC(5) Concurrent Scan Root Regions 1.513ms
[2021-07-09T17:15:14.439+0530][gc,marking    ] GC(5) Concurrent Mark (3.758s)
[2021-07-09T17:15:14.439+0530][gc,marking    ] GC(5) Concurrent Mark From Roots
[2021-07-09T17:15:14.439+0530][gc,task       ] GC(5) Using 2 workers of 2 for marking
[2021-07-09T17:15:14.446+0530][gc,marking    ] GC(5) Concurrent Mark From Roots 7.052ms
[2021-07-09T17:15:14.446+0530][gc,marking    ] GC(5) Concurrent Preclean
[2021-07-09T17:15:14.446+0530][gc,marking    ] GC(5) Concurrent Preclean 0.128ms
[2021-07-09T17:15:14.446+0530][gc,marking    ] GC(5) Concurrent Mark (3.758s, 3.766s) 7.229ms
[2021-07-09T17:15:14.446+0530][gc,start      ] GC(5) Pause Remark
[2021-07-09T17:15:14.449+0530][gc,stringtable] GC(5) Cleaned string and symbol table, strings: 10528 processed, 12 removed, symbols: 83794 processed, 25 removed
[2021-07-09T17:15:14.449+0530][gc            ] GC(5) Pause Remark 158M->158M(1024M) 2.896ms
[2021-07-09T17:15:14.449+0530][gc,cpu        ] GC(5) User=0.01s Sys=0.00s Real=0.00s
[2021-07-09T17:15:14.449+0530][gc,marking    ] GC(5) Concurrent Rebuild Remembered Sets
[2021-07-09T17:15:14.453+0530][gc,marking    ] GC(5) Concurrent Rebuild Remembered Sets 4.134ms
[2021-07-09T17:15:14.454+0530][gc,start      ] GC(5) Pause Cleanup
[2021-07-09T17:15:14.454+0530][gc            ] GC(5) Pause Cleanup 159M->159M(1024M) 0.220ms
[2021-07-09T17:15:14.454+0530][gc,cpu        ] GC(5) User=0.00s Sys=0.00s Real=0.00s
[2021-07-09T17:15:14.454+0530][gc,marking    ] GC(5) Concurrent Cleanup for Next Mark
[2021-07-09T17:15:14.458+0530][gc,marking    ] GC(5) Concurrent Cleanup for Next Mark 4.306ms
[2021-07-09T17:15:14.458+0530][gc            ] GC(5) Concurrent Cycle 20.970ms
[2021-07-09T17:15:15.061+0530][gc,start      ] GC(6) Pause Young (Normal) (G1 Evacuation Pause)
[2021-07-09T17:15:15.061+0530][gc,task       ] GC(6) Using 8 workers of 8 for evacuation
[2021-07-09T17:15:15.066+0530][gc,phases     ] GC(6)   Pre Evacuate Collection Set: 0.1ms
[2021-07-09T17:15:15.066+0530][gc,phases     ] GC(6)   Evacuate Collection Set: 5.0ms
[2021-07-09T17:15:15.067+0530][gc,phases     ] GC(6)   Post Evacuate Collection Set: 0.4ms
[2021-07-09T17:15:15.067+0530][gc,phases     ] GC(6)   Other: 0.2ms
[2021-07-09T17:15:15.067+0530][gc,heap       ] GC(6) Eden regions: 47->0(46)
[2021-07-09T17:15:15.067+0530][gc,heap       ] GC(6) Survivor regions: 4->5(7)
[2021-07-09T17:15:15.067+0530][gc,heap       ] GC(6) Old regions: 10->10
[2021-07-09T17:15:15.067+0530][gc,heap       ] GC(6) Humongous regions: 146->146
[2021-07-09T17:15:15.067+0530][gc,metaspace  ] GC(6) Metaspace: 37108K->37108K(1083392K)
[2021-07-09T17:15:15.067+0530][gc            ] GC(6) Pause Young (Normal) (G1 Evacuation Pause) 204M->159M(1024M) 5.785ms
[2021-07-09T17:15:15.067+0530][gc,cpu        ] GC(6) User=0.04s Sys=0.00s Real=0.00s
[2021-07-09T17:15:15.444+0530][gc,start      ] GC(7) Pause Young (Normal) (G1 Evacuation Pause)
[2021-07-09T17:15:15.444+0530][gc,task       ] GC(7) Using 8 workers of 8 for evacuation
[2021-07-09T17:15:15.448+0530][gc,phases     ] GC(7)   Pre Evacuate Collection Set: 0.1ms
[2021-07-09T17:15:15.448+0530][gc,phases     ] GC(7)   Evacuate Collection Set: 3.6ms
[2021-07-09T17:15:15.448+0530][gc,phases     ] GC(7)   Post Evacuate Collection Set: 0.3ms
[2021-07-09T17:15:15.448+0530][gc,phases     ] GC(7)   Other: 0.2ms
[2021-07-09T17:15:15.448+0530][gc,heap       ] GC(7) Eden regions: 46->0(48)
[2021-07-09T17:15:15.448+0530][gc,heap       ] GC(7) Survivor regions: 5->3(7)
[2021-07-09T17:15:15.448+0530][gc,heap       ] GC(7) Old regions: 10->13
[2021-07-09T17:15:15.448+0530][gc,heap       ] GC(7) Humongous regions: 146->146
[2021-07-09T17:15:15.448+0530][gc,metaspace  ] GC(7) Metaspace: 37190K->37190K(1083392K)
[2021-07-09T17:15:15.448+0530][gc            ] GC(7) Pause Young (Normal) (G1 Evacuation Pause) 205M->159M(1024M) 4.318ms
[2021-07-09T17:15:15.448+0530][gc,cpu        ] GC(7) User=0.02s Sys=0.01s Real=0.00s
[2021-07-09T17:15:15.937+0530][gc,start      ] GC(8) Pause Young (Normal) (GCLocker Initiated GC)
[2021-07-09T17:15:15.937+0530][gc,task       ] GC(8) Using 8 workers of 8 for evacuation
[2021-07-09T17:15:15.942+0530][gc,phases     ] GC(8)   Pre Evacuate Collection Set: 0.1ms
[2021-07-09T17:15:15.942+0530][gc,phases     ] GC(8)   Evacuate Collection Set: 4.0ms
[2021-07-09T17:15:15.942+0530][gc,phases     ] GC(8)   Post Evacuate Collection Set: 0.4ms
[2021-07-09T17:15:15.942+0530][gc,phases     ] GC(8)   Other: 0.2ms
[2021-07-09T17:15:15.942+0530][gc,heap       ] GC(8) Eden regions: 48->0(47)
[2021-07-09T17:15:15.942+0530][gc,heap       ] GC(8) Survivor regions: 3->4(7)
[2021-07-09T17:15:15.942+0530][gc,heap       ] GC(8) Old regions: 13->13
[2021-07-09T17:15:15.942+0530][gc,heap       ] GC(8) Humongous regions: 146->146
[2021-07-09T17:15:15.942+0530][gc,metaspace  ] GC(8) Metaspace: 40175K->40175K(1085440K)
[2021-07-09T17:15:15.942+0530][gc            ] GC(8) Pause Young (Normal) (GCLocker Initiated GC) 207M->160M(1024M) 4.912ms
[2021-07-09T17:15:15.942+0530][gc,cpu        ] GC(8) User=0.03s Sys=0.00s Real=0.01s
[2021-07-09T17:15:16.264+0530][gc,start      ] GC(9) Pause Young (Normal) (G1 Evacuation Pause)
[2021-07-09T17:15:16.264+0530][gc,task       ] GC(9) Using 8 workers of 8 for evacuation
[2021-07-09T17:15:16.269+0530][gc,phases     ] GC(9)   Pre Evacuate Collection Set: 0.0ms
[2021-07-09T17:15:16.269+0530][gc,phases     ] GC(9)   Evacuate Collection Set: 4.1ms
[2021-07-09T17:15:16.269+0530][gc,phases     ] GC(9)   Post Evacuate Collection Set: 0.4ms
[2021-07-09T17:15:16.269+0530][gc,phases     ] GC(9)   Other: 0.2ms
[2021-07-09T17:15:16.269+0530][gc,heap       ] GC(9) Eden regions: 47->0(47)
[2021-07-09T17:15:16.269+0530][gc,heap       ] GC(9) Survivor regions: 4->4(7)
[2021-07-09T17:15:16.269+0530][gc,heap       ] GC(9) Old regions: 13->13
[2021-07-09T17:15:16.269+0530][gc,heap       ] GC(9) Humongous regions: 146->146
[2021-07-09T17:15:16.269+0530][gc,metaspace  ] GC(9) Metaspace: 42266K->42266K(1087488K)
[2021-07-09T17:15:16.269+0530][gc            ] GC(9) Pause Young (Normal) (G1 Evacuation Pause) 207M->161M(1024M) 4.729ms
[2021-07-09T17:15:16.269+0530][gc,cpu        ] GC(9) User=0.02s Sys=0.00s Real=0.00s
[2021-07-09T17:15:17.154+0530][gc,start      ] GC(10) Pause Young (Normal) (G1 Evacuation Pause)
[2021-07-09T17:15:17.154+0530][gc,task       ] GC(10) Using 8 workers of 8 for evacuation
[2021-07-09T17:15:17.160+0530][gc,phases     ] GC(10)   Pre Evacuate Collection Set: 0.1ms
[2021-07-09T17:15:17.160+0530][gc,phases     ] GC(10)   Evacuate Collection Set: 5.1ms
[2021-07-09T17:15:17.160+0530][gc,phases     ] GC(10)   Post Evacuate Collection Set: 0.5ms
[2021-07-09T17:15:17.160+0530][gc,phases     ] GC(10)   Other: 0.3ms
[2021-07-09T17:15:17.160+0530][gc,heap       ] GC(10) Eden regions: 47->0(50)
[2021-07-09T17:15:17.160+0530][gc,heap       ] GC(10) Survivor regions: 4->4(7)
[2021-07-09T17:15:17.160+0530][gc,heap       ] GC(10) Old regions: 13->15
[2021-07-09T17:15:17.160+0530][gc,heap       ] GC(10) Humongous regions: 163->163
[2021-07-09T17:15:17.160+0530][gc,metaspace  ] GC(10) Metaspace: 44773K->44773K(1089536K)
[2021-07-09T17:15:17.160+0530][gc            ] GC(10) Pause Young (Normal) (G1 Evacuation Pause) 225M->180M(1024M) 6.133ms
[2021-07-09T17:15:17.160+0530][gc,cpu        ] GC(10) User=0.04s Sys=0.00s Real=0.01s
[2021-07-09T17:18:57.235+0530][gc,heap,exit  ] Heap
[2021-07-09T17:18:57.235+0530][gc,heap,exit  ]  garbage-first heap   total 1048576K, used 231439K [0x00000000c0000000, 0x0000000100000000)
[2021-07-09T17:18:57.235+0530][gc,heap,exit  ]   region size 1024K, 51 young (52224K), 4 survivors (4096K)
[2021-07-09T17:18:57.235+0530][gc,heap,exit  ]  Metaspace       used 47287K, capacity 49166K, committed 49280K, reserved 1091584K
[2021-07-09T17:18:57.235+0530][gc,heap,exit  ]   class space    used 5866K, capacity 6736K, committed 6784K, reserved 1048576K
