[2021-07-09T17:19:20.849+0530][gc,heap] Heap region size: 1M
[2021-07-09T17:19:20.864+0530][gc     ] Using G1
[2021-07-09T17:19:20.864+0530][gc,heap,coops] Heap address: 0x00000000c0000000, size: 1024 MB, Compressed Oops mode: 32-bit
[2021-07-09T17:19:20.865+0530][gc,cds       ] Mark closed archive regions in map: [0x00000000fff00000, 0x00000000fff6aff8]
[2021-07-09T17:19:20.865+0530][gc,cds       ] Mark open archive regions in map: [0x00000000ffe00000, 0x00000000ffe46ff8]
[2021-07-09T17:19:21.746+0530][gc,start     ] GC(0) Pause Young (Normal) (G1 Evacuation Pause)
[2021-07-09T17:19:21.747+0530][gc,task      ] GC(0) Using 8 workers of 8 for evacuation
[2021-07-09T17:19:21.759+0530][gc,phases    ] GC(0)   Pre Evacuate Collection Set: 0.0ms
[2021-07-09T17:19:21.759+0530][gc,phases    ] GC(0)   Evacuate Collection Set: 11.2ms
[2021-07-09T17:19:21.759+0530][gc,phases    ] GC(0)   Post Evacuate Collection Set: 0.5ms
[2021-07-09T17:19:21.759+0530][gc,phases    ] GC(0)   Other: 0.9ms
[2021-07-09T17:19:21.759+0530][gc,heap      ] GC(0) Eden regions: 51->0(44)
[2021-07-09T17:19:21.759+0530][gc,heap      ] GC(0) Survivor regions: 0->7(7)
[2021-07-09T17:19:21.759+0530][gc,heap      ] GC(0) Old regions: 2->2
[2021-07-09T17:19:21.759+0530][gc,heap      ] GC(0) Humongous regions: 0->0
[2021-07-09T17:19:21.759+0530][gc,metaspace ] GC(0) Metaspace: 14973K->14973K(1062912K)
[2021-07-09T17:19:21.759+0530][gc           ] GC(0) Pause Young (Normal) (G1 Evacuation Pause) 51M->7M(1024M) 12.687ms
[2021-07-09T17:19:21.759+0530][gc,cpu       ] GC(0) User=0.07s Sys=0.01s Real=0.02s
[2021-07-09T17:19:22.167+0530][gc,start     ] GC(1) Pause Young (Concurrent Start) (Metadata GC Threshold)
[2021-07-09T17:19:22.167+0530][gc,task      ] GC(1) Using 8 workers of 8 for evacuation
[2021-07-09T17:19:22.177+0530][gc,phases    ] GC(1)   Pre Evacuate Collection Set: 0.1ms
[2021-07-09T17:19:22.177+0530][gc,phases    ] GC(1)   Evacuate Collection Set: 9.5ms
[2021-07-09T17:19:22.177+0530][gc,phases    ] GC(1)   Post Evacuate Collection Set: 0.4ms
[2021-07-09T17:19:22.177+0530][gc,phases    ] GC(1)   Other: 0.3ms
[2021-07-09T17:19:22.177+0530][gc,heap      ] GC(1) Eden regions: 33->0(49)
[2021-07-09T17:19:22.177+0530][gc,heap      ] GC(1) Survivor regions: 7->2(7)
[2021-07-09T17:19:22.177+0530][gc,heap      ] GC(1) Old regions: 2->9
[2021-07-09T17:19:22.177+0530][gc,heap      ] GC(1) Humongous regions: 0->0
[2021-07-09T17:19:22.177+0530][gc,metaspace ] GC(1) Metaspace: 20510K->20510K(1067008K)
[2021-07-09T17:19:22.177+0530][gc           ] GC(1) Pause Young (Concurrent Start) (Metadata GC Threshold) 39M->8M(1024M) 10.383ms
[2021-07-09T17:19:22.177+0530][gc,cpu       ] GC(1) User=0.07s Sys=0.00s Real=0.02s
[2021-07-09T17:19:22.177+0530][gc           ] GC(2) Concurrent Cycle
[2021-07-09T17:19:22.177+0530][gc,marking   ] GC(2) Concurrent Clear Claimed Marks
[2021-07-09T17:19:22.177+0530][gc,marking   ] GC(2) Concurrent Clear Claimed Marks 0.040ms
[2021-07-09T17:19:22.177+0530][gc,marking   ] GC(2) Concurrent Scan Root Regions
[2021-07-09T17:19:22.179+0530][gc,marking   ] GC(2) Concurrent Scan Root Regions 1.275ms
[2021-07-09T17:19:22.179+0530][gc,marking   ] GC(2) Concurrent Mark (1.335s)
[2021-07-09T17:19:22.179+0530][gc,marking   ] GC(2) Concurrent Mark From Roots
[2021-07-09T17:19:22.179+0530][gc,task      ] GC(2) Using 2 workers of 2 for marking
[2021-07-09T17:19:22.186+0530][gc,marking   ] GC(2) Concurrent Mark From Roots 7.181ms
[2021-07-09T17:19:22.186+0530][gc,marking   ] GC(2) Concurrent Preclean
[2021-07-09T17:19:22.186+0530][gc,marking   ] GC(2) Concurrent Preclean 0.183ms
[2021-07-09T17:19:22.186+0530][gc,marking   ] GC(2) Concurrent Mark (1.335s, 1.342s) 7.457ms
[2021-07-09T17:19:22.186+0530][gc,start     ] GC(2) Pause Remark
[2021-07-09T17:19:22.190+0530][gc,stringtable] GC(2) Cleaned string and symbol table, strings: 7253 processed, 0 removed, symbols: 52779 processed, 41 removed
[2021-07-09T17:19:22.190+0530][gc            ] GC(2) Pause Remark 9M->9M(1024M) 3.508ms
[2021-07-09T17:19:22.190+0530][gc,cpu        ] GC(2) User=0.01s Sys=0.00s Real=0.01s
[2021-07-09T17:19:22.190+0530][gc,marking    ] GC(2) Concurrent Rebuild Remembered Sets
[2021-07-09T17:19:22.194+0530][gc,marking    ] GC(2) Concurrent Rebuild Remembered Sets 4.528ms
[2021-07-09T17:19:22.197+0530][gc,start      ] GC(2) Pause Cleanup
[2021-07-09T17:19:22.197+0530][gc            ] GC(2) Pause Cleanup 9M->9M(1024M) 0.225ms
[2021-07-09T17:19:22.197+0530][gc,cpu        ] GC(2) User=0.01s Sys=0.00s Real=0.01s
[2021-07-09T17:19:22.197+0530][gc,marking    ] GC(2) Concurrent Cleanup for Next Mark
[2021-07-09T17:19:22.202+0530][gc,marking    ] GC(2) Concurrent Cleanup for Next Mark 4.572ms
[2021-07-09T17:19:22.202+0530][gc            ] GC(2) Concurrent Cycle 24.719ms
[2021-07-09T17:19:24.291+0530][gc,start      ] GC(3) Pause Young (Normal) (G1 Evacuation Pause)
[2021-07-09T17:19:24.291+0530][gc,task       ] GC(3) Using 8 workers of 8 for evacuation
[2021-07-09T17:19:24.297+0530][gc,phases     ] GC(3)   Pre Evacuate Collection Set: 0.0ms
[2021-07-09T17:19:24.297+0530][gc,phases     ] GC(3)   Evacuate Collection Set: 4.1ms
[2021-07-09T17:19:24.297+0530][gc,phases     ] GC(3)   Post Evacuate Collection Set: 1.4ms
[2021-07-09T17:19:24.297+0530][gc,phases     ] GC(3)   Other: 0.2ms
[2021-07-09T17:19:24.297+0530][gc,heap       ] GC(3) Eden regions: 49->0(47)
[2021-07-09T17:19:24.297+0530][gc,heap       ] GC(3) Survivor regions: 2->4(7)
[2021-07-09T17:19:24.297+0530][gc,heap       ] GC(3) Old regions: 9->9
[2021-07-09T17:19:24.297+0530][gc,heap       ] GC(3) Humongous regions: 146->146
[2021-07-09T17:19:24.297+0530][gc,metaspace  ] GC(3) Metaspace: 31688K->31688K(1077248K)
[2021-07-09T17:19:24.297+0530][gc            ] GC(3) Pause Young (Normal) (G1 Evacuation Pause) 203M->157M(1024M) 5.847ms
[2021-07-09T17:19:24.297+0530][gc,cpu        ] GC(3) User=0.04s Sys=0.00s Real=0.00s
[2021-07-09T17:19:24.405+0530][gc,start      ] GC(4) Pause Young (Concurrent Start) (Metadata GC Threshold)
[2021-07-09T17:19:24.405+0530][gc,task       ] GC(4) Using 8 workers of 8 for evacuation
[2021-07-09T17:19:24.411+0530][gc,phases     ] GC(4)   Pre Evacuate Collection Set: 0.1ms
[2021-07-09T17:19:24.411+0530][gc,phases     ] GC(4)   Evacuate Collection Set: 5.1ms
[2021-07-09T17:19:24.411+0530][gc,phases     ] GC(4)   Post Evacuate Collection Set: 0.2ms
[2021-07-09T17:19:24.411+0530][gc,phases     ] GC(4)   Other: 0.3ms
[2021-07-09T17:19:24.411+0530][gc,heap       ] GC(4) Eden regions: 12->0(48)
[2021-07-09T17:19:24.411+0530][gc,heap       ] GC(4) Survivor regions: 4->3(7)
[2021-07-09T17:19:24.411+0530][gc,heap       ] GC(4) Old regions: 9->10
[2021-07-09T17:19:24.411+0530][gc,heap       ] GC(4) Humongous regions: 146->146
[2021-07-09T17:19:24.411+0530][gc,metaspace  ] GC(4) Metaspace: 34478K->34478K(1081344K)
[2021-07-09T17:19:24.411+0530][gc            ] GC(4) Pause Young (Concurrent Start) (Metadata GC Threshold) 169M->157M(1024M) 5.777ms
[2021-07-09T17:19:24.411+0530][gc,cpu        ] GC(4) User=0.02s Sys=0.01s Real=0.01s
[2021-07-09T17:19:24.411+0530][gc            ] GC(5) Concurrent Cycle
[2021-07-09T17:19:24.411+0530][gc,marking    ] GC(5) Concurrent Clear Claimed Marks
[2021-07-09T17:19:24.411+0530][gc,marking    ] GC(5) Concurrent Clear Claimed Marks 0.050ms
[2021-07-09T17:19:24.411+0530][gc,marking    ] GC(5) Concurrent Scan Root Regions
[2021-07-09T17:19:24.412+0530][gc,marking    ] GC(5) Concurrent Scan Root Regions 1.158ms
[2021-07-09T17:19:24.412+0530][gc,marking    ] GC(5) Concurrent Mark (3.568s)
[2021-07-09T17:19:24.412+0530][gc,marking    ] GC(5) Concurrent Mark From Roots
[2021-07-09T17:19:24.412+0530][gc,task       ] GC(5) Using 2 workers of 2 for marking
[2021-07-09T17:19:24.418+0530][gc,marking    ] GC(5) Concurrent Mark From Roots 6.021ms
[2021-07-09T17:19:24.418+0530][gc,marking    ] GC(5) Concurrent Preclean
[2021-07-09T17:19:24.418+0530][gc,marking    ] GC(5) Concurrent Preclean 0.119ms
[2021-07-09T17:19:24.418+0530][gc,marking    ] GC(5) Concurrent Mark (3.568s, 3.574s) 6.195ms
[2021-07-09T17:19:24.419+0530][gc,start      ] GC(5) Pause Remark
[2021-07-09T17:19:24.422+0530][gc,stringtable] GC(5) Cleaned string and symbol table, strings: 10536 processed, 12 removed, symbols: 83827 processed, 25 removed
[2021-07-09T17:19:24.422+0530][gc            ] GC(5) Pause Remark 158M->158M(1024M) 3.588ms
[2021-07-09T17:19:24.422+0530][gc,cpu        ] GC(5) User=0.02s Sys=0.00s Real=0.00s
[2021-07-09T17:19:24.422+0530][gc,marking    ] GC(5) Concurrent Rebuild Remembered Sets
[2021-07-09T17:19:24.427+0530][gc,marking    ] GC(5) Concurrent Rebuild Remembered Sets 5.038ms
[2021-07-09T17:19:24.427+0530][gc,start      ] GC(5) Pause Cleanup
[2021-07-09T17:19:24.428+0530][gc            ] GC(5) Pause Cleanup 159M->159M(1024M) 0.175ms
[2021-07-09T17:19:24.428+0530][gc,cpu        ] GC(5) User=0.00s Sys=0.00s Real=0.00s
[2021-07-09T17:19:24.428+0530][gc,marking    ] GC(5) Concurrent Cleanup for Next Mark
[2021-07-09T17:19:24.432+0530][gc,marking    ] GC(5) Concurrent Cleanup for Next Mark 4.398ms
[2021-07-09T17:19:24.432+0530][gc            ] GC(5) Concurrent Cycle 21.066ms
[2021-07-09T17:19:25.023+0530][gc,start      ] GC(6) Pause Young (Normal) (G1 Evacuation Pause)
[2021-07-09T17:19:25.023+0530][gc,task       ] GC(6) Using 8 workers of 8 for evacuation
[2021-07-09T17:19:25.027+0530][gc,phases     ] GC(6)   Pre Evacuate Collection Set: 0.0ms
[2021-07-09T17:19:25.027+0530][gc,phases     ] GC(6)   Evacuate Collection Set: 4.1ms
[2021-07-09T17:19:25.027+0530][gc,phases     ] GC(6)   Post Evacuate Collection Set: 0.4ms
[2021-07-09T17:19:25.027+0530][gc,phases     ] GC(6)   Other: 0.2ms
[2021-07-09T17:19:25.027+0530][gc,heap       ] GC(6) Eden regions: 48->0(46)
[2021-07-09T17:19:25.027+0530][gc,heap       ] GC(6) Survivor regions: 3->5(7)
[2021-07-09T17:19:25.027+0530][gc,heap       ] GC(6) Old regions: 10->10
[2021-07-09T17:19:25.027+0530][gc,heap       ] GC(6) Humongous regions: 146->146
[2021-07-09T17:19:25.027+0530][gc,metaspace  ] GC(6) Metaspace: 37082K->37082K(1083392K)
[2021-07-09T17:19:25.027+0530][gc            ] GC(6) Pause Young (Normal) (G1 Evacuation Pause) 205M->159M(1024M) 4.745ms
[2021-07-09T17:19:25.027+0530][gc,cpu        ] GC(6) User=0.02s Sys=0.00s Real=0.00s
[2021-07-09T17:19:25.436+0530][gc,start      ] GC(7) Pause Young (Normal) (G1 Evacuation Pause)
[2021-07-09T17:19:25.436+0530][gc,task       ] GC(7) Using 8 workers of 8 for evacuation
[2021-07-09T17:19:25.441+0530][gc,phases     ] GC(7)   Pre Evacuate Collection Set: 0.1ms
[2021-07-09T17:19:25.441+0530][gc,phases     ] GC(7)   Evacuate Collection Set: 4.5ms
[2021-07-09T17:19:25.441+0530][gc,phases     ] GC(7)   Post Evacuate Collection Set: 0.4ms
[2021-07-09T17:19:25.441+0530][gc,phases     ] GC(7)   Other: 0.2ms
[2021-07-09T17:19:25.441+0530][gc,heap       ] GC(7) Eden regions: 46->0(48)
[2021-07-09T17:19:25.441+0530][gc,heap       ] GC(7) Survivor regions: 5->3(7)
[2021-07-09T17:19:25.441+0530][gc,heap       ] GC(7) Old regions: 10->13
[2021-07-09T17:19:25.441+0530][gc,heap       ] GC(7) Humongous regions: 146->146
[2021-07-09T17:19:25.441+0530][gc,metaspace  ] GC(7) Metaspace: 37158K->37158K(1083392K)
[2021-07-09T17:19:25.441+0530][gc            ] GC(7) Pause Young (Normal) (G1 Evacuation Pause) 205M->159M(1024M) 5.234ms
[2021-07-09T17:19:25.441+0530][gc,cpu        ] GC(7) User=0.03s Sys=0.00s Real=0.01s
[2021-07-09T17:19:25.920+0530][gc,start      ] GC(8) Pause Young (Normal) (GCLocker Initiated GC)
[2021-07-09T17:19:25.920+0530][gc,task       ] GC(8) Using 8 workers of 8 for evacuation
[2021-07-09T17:19:25.926+0530][gc,phases     ] GC(8)   Pre Evacuate Collection Set: 0.0ms
[2021-07-09T17:19:25.926+0530][gc,phases     ] GC(8)   Evacuate Collection Set: 5.4ms
[2021-07-09T17:19:25.926+0530][gc,phases     ] GC(8)   Post Evacuate Collection Set: 0.3ms
[2021-07-09T17:19:25.926+0530][gc,phases     ] GC(8)   Other: 0.2ms
[2021-07-09T17:19:25.926+0530][gc,heap       ] GC(8) Eden regions: 48->0(47)
[2021-07-09T17:19:25.926+0530][gc,heap       ] GC(8) Survivor regions: 3->4(7)
[2021-07-09T17:19:25.926+0530][gc,heap       ] GC(8) Old regions: 13->13
[2021-07-09T17:19:25.926+0530][gc,heap       ] GC(8) Humongous regions: 146->146
[2021-07-09T17:19:25.926+0530][gc,metaspace  ] GC(8) Metaspace: 40493K->40493K(1085440K)
[2021-07-09T17:19:25.926+0530][gc            ] GC(8) Pause Young (Normal) (GCLocker Initiated GC) 207M->160M(1024M) 6.080ms
[2021-07-09T17:19:25.926+0530][gc,cpu        ] GC(8) User=0.03s Sys=0.00s Real=0.00s
[2021-07-09T17:19:26.246+0530][gc,start      ] GC(9) Pause Young (Normal) (G1 Evacuation Pause)
[2021-07-09T17:19:26.246+0530][gc,task       ] GC(9) Using 8 workers of 8 for evacuation
[2021-07-09T17:19:26.253+0530][gc,phases     ] GC(9)   Pre Evacuate Collection Set: 0.1ms
[2021-07-09T17:19:26.253+0530][gc,phases     ] GC(9)   Evacuate Collection Set: 6.0ms
[2021-07-09T17:19:26.253+0530][gc,phases     ] GC(9)   Post Evacuate Collection Set: 0.5ms
[2021-07-09T17:19:26.253+0530][gc,phases     ] GC(9)   Other: 0.3ms
[2021-07-09T17:19:26.253+0530][gc,heap       ] GC(9) Eden regions: 47->0(47)
[2021-07-09T17:19:26.253+0530][gc,heap       ] GC(9) Survivor regions: 4->4(7)
[2021-07-09T17:19:26.253+0530][gc,heap       ] GC(9) Old regions: 13->13
[2021-07-09T17:19:26.253+0530][gc,heap       ] GC(9) Humongous regions: 146->146
[2021-07-09T17:19:26.253+0530][gc,metaspace  ] GC(9) Metaspace: 42363K->42363K(1087488K)
[2021-07-09T17:19:26.253+0530][gc            ] GC(9) Pause Young (Normal) (G1 Evacuation Pause) 207M->161M(1024M) 6.869ms
[2021-07-09T17:19:26.253+0530][gc,cpu        ] GC(9) User=0.03s Sys=0.01s Real=0.01s
[2021-07-09T17:19:27.165+0530][gc,start      ] GC(10) Pause Young (Normal) (G1 Evacuation Pause)
[2021-07-09T17:19:27.165+0530][gc,task       ] GC(10) Using 8 workers of 8 for evacuation
[2021-07-09T17:19:27.172+0530][gc,phases     ] GC(10)   Pre Evacuate Collection Set: 0.0ms
[2021-07-09T17:19:27.172+0530][gc,phases     ] GC(10)   Evacuate Collection Set: 6.2ms
[2021-07-09T17:19:27.172+0530][gc,phases     ] GC(10)   Post Evacuate Collection Set: 0.5ms
[2021-07-09T17:19:27.172+0530][gc,phases     ] GC(10)   Other: 0.2ms
[2021-07-09T17:19:27.172+0530][gc,heap       ] GC(10) Eden regions: 47->0(50)
[2021-07-09T17:19:27.172+0530][gc,heap       ] GC(10) Survivor regions: 4->5(7)
[2021-07-09T17:19:27.172+0530][gc,heap       ] GC(10) Old regions: 13->15
[2021-07-09T17:19:27.172+0530][gc,heap       ] GC(10) Humongous regions: 163->163
[2021-07-09T17:19:27.172+0530][gc,metaspace  ] GC(10) Metaspace: 44754K->44754K(1089536K)
[2021-07-09T17:19:27.172+0530][gc            ] GC(10) Pause Young (Normal) (G1 Evacuation Pause) 225M->180M(1024M) 7.047ms
[2021-07-09T17:19:27.172+0530][gc,cpu        ] GC(10) User=0.04s Sys=0.00s Real=0.01s
[2021-07-09T17:19:29.162+0530][gc,start      ] GC(11) Pause Young (Normal) (G1 Evacuation Pause)
[2021-07-09T17:19:29.162+0530][gc,task       ] GC(11) Using 8 workers of 8 for evacuation
[2021-07-09T17:19:29.175+0530][gc,phases     ] GC(11)   Pre Evacuate Collection Set: 0.0ms
[2021-07-09T17:19:29.175+0530][gc,phases     ] GC(11)   Evacuate Collection Set: 11.0ms
[2021-07-09T17:19:29.175+0530][gc,phases     ] GC(11)   Post Evacuate Collection Set: 1.1ms
[2021-07-09T17:19:29.175+0530][gc,phases     ] GC(11)   Other: 0.4ms
[2021-07-09T17:19:29.175+0530][gc,heap       ] GC(11) Eden regions: 50->0(53)
[2021-07-09T17:19:29.175+0530][gc,heap       ] GC(11) Survivor regions: 5->3(7)
[2021-07-09T17:19:29.175+0530][gc,heap       ] GC(11) Old regions: 15->16
[2021-07-09T17:19:29.175+0530][gc,heap       ] GC(11) Humongous regions: 163->163
[2021-07-09T17:19:29.175+0530][gc,metaspace  ] GC(11) Metaspace: 45116K->45116K(1089536K)
[2021-07-09T17:19:29.175+0530][gc            ] GC(11) Pause Young (Normal) (G1 Evacuation Pause) 230M->180M(1024M) 12.993ms
[2021-07-09T17:19:29.175+0530][gc,cpu        ] GC(11) User=0.07s Sys=0.00s Real=0.01s
[2021-07-09T17:19:31.113+0530][gc,start      ] GC(12) Pause Young (Normal) (G1 Evacuation Pause)
[2021-07-09T17:19:31.113+0530][gc,task       ] GC(12) Using 8 workers of 8 for evacuation
[2021-07-09T17:19:31.116+0530][gc,phases     ] GC(12)   Pre Evacuate Collection Set: 0.0ms
[2021-07-09T17:19:31.116+0530][gc,phases     ] GC(12)   Evacuate Collection Set: 2.6ms
[2021-07-09T17:19:31.116+0530][gc,phases     ] GC(12)   Post Evacuate Collection Set: 0.5ms
[2021-07-09T17:19:31.116+0530][gc,phases     ] GC(12)   Other: 0.2ms
[2021-07-09T17:19:31.116+0530][gc,heap       ] GC(12) Eden regions: 53->0(57)
[2021-07-09T17:19:31.116+0530][gc,heap       ] GC(12) Survivor regions: 3->3(7)
[2021-07-09T17:19:31.116+0530][gc,heap       ] GC(12) Old regions: 16->16
[2021-07-09T17:19:31.116+0530][gc,heap       ] GC(12) Humongous regions: 163->163
[2021-07-09T17:19:31.116+0530][gc,metaspace  ] GC(12) Metaspace: 45279K->45279K(1089536K)
[2021-07-09T17:19:31.116+0530][gc            ] GC(12) Pause Young (Normal) (G1 Evacuation Pause) 233M->180M(1024M) 3.468ms
[2021-07-09T17:19:31.116+0530][gc,cpu        ] GC(12) User=0.02s Sys=0.00s Real=0.00s
[2021-07-09T17:19:34.109+0530][gc,heap,exit  ] Heap
[2021-07-09T17:19:34.109+0530][gc,heap,exit  ]  garbage-first heap   total 1048576K, used 225703K [0x00000000c0000000, 0x0000000100000000)
[2021-07-09T17:19:34.109+0530][gc,heap,exit  ]   region size 1024K, 44 young (45056K), 3 survivors (3072K)
[2021-07-09T17:19:34.109+0530][gc,heap,exit  ]  Metaspace       used 46425K, capacity 48201K, committed 48256K, reserved 1091584K
[2021-07-09T17:19:34.109+0530][gc,heap,exit  ]   class space    used 5691K, capacity 6503K, committed 6528K, reserved 1048576K
