[2021-07-09T16:04:55.661+0530][gc,heap] Heap region size: 1M
[2021-07-09T16:04:55.672+0530][gc     ] Using G1
[2021-07-09T16:04:55.672+0530][gc,heap,coops] Heap address: 0x00000000c0000000, size: 1024 MB, Compressed Oops mode: 32-bit
[2021-07-09T16:04:55.672+0530][gc,cds       ] Mark closed archive regions in map: [0x00000000fff00000, 0x00000000fff6aff8]
[2021-07-09T16:04:55.672+0530][gc,cds       ] Mark open archive regions in map: [0x00000000ffe00000, 0x00000000ffe46ff8]
[2021-07-09T16:04:56.553+0530][gc,start     ] GC(0) Pause Young (Normal) (G1 Evacuation Pause)
[2021-07-09T16:04:56.553+0530][gc,task      ] GC(0) Using 8 workers of 8 for evacuation
[2021-07-09T16:04:56.565+0530][gc,phases    ] GC(0)   Pre Evacuate Collection Set: 0.0ms
[2021-07-09T16:04:56.565+0530][gc,phases    ] GC(0)   Evacuate Collection Set: 11.2ms
[2021-07-09T16:04:56.565+0530][gc,phases    ] GC(0)   Post Evacuate Collection Set: 0.5ms
[2021-07-09T16:04:56.565+0530][gc,phases    ] GC(0)   Other: 1.0ms
[2021-07-09T16:04:56.565+0530][gc,heap      ] GC(0) Eden regions: 51->0(44)
[2021-07-09T16:04:56.565+0530][gc,heap      ] GC(0) Survivor regions: 0->7(7)
[2021-07-09T16:04:56.565+0530][gc,heap      ] GC(0) Old regions: 2->2
[2021-07-09T16:04:56.565+0530][gc,heap      ] GC(0) Humongous regions: 0->0
[2021-07-09T16:04:56.565+0530][gc,metaspace ] GC(0) Metaspace: 15420K->15420K(1062912K)
[2021-07-09T16:04:56.565+0530][gc           ] GC(0) Pause Young (Normal) (G1 Evacuation Pause) 51M->7M(1024M) 12.873ms
[2021-07-09T16:04:56.566+0530][gc,cpu       ] GC(0) User=0.08s Sys=0.01s Real=0.01s
[2021-07-09T16:04:56.957+0530][gc,start     ] GC(1) Pause Young (Concurrent Start) (Metadata GC Threshold)
[2021-07-09T16:04:56.957+0530][gc,task      ] GC(1) Using 8 workers of 8 for evacuation
[2021-07-09T16:04:56.967+0530][gc,phases    ] GC(1)   Pre Evacuate Collection Set: 0.1ms
[2021-07-09T16:04:56.967+0530][gc,phases    ] GC(1)   Evacuate Collection Set: 9.3ms
[2021-07-09T16:04:56.967+0530][gc,phases    ] GC(1)   Post Evacuate Collection Set: 0.4ms
[2021-07-09T16:04:56.967+0530][gc,phases    ] GC(1)   Other: 0.4ms
[2021-07-09T16:04:56.967+0530][gc,heap      ] GC(1) Eden regions: 30->0(49)
[2021-07-09T16:04:56.967+0530][gc,heap      ] GC(1) Survivor regions: 7->2(7)
[2021-07-09T16:04:56.967+0530][gc,heap      ] GC(1) Old regions: 2->9
[2021-07-09T16:04:56.967+0530][gc,heap      ] GC(1) Humongous regions: 0->0
[2021-07-09T16:04:56.967+0530][gc,metaspace ] GC(1) Metaspace: 20524K->20524K(1067008K)
[2021-07-09T16:04:56.967+0530][gc           ] GC(1) Pause Young (Concurrent Start) (Metadata GC Threshold) 37M->9M(1024M) 10.268ms
[2021-07-09T16:04:56.967+0530][gc,cpu       ] GC(1) User=0.06s Sys=0.02s Real=0.01s
[2021-07-09T16:04:56.967+0530][gc           ] GC(2) Concurrent Cycle
[2021-07-09T16:04:56.967+0530][gc,marking   ] GC(2) Concurrent Clear Claimed Marks
[2021-07-09T16:04:56.967+0530][gc,marking   ] GC(2) Concurrent Clear Claimed Marks 0.025ms
[2021-07-09T16:04:56.967+0530][gc,marking   ] GC(2) Concurrent Scan Root Regions
[2021-07-09T16:04:56.968+0530][gc,marking   ] GC(2) Concurrent Scan Root Regions 1.033ms
[2021-07-09T16:04:56.969+0530][gc,marking   ] GC(2) Concurrent Mark (1.311s)
[2021-07-09T16:04:56.969+0530][gc,marking   ] GC(2) Concurrent Mark From Roots
[2021-07-09T16:04:56.969+0530][gc,task      ] GC(2) Using 2 workers of 2 for marking
[2021-07-09T16:04:56.975+0530][gc,marking   ] GC(2) Concurrent Mark From Roots 6.429ms
[2021-07-09T16:04:56.975+0530][gc,marking   ] GC(2) Concurrent Preclean
[2021-07-09T16:04:56.975+0530][gc,marking   ] GC(2) Concurrent Preclean 0.165ms
[2021-07-09T16:04:56.975+0530][gc,marking   ] GC(2) Concurrent Mark (1.311s, 1.318s) 6.671ms
[2021-07-09T16:04:56.975+0530][gc,start     ] GC(2) Pause Remark
[2021-07-09T16:04:56.979+0530][gc,stringtable] GC(2) Cleaned string and symbol table, strings: 7258 processed, 0 removed, symbols: 52793 processed, 41 removed
[2021-07-09T16:04:56.980+0530][gc            ] GC(2) Pause Remark 9M->9M(1024M) 4.285ms
[2021-07-09T16:04:56.980+0530][gc,cpu        ] GC(2) User=0.02s Sys=0.00s Real=0.01s
[2021-07-09T16:04:56.980+0530][gc,marking    ] GC(2) Concurrent Rebuild Remembered Sets
[2021-07-09T16:04:56.983+0530][gc,marking    ] GC(2) Concurrent Rebuild Remembered Sets 3.579ms
[2021-07-09T16:04:56.983+0530][gc,start      ] GC(2) Pause Cleanup
[2021-07-09T16:04:56.984+0530][gc            ] GC(2) Pause Cleanup 9M->9M(1024M) 0.249ms
[2021-07-09T16:04:56.984+0530][gc,cpu        ] GC(2) User=0.00s Sys=0.00s Real=0.00s
[2021-07-09T16:04:56.984+0530][gc,marking    ] GC(2) Concurrent Cleanup for Next Mark
[2021-07-09T16:04:56.989+0530][gc,marking    ] GC(2) Concurrent Cleanup for Next Mark 5.702ms
[2021-07-09T16:04:56.989+0530][gc            ] GC(2) Concurrent Cycle 22.051ms
[2021-07-09T16:04:59.210+0530][gc,start      ] GC(3) Pause Young (Normal) (G1 Evacuation Pause)
[2021-07-09T16:04:59.210+0530][gc,task       ] GC(3) Using 8 workers of 8 for evacuation
[2021-07-09T16:04:59.215+0530][gc,phases     ] GC(3)   Pre Evacuate Collection Set: 0.0ms
[2021-07-09T16:04:59.216+0530][gc,phases     ] GC(3)   Evacuate Collection Set: 4.4ms
[2021-07-09T16:04:59.216+0530][gc,phases     ] GC(3)   Post Evacuate Collection Set: 1.4ms
[2021-07-09T16:04:59.216+0530][gc,phases     ] GC(3)   Other: 0.2ms
[2021-07-09T16:04:59.216+0530][gc,heap       ] GC(3) Eden regions: 49->0(47)
[2021-07-09T16:04:59.216+0530][gc,heap       ] GC(3) Survivor regions: 2->4(7)
[2021-07-09T16:04:59.216+0530][gc,heap       ] GC(3) Old regions: 9->9
[2021-07-09T16:04:59.216+0530][gc,heap       ] GC(3) Humongous regions: 146->146
[2021-07-09T16:04:59.216+0530][gc,metaspace  ] GC(3) Metaspace: 31660K->31660K(1077248K)
[2021-07-09T16:04:59.216+0530][gc            ] GC(3) Pause Young (Normal) (G1 Evacuation Pause) 204M->156M(1024M) 5.996ms
[2021-07-09T16:04:59.216+0530][gc,cpu        ] GC(3) User=0.04s Sys=0.00s Real=0.00s
[2021-07-09T16:04:59.344+0530][gc,start      ] GC(4) Pause Young (Concurrent Start) (Metadata GC Threshold)
[2021-07-09T16:04:59.344+0530][gc,task       ] GC(4) Using 8 workers of 8 for evacuation
[2021-07-09T16:04:59.350+0530][gc,phases     ] GC(4)   Pre Evacuate Collection Set: 0.1ms
[2021-07-09T16:04:59.350+0530][gc,phases     ] GC(4)   Evacuate Collection Set: 5.0ms
[2021-07-09T16:04:59.350+0530][gc,phases     ] GC(4)   Post Evacuate Collection Set: 0.4ms
[2021-07-09T16:04:59.350+0530][gc,phases     ] GC(4)   Other: 0.4ms
[2021-07-09T16:04:59.350+0530][gc,heap       ] GC(4) Eden regions: 13->0(47)
[2021-07-09T16:04:59.350+0530][gc,heap       ] GC(4) Survivor regions: 4->4(7)
[2021-07-09T16:04:59.350+0530][gc,heap       ] GC(4) Old regions: 9->10
[2021-07-09T16:04:59.350+0530][gc,heap       ] GC(4) Humongous regions: 146->146
[2021-07-09T16:04:59.350+0530][gc,metaspace  ] GC(4) Metaspace: 34472K->34472K(1081344K)
[2021-07-09T16:04:59.350+0530][gc            ] GC(4) Pause Young (Concurrent Start) (Metadata GC Threshold) 169M->157M(1024M) 6.079ms
[2021-07-09T16:04:59.350+0530][gc,cpu        ] GC(4) User=0.04s Sys=0.00s Real=0.01s
[2021-07-09T16:04:59.350+0530][gc            ] GC(5) Concurrent Cycle
[2021-07-09T16:04:59.350+0530][gc,marking    ] GC(5) Concurrent Clear Claimed Marks
[2021-07-09T16:04:59.350+0530][gc,marking    ] GC(5) Concurrent Clear Claimed Marks 0.057ms
[2021-07-09T16:04:59.350+0530][gc,marking    ] GC(5) Concurrent Scan Root Regions
[2021-07-09T16:04:59.351+0530][gc,marking    ] GC(5) Concurrent Scan Root Regions 1.274ms
[2021-07-09T16:04:59.351+0530][gc,marking    ] GC(5) Concurrent Mark (3.694s)
[2021-07-09T16:04:59.351+0530][gc,marking    ] GC(5) Concurrent Mark From Roots
[2021-07-09T16:04:59.351+0530][gc,task       ] GC(5) Using 2 workers of 2 for marking
[2021-07-09T16:04:59.359+0530][gc,marking    ] GC(5) Concurrent Mark From Roots 7.417ms
[2021-07-09T16:04:59.359+0530][gc,marking    ] GC(5) Concurrent Preclean
[2021-07-09T16:04:59.359+0530][gc,marking    ] GC(5) Concurrent Preclean 0.146ms
[2021-07-09T16:04:59.359+0530][gc,marking    ] GC(5) Concurrent Mark (3.694s, 3.701s) 7.642ms
[2021-07-09T16:04:59.359+0530][gc,start      ] GC(5) Pause Remark
[2021-07-09T16:04:59.363+0530][gc,stringtable] GC(5) Cleaned string and symbol table, strings: 10539 processed, 12 removed, symbols: 83842 processed, 25 removed
[2021-07-09T16:04:59.363+0530][gc            ] GC(5) Pause Remark 158M->158M(1024M) 4.096ms
[2021-07-09T16:04:59.363+0530][gc,cpu        ] GC(5) User=0.03s Sys=0.00s Real=0.00s
[2021-07-09T16:04:59.363+0530][gc,marking    ] GC(5) Concurrent Rebuild Remembered Sets
[2021-07-09T16:04:59.368+0530][gc,marking    ] GC(5) Concurrent Rebuild Remembered Sets 4.279ms
[2021-07-09T16:04:59.368+0530][gc,start      ] GC(5) Pause Cleanup
[2021-07-09T16:04:59.368+0530][gc            ] GC(5) Pause Cleanup 159M->159M(1024M) 0.218ms
[2021-07-09T16:04:59.368+0530][gc,cpu        ] GC(5) User=0.00s Sys=0.00s Real=0.00s
[2021-07-09T16:04:59.368+0530][gc,marking    ] GC(5) Concurrent Cleanup for Next Mark
[2021-07-09T16:04:59.372+0530][gc,marking    ] GC(5) Concurrent Cleanup for Next Mark 3.913ms
[2021-07-09T16:04:59.372+0530][gc            ] GC(5) Concurrent Cycle 22.042ms
[2021-07-09T16:04:59.964+0530][gc,start      ] GC(6) Pause Young (Normal) (G1 Evacuation Pause)
[2021-07-09T16:04:59.964+0530][gc,task       ] GC(6) Using 8 workers of 8 for evacuation
[2021-07-09T16:04:59.969+0530][gc,phases     ] GC(6)   Pre Evacuate Collection Set: 0.1ms
[2021-07-09T16:04:59.969+0530][gc,phases     ] GC(6)   Evacuate Collection Set: 4.4ms
[2021-07-09T16:04:59.969+0530][gc,phases     ] GC(6)   Post Evacuate Collection Set: 0.5ms
[2021-07-09T16:04:59.970+0530][gc,phases     ] GC(6)   Other: 0.2ms
[2021-07-09T16:04:59.970+0530][gc,heap       ] GC(6) Eden regions: 47->0(46)
[2021-07-09T16:04:59.970+0530][gc,heap       ] GC(6) Survivor regions: 4->5(7)
[2021-07-09T16:04:59.970+0530][gc,heap       ] GC(6) Old regions: 10->10
[2021-07-09T16:04:59.970+0530][gc,heap       ] GC(6) Humongous regions: 146->146
[2021-07-09T16:04:59.970+0530][gc,metaspace  ] GC(6) Metaspace: 37087K->37087K(1083392K)
[2021-07-09T16:04:59.970+0530][gc            ] GC(6) Pause Young (Normal) (G1 Evacuation Pause) 204M->159M(1024M) 5.326ms
[2021-07-09T16:04:59.970+0530][gc,cpu        ] GC(6) User=0.03s Sys=0.00s Real=0.01s
[2021-07-09T16:05:00.343+0530][gc,start      ] GC(7) Pause Young (Normal) (G1 Evacuation Pause)
[2021-07-09T16:05:00.343+0530][gc,task       ] GC(7) Using 8 workers of 8 for evacuation
[2021-07-09T16:05:00.347+0530][gc,phases     ] GC(7)   Pre Evacuate Collection Set: 0.0ms
[2021-07-09T16:05:00.347+0530][gc,phases     ] GC(7)   Evacuate Collection Set: 2.9ms
[2021-07-09T16:05:00.347+0530][gc,phases     ] GC(7)   Post Evacuate Collection Set: 0.3ms
[2021-07-09T16:05:00.347+0530][gc,phases     ] GC(7)   Other: 0.2ms
[2021-07-09T16:05:00.347+0530][gc,heap       ] GC(7) Eden regions: 46->0(48)
[2021-07-09T16:05:00.347+0530][gc,heap       ] GC(7) Survivor regions: 5->3(7)
[2021-07-09T16:05:00.347+0530][gc,heap       ] GC(7) Old regions: 10->13
[2021-07-09T16:05:00.347+0530][gc,heap       ] GC(7) Humongous regions: 146->146
[2021-07-09T16:05:00.347+0530][gc,metaspace  ] GC(7) Metaspace: 37166K->37166K(1083392K)
[2021-07-09T16:05:00.347+0530][gc            ] GC(7) Pause Young (Normal) (G1 Evacuation Pause) 205M->159M(1024M) 3.537ms
[2021-07-09T16:05:00.347+0530][gc,cpu        ] GC(7) User=0.02s Sys=0.00s Real=0.00s
[2021-07-09T16:05:01.055+0530][gc,start      ] GC(8) Pause Young (Normal) (G1 Evacuation Pause)
[2021-07-09T16:05:01.055+0530][gc,task       ] GC(8) Using 8 workers of 8 for evacuation
[2021-07-09T16:05:01.060+0530][gc,phases     ] GC(8)   Pre Evacuate Collection Set: 0.1ms
[2021-07-09T16:05:01.060+0530][gc,phases     ] GC(8)   Evacuate Collection Set: 4.1ms
[2021-07-09T16:05:01.060+0530][gc,phases     ] GC(8)   Post Evacuate Collection Set: 0.4ms
[2021-07-09T16:05:01.060+0530][gc,phases     ] GC(8)   Other: 0.5ms
[2021-07-09T16:05:01.060+0530][gc,heap       ] GC(8) Eden regions: 48->0(47)
[2021-07-09T16:05:01.060+0530][gc,heap       ] GC(8) Survivor regions: 3->4(7)
[2021-07-09T16:05:01.060+0530][gc,heap       ] GC(8) Old regions: 13->13
[2021-07-09T16:05:01.060+0530][gc,heap       ] GC(8) Humongous regions: 146->146
[2021-07-09T16:05:01.060+0530][gc,metaspace  ] GC(8) Metaspace: 40169K->40169K(1085440K)
[2021-07-09T16:05:01.060+0530][gc            ] GC(8) Pause Young (Normal) (G1 Evacuation Pause) 207M->160M(1024M) 5.218ms
[2021-07-09T16:05:01.060+0530][gc,cpu        ] GC(8) User=0.03s Sys=0.00s Real=0.01s
[2021-07-09T16:05:01.391+0530][gc,start      ] GC(9) Pause Young (Normal) (G1 Evacuation Pause)
[2021-07-09T16:05:01.391+0530][gc,task       ] GC(9) Using 8 workers of 8 for evacuation
[2021-07-09T16:05:01.395+0530][gc,phases     ] GC(9)   Pre Evacuate Collection Set: 0.1ms
[2021-07-09T16:05:01.395+0530][gc,phases     ] GC(9)   Evacuate Collection Set: 3.1ms
[2021-07-09T16:05:01.395+0530][gc,phases     ] GC(9)   Post Evacuate Collection Set: 0.4ms
[2021-07-09T16:05:01.395+0530][gc,phases     ] GC(9)   Other: 0.3ms
[2021-07-09T16:05:01.395+0530][gc,heap       ] GC(9) Eden regions: 47->0(47)
[2021-07-09T16:05:01.395+0530][gc,heap       ] GC(9) Survivor regions: 4->4(7)
[2021-07-09T16:05:01.395+0530][gc,heap       ] GC(9) Old regions: 13->13
[2021-07-09T16:05:01.395+0530][gc,heap       ] GC(9) Humongous regions: 146->146
[2021-07-09T16:05:01.395+0530][gc,metaspace  ] GC(9) Metaspace: 42166K->42166K(1087488K)
[2021-07-09T16:05:01.395+0530][gc            ] GC(9) Pause Young (Normal) (G1 Evacuation Pause) 207M->161M(1024M) 3.952ms
[2021-07-09T16:05:01.395+0530][gc,cpu        ] GC(9) User=0.02s Sys=0.00s Real=0.00s
[2021-07-09T16:05:03.656+0530][gc,start      ] GC(10) Pause Young (Normal) (G1 Evacuation Pause)
[2021-07-09T16:05:03.656+0530][gc,task       ] GC(10) Using 8 workers of 8 for evacuation
[2021-07-09T16:05:03.663+0530][gc,phases     ] GC(10)   Pre Evacuate Collection Set: 0.1ms
[2021-07-09T16:05:03.663+0530][gc,phases     ] GC(10)   Evacuate Collection Set: 6.0ms
[2021-07-09T16:05:03.663+0530][gc,phases     ] GC(10)   Post Evacuate Collection Set: 0.6ms
[2021-07-09T16:05:03.663+0530][gc,phases     ] GC(10)   Other: 0.3ms
[2021-07-09T16:05:03.663+0530][gc,heap       ] GC(10) Eden regions: 47->0(49)
[2021-07-09T16:05:03.663+0530][gc,heap       ] GC(10) Survivor regions: 4->4(7)
[2021-07-09T16:05:03.663+0530][gc,heap       ] GC(10) Old regions: 13->15
[2021-07-09T16:05:03.663+0530][gc,heap       ] GC(10) Humongous regions: 163->163
[2021-07-09T16:05:03.663+0530][gc,metaspace  ] GC(10) Metaspace: 44763K->44763K(1089536K)
[2021-07-09T16:05:03.663+0530][gc            ] GC(10) Pause Young (Normal) (G1 Evacuation Pause) 225M->180M(1024M) 7.020ms
[2021-07-09T16:05:03.663+0530][gc,cpu        ] GC(10) User=0.05s Sys=0.00s Real=0.01s
[2021-07-09T16:05:25.053+0530][gc,heap,exit  ] Heap
[2021-07-09T16:05:25.053+0530][gc,heap,exit  ]  garbage-first heap   total 1048576K, used 228379K [0x00000000c0000000, 0x0000000100000000)
[2021-07-09T16:05:25.053+0530][gc,heap,exit  ]   region size 1024K, 49 young (50176K), 4 survivors (4096K)
[2021-07-09T16:05:25.053+0530][gc,heap,exit  ]  Metaspace       used 47004K, capacity 48915K, committed 49024K, reserved 1091584K
[2021-07-09T16:05:25.054+0530][gc,heap,exit  ]   class space    used 5840K, capacity 6729K, committed 6784K, reserved 1048576K
