[2021-07-09T16:06:42.624+0530][gc,heap] Heap region size: 1M
[2021-07-09T16:06:42.633+0530][gc     ] Using G1
[2021-07-09T16:06:42.633+0530][gc,heap,coops] Heap address: 0x00000000c0000000, size: 1024 MB, Compressed Oops mode: 32-bit
[2021-07-09T16:06:42.633+0530][gc,cds       ] Mark closed archive regions in map: [0x00000000fff00000, 0x00000000fff6aff8]
[2021-07-09T16:06:42.633+0530][gc,cds       ] Mark open archive regions in map: [0x00000000ffe00000, 0x00000000ffe46ff8]
[2021-07-09T16:06:43.555+0530][gc,start     ] GC(0) Pause Young (Normal) (G1 Evacuation Pause)
[2021-07-09T16:06:43.557+0530][gc,task      ] GC(0) Using 8 workers of 8 for evacuation
[2021-07-09T16:06:43.569+0530][gc,phases    ] GC(0)   Pre Evacuate Collection Set: 0.1ms
[2021-07-09T16:06:43.569+0530][gc,phases    ] GC(0)   Evacuate Collection Set: 11.3ms
[2021-07-09T16:06:43.569+0530][gc,phases    ] GC(0)   Post Evacuate Collection Set: 0.5ms
[2021-07-09T16:06:43.569+0530][gc,phases    ] GC(0)   Other: 2.7ms
[2021-07-09T16:06:43.569+0530][gc,heap      ] GC(0) Eden regions: 51->0(44)
[2021-07-09T16:06:43.569+0530][gc,heap      ] GC(0) Survivor regions: 0->7(7)
[2021-07-09T16:06:43.569+0530][gc,heap      ] GC(0) Old regions: 2->2
[2021-07-09T16:06:43.569+0530][gc,heap      ] GC(0) Humongous regions: 0->0
[2021-07-09T16:06:43.569+0530][gc,metaspace ] GC(0) Metaspace: 15436K->15436K(1062912K)
[2021-07-09T16:06:43.569+0530][gc           ] GC(0) Pause Young (Normal) (G1 Evacuation Pause) 51M->7M(1024M) 14.633ms
[2021-07-09T16:06:43.569+0530][gc,cpu       ] GC(0) User=0.07s Sys=0.01s Real=0.02s
[2021-07-09T16:06:44.044+0530][gc,start     ] GC(1) Pause Young (Concurrent Start) (Metadata GC Threshold)
[2021-07-09T16:06:44.044+0530][gc,task      ] GC(1) Using 8 workers of 8 for evacuation
[2021-07-09T16:06:44.053+0530][gc,phases    ] GC(1)   Pre Evacuate Collection Set: 0.1ms
[2021-07-09T16:06:44.053+0530][gc,phases    ] GC(1)   Evacuate Collection Set: 8.4ms
[2021-07-09T16:06:44.053+0530][gc,phases    ] GC(1)   Post Evacuate Collection Set: 0.3ms
[2021-07-09T16:06:44.053+0530][gc,phases    ] GC(1)   Other: 0.3ms
[2021-07-09T16:06:44.053+0530][gc,heap      ] GC(1) Eden regions: 30->0(49)
[2021-07-09T16:06:44.053+0530][gc,heap      ] GC(1) Survivor regions: 7->2(7)
[2021-07-09T16:06:44.053+0530][gc,heap      ] GC(1) Old regions: 2->9
[2021-07-09T16:06:44.053+0530][gc,heap      ] GC(1) Humongous regions: 0->0
[2021-07-09T16:06:44.053+0530][gc,metaspace ] GC(1) Metaspace: 20522K->20522K(1067008K)
[2021-07-09T16:06:44.053+0530][gc           ] GC(1) Pause Young (Concurrent Start) (Metadata GC Threshold) 37M->8M(1024M) 9.229ms
[2021-07-09T16:06:44.053+0530][gc,cpu       ] GC(1) User=0.05s Sys=0.00s Real=0.01s
[2021-07-09T16:06:44.053+0530][gc           ] GC(2) Concurrent Cycle
[2021-07-09T16:06:44.053+0530][gc,marking   ] GC(2) Concurrent Clear Claimed Marks
[2021-07-09T16:06:44.053+0530][gc,marking   ] GC(2) Concurrent Clear Claimed Marks 0.048ms
[2021-07-09T16:06:44.053+0530][gc,marking   ] GC(2) Concurrent Scan Root Regions
[2021-07-09T16:06:44.054+0530][gc,marking   ] GC(2) Concurrent Scan Root Regions 0.990ms
[2021-07-09T16:06:44.054+0530][gc,marking   ] GC(2) Concurrent Mark (1.433s)
[2021-07-09T16:06:44.054+0530][gc,marking   ] GC(2) Concurrent Mark From Roots
[2021-07-09T16:06:44.054+0530][gc,task      ] GC(2) Using 2 workers of 2 for marking
[2021-07-09T16:06:44.062+0530][gc,marking   ] GC(2) Concurrent Mark From Roots 7.955ms
[2021-07-09T16:06:44.062+0530][gc,marking   ] GC(2) Concurrent Preclean
[2021-07-09T16:06:44.062+0530][gc,marking   ] GC(2) Concurrent Preclean 0.145ms
[2021-07-09T16:06:44.062+0530][gc,marking   ] GC(2) Concurrent Mark (1.433s, 1.442s) 8.163ms
[2021-07-09T16:06:44.062+0530][gc,start     ] GC(2) Pause Remark
[2021-07-09T16:06:44.065+0530][gc,stringtable] GC(2) Cleaned string and symbol table, strings: 7259 processed, 0 removed, symbols: 52793 processed, 41 removed
[2021-07-09T16:06:44.065+0530][gc            ] GC(2) Pause Remark 9M->9M(1024M) 3.025ms
[2021-07-09T16:06:44.065+0530][gc,cpu        ] GC(2) User=0.02s Sys=0.00s Real=0.00s
[2021-07-09T16:06:44.065+0530][gc,marking    ] GC(2) Concurrent Rebuild Remembered Sets
[2021-07-09T16:06:44.069+0530][gc,marking    ] GC(2) Concurrent Rebuild Remembered Sets 3.686ms
[2021-07-09T16:06:44.069+0530][gc,start      ] GC(2) Pause Cleanup
[2021-07-09T16:06:44.070+0530][gc            ] GC(2) Pause Cleanup 9M->9M(1024M) 0.312ms
[2021-07-09T16:06:44.070+0530][gc,cpu        ] GC(2) User=0.00s Sys=0.00s Real=0.00s
[2021-07-09T16:06:44.070+0530][gc,marking    ] GC(2) Concurrent Cleanup for Next Mark
[2021-07-09T16:06:44.076+0530][gc,marking    ] GC(2) Concurrent Cleanup for Next Mark 6.438ms
[2021-07-09T16:06:44.076+0530][gc            ] GC(2) Concurrent Cycle 23.237ms
[2021-07-09T16:06:46.282+0530][gc,start      ] GC(3) Pause Young (Normal) (G1 Evacuation Pause)
[2021-07-09T16:06:46.282+0530][gc,task       ] GC(3) Using 8 workers of 8 for evacuation
[2021-07-09T16:06:46.286+0530][gc,phases     ] GC(3)   Pre Evacuate Collection Set: 0.0ms
[2021-07-09T16:06:46.286+0530][gc,phases     ] GC(3)   Evacuate Collection Set: 3.3ms
[2021-07-09T16:06:46.286+0530][gc,phases     ] GC(3)   Post Evacuate Collection Set: 1.1ms
[2021-07-09T16:06:46.286+0530][gc,phases     ] GC(3)   Other: 0.2ms
[2021-07-09T16:06:46.286+0530][gc,heap       ] GC(3) Eden regions: 49->0(46)
[2021-07-09T16:06:46.286+0530][gc,heap       ] GC(3) Survivor regions: 2->5(7)
[2021-07-09T16:06:46.286+0530][gc,heap       ] GC(3) Old regions: 9->9
[2021-07-09T16:06:46.286+0530][gc,heap       ] GC(3) Humongous regions: 146->146
[2021-07-09T16:06:46.286+0530][gc,metaspace  ] GC(3) Metaspace: 31690K->31690K(1077248K)
[2021-07-09T16:06:46.286+0530][gc            ] GC(3) Pause Young (Normal) (G1 Evacuation Pause) 203M->157M(1024M) 4.717ms
[2021-07-09T16:06:46.287+0530][gc,cpu        ] GC(3) User=0.03s Sys=0.00s Real=0.00s
[2021-07-09T16:06:46.397+0530][gc,start      ] GC(4) Pause Young (Concurrent Start) (Metadata GC Threshold)
[2021-07-09T16:06:46.397+0530][gc,task       ] GC(4) Using 8 workers of 8 for evacuation
[2021-07-09T16:06:46.402+0530][gc,phases     ] GC(4)   Pre Evacuate Collection Set: 0.1ms
[2021-07-09T16:06:46.402+0530][gc,phases     ] GC(4)   Evacuate Collection Set: 3.8ms
[2021-07-09T16:06:46.402+0530][gc,phases     ] GC(4)   Post Evacuate Collection Set: 0.3ms
[2021-07-09T16:06:46.402+0530][gc,phases     ] GC(4)   Other: 0.4ms
[2021-07-09T16:06:46.402+0530][gc,heap       ] GC(4) Eden regions: 12->0(47)
[2021-07-09T16:06:46.402+0530][gc,heap       ] GC(4) Survivor regions: 5->4(7)
[2021-07-09T16:06:46.402+0530][gc,heap       ] GC(4) Old regions: 9->10
[2021-07-09T16:06:46.402+0530][gc,heap       ] GC(4) Humongous regions: 146->146
[2021-07-09T16:06:46.402+0530][gc,metaspace  ] GC(4) Metaspace: 34450K->34450K(1081344K)
[2021-07-09T16:06:46.402+0530][gc            ] GC(4) Pause Young (Concurrent Start) (Metadata GC Threshold) 169M->157M(1024M) 4.659ms
[2021-07-09T16:06:46.402+0530][gc,cpu        ] GC(4) User=0.02s Sys=0.00s Real=0.00s
[2021-07-09T16:06:46.402+0530][gc            ] GC(5) Concurrent Cycle
[2021-07-09T16:06:46.402+0530][gc,marking    ] GC(5) Concurrent Clear Claimed Marks
[2021-07-09T16:06:46.402+0530][gc,marking    ] GC(5) Concurrent Clear Claimed Marks 0.043ms
[2021-07-09T16:06:46.402+0530][gc,marking    ] GC(5) Concurrent Scan Root Regions
[2021-07-09T16:06:46.404+0530][gc,marking    ] GC(5) Concurrent Scan Root Regions 1.589ms
[2021-07-09T16:06:46.404+0530][gc,marking    ] GC(5) Concurrent Mark (3.783s)
[2021-07-09T16:06:46.404+0530][gc,marking    ] GC(5) Concurrent Mark From Roots
[2021-07-09T16:06:46.404+0530][gc,task       ] GC(5) Using 2 workers of 2 for marking
[2021-07-09T16:06:46.413+0530][gc,marking    ] GC(5) Concurrent Mark From Roots 9.300ms
[2021-07-09T16:06:46.413+0530][gc,marking    ] GC(5) Concurrent Preclean
[2021-07-09T16:06:46.413+0530][gc,marking    ] GC(5) Concurrent Preclean 0.183ms
[2021-07-09T16:06:46.413+0530][gc,marking    ] GC(5) Concurrent Mark (3.783s, 3.793s) 9.569ms
[2021-07-09T16:06:46.413+0530][gc,start      ] GC(5) Pause Remark
[2021-07-09T16:06:46.416+0530][gc,stringtable] GC(5) Cleaned string and symbol table, strings: 10535 processed, 12 removed, symbols: 83845 processed, 25 removed
[2021-07-09T16:06:46.416+0530][gc            ] GC(5) Pause Remark 159M->159M(1024M) 2.792ms
[2021-07-09T16:06:46.416+0530][gc,cpu        ] GC(5) User=0.01s Sys=0.00s Real=0.00s
[2021-07-09T16:06:46.416+0530][gc,marking    ] GC(5) Concurrent Rebuild Remembered Sets
[2021-07-09T16:06:46.420+0530][gc,marking    ] GC(5) Concurrent Rebuild Remembered Sets 3.828ms
[2021-07-09T16:06:46.420+0530][gc,start      ] GC(5) Pause Cleanup
[2021-07-09T16:06:46.420+0530][gc            ] GC(5) Pause Cleanup 159M->159M(1024M) 0.246ms
[2021-07-09T16:06:46.420+0530][gc,cpu        ] GC(5) User=0.00s Sys=0.00s Real=0.00s
[2021-07-09T16:06:46.420+0530][gc,marking    ] GC(5) Concurrent Cleanup for Next Mark
[2021-07-09T16:06:46.425+0530][gc,marking    ] GC(5) Concurrent Cleanup for Next Mark 4.537ms
[2021-07-09T16:06:46.425+0530][gc            ] GC(5) Concurrent Cycle 23.126ms
[2021-07-09T16:06:47.001+0530][gc,start      ] GC(6) Pause Young (Normal) (G1 Evacuation Pause)
[2021-07-09T16:06:47.001+0530][gc,task       ] GC(6) Using 8 workers of 8 for evacuation
[2021-07-09T16:06:47.006+0530][gc,phases     ] GC(6)   Pre Evacuate Collection Set: 0.1ms
[2021-07-09T16:06:47.006+0530][gc,phases     ] GC(6)   Evacuate Collection Set: 4.2ms
[2021-07-09T16:06:47.006+0530][gc,phases     ] GC(6)   Post Evacuate Collection Set: 0.4ms
[2021-07-09T16:06:47.006+0530][gc,phases     ] GC(6)   Other: 0.2ms
[2021-07-09T16:06:47.006+0530][gc,heap       ] GC(6) Eden regions: 47->0(46)
[2021-07-09T16:06:47.006+0530][gc,heap       ] GC(6) Survivor regions: 4->5(7)
[2021-07-09T16:06:47.006+0530][gc,heap       ] GC(6) Old regions: 10->10
[2021-07-09T16:06:47.006+0530][gc,heap       ] GC(6) Humongous regions: 146->146
[2021-07-09T16:06:47.006+0530][gc,metaspace  ] GC(6) Metaspace: 37066K->37066K(1083392K)
[2021-07-09T16:06:47.006+0530][gc            ] GC(6) Pause Young (Normal) (G1 Evacuation Pause) 204M->159M(1024M) 4.932ms
[2021-07-09T16:06:47.006+0530][gc,cpu        ] GC(6) User=0.03s Sys=0.00s Real=0.00s
[2021-07-09T16:06:47.413+0530][gc,start      ] GC(7) Pause Young (Normal) (G1 Evacuation Pause)
[2021-07-09T16:06:47.413+0530][gc,task       ] GC(7) Using 8 workers of 8 for evacuation
[2021-07-09T16:06:47.418+0530][gc,phases     ] GC(7)   Pre Evacuate Collection Set: 0.0ms
[2021-07-09T16:06:47.418+0530][gc,phases     ] GC(7)   Evacuate Collection Set: 4.5ms
[2021-07-09T16:06:47.418+0530][gc,phases     ] GC(7)   Post Evacuate Collection Set: 0.4ms
[2021-07-09T16:06:47.418+0530][gc,phases     ] GC(7)   Other: 0.2ms
[2021-07-09T16:06:47.418+0530][gc,heap       ] GC(7) Eden regions: 46->0(48)
[2021-07-09T16:06:47.418+0530][gc,heap       ] GC(7) Survivor regions: 5->3(7)
[2021-07-09T16:06:47.418+0530][gc,heap       ] GC(7) Old regions: 10->13
[2021-07-09T16:06:47.418+0530][gc,heap       ] GC(7) Humongous regions: 146->146
[2021-07-09T16:06:47.418+0530][gc,metaspace  ] GC(7) Metaspace: 37151K->37151K(1083392K)
[2021-07-09T16:06:47.418+0530][gc            ] GC(7) Pause Young (Normal) (G1 Evacuation Pause) 205M->159M(1024M) 5.205ms
[2021-07-09T16:06:47.418+0530][gc,cpu        ] GC(7) User=0.04s Sys=0.00s Real=0.01s
[2021-07-09T16:06:48.240+0530][gc,start      ] GC(8) Pause Young (Normal) (GCLocker Initiated GC)
[2021-07-09T16:06:48.240+0530][gc,task       ] GC(8) Using 8 workers of 8 for evacuation
[2021-07-09T16:06:48.244+0530][gc,phases     ] GC(8)   Pre Evacuate Collection Set: 0.1ms
[2021-07-09T16:06:48.244+0530][gc,phases     ] GC(8)   Evacuate Collection Set: 3.9ms
[2021-07-09T16:06:48.244+0530][gc,phases     ] GC(8)   Post Evacuate Collection Set: 0.4ms
[2021-07-09T16:06:48.244+0530][gc,phases     ] GC(8)   Other: 0.2ms
[2021-07-09T16:06:48.244+0530][gc,heap       ] GC(8) Eden regions: 49->0(47)
[2021-07-09T16:06:48.244+0530][gc,heap       ] GC(8) Survivor regions: 3->4(7)
[2021-07-09T16:06:48.244+0530][gc,heap       ] GC(8) Old regions: 13->13
[2021-07-09T16:06:48.244+0530][gc,heap       ] GC(8) Humongous regions: 146->146
[2021-07-09T16:06:48.244+0530][gc,metaspace  ] GC(8) Metaspace: 40162K->40162K(1085440K)
[2021-07-09T16:06:48.244+0530][gc            ] GC(8) Pause Young (Normal) (GCLocker Initiated GC) 207M->160M(1024M) 4.715ms
[2021-07-09T16:06:48.244+0530][gc,cpu        ] GC(8) User=0.03s Sys=0.00s Real=0.00s
[2021-07-09T16:06:48.597+0530][gc,start      ] GC(9) Pause Young (Normal) (G1 Evacuation Pause)
[2021-07-09T16:06:48.597+0530][gc,task       ] GC(9) Using 8 workers of 8 for evacuation
[2021-07-09T16:06:48.601+0530][gc,phases     ] GC(9)   Pre Evacuate Collection Set: 0.0ms
[2021-07-09T16:06:48.601+0530][gc,phases     ] GC(9)   Evacuate Collection Set: 3.8ms
[2021-07-09T16:06:48.601+0530][gc,phases     ] GC(9)   Post Evacuate Collection Set: 0.4ms
[2021-07-09T16:06:48.601+0530][gc,phases     ] GC(9)   Other: 0.2ms
[2021-07-09T16:06:48.601+0530][gc,heap       ] GC(9) Eden regions: 47->0(52)
[2021-07-09T16:06:48.601+0530][gc,heap       ] GC(9) Survivor regions: 4->4(7)
[2021-07-09T16:06:48.601+0530][gc,heap       ] GC(9) Old regions: 13->13
[2021-07-09T16:06:48.601+0530][gc,heap       ] GC(9) Humongous regions: 146->146
[2021-07-09T16:06:48.601+0530][gc,metaspace  ] GC(9) Metaspace: 42213K->42213K(1087488K)
[2021-07-09T16:06:48.601+0530][gc            ] GC(9) Pause Young (Normal) (G1 Evacuation Pause) 207M->161M(1024M) 4.438ms
[2021-07-09T16:06:48.601+0530][gc,cpu        ] GC(9) User=0.02s Sys=0.00s Real=0.01s
[2021-07-09T16:06:49.568+0530][gc,start      ] GC(10) Pause Young (Normal) (G1 Evacuation Pause)
[2021-07-09T16:06:49.568+0530][gc,task       ] GC(10) Using 8 workers of 8 for evacuation
[2021-07-09T16:06:49.574+0530][gc,phases     ] GC(10)   Pre Evacuate Collection Set: 0.0ms
[2021-07-09T16:06:49.574+0530][gc,phases     ] GC(10)   Evacuate Collection Set: 5.9ms
[2021-07-09T16:06:49.574+0530][gc,phases     ] GC(10)   Post Evacuate Collection Set: 0.4ms
[2021-07-09T16:06:49.574+0530][gc,phases     ] GC(10)   Other: 0.2ms
[2021-07-09T16:06:49.574+0530][gc,heap       ] GC(10) Eden regions: 52->0(54)
[2021-07-09T16:06:49.574+0530][gc,heap       ] GC(10) Survivor regions: 4->5(7)
[2021-07-09T16:06:49.574+0530][gc,heap       ] GC(10) Old regions: 13->15
[2021-07-09T16:06:49.574+0530][gc,heap       ] GC(10) Humongous regions: 163->163
[2021-07-09T16:06:49.574+0530][gc,metaspace  ] GC(10) Metaspace: 45127K->45127K(1089536K)
[2021-07-09T16:06:49.574+0530][gc            ] GC(10) Pause Young (Normal) (G1 Evacuation Pause) 230M->180M(1024M) 6.619ms
[2021-07-09T16:06:49.574+0530][gc,cpu        ] GC(10) User=0.04s Sys=0.00s Real=0.01s
[2021-07-09T16:15:42.300+0530][gc,heap,exit  ] Heap
[2021-07-09T16:15:42.300+0530][gc,heap,exit  ]  garbage-first heap   total 1048576K, used 235759K [0x00000000c0000000, 0x0000000100000000)
[2021-07-09T16:15:42.300+0530][gc,heap,exit  ]   region size 1024K, 57 young (58368K), 5 survivors (5120K)
[2021-07-09T16:15:42.300+0530][gc,heap,exit  ]  Metaspace       used 47704K, capacity 49631K, committed 49792K, reserved 1091584K
[2021-07-09T16:15:42.300+0530][gc,heap,exit  ]   class space    used 5872K, capacity 6752K, committed 6784K, reserved 1048576K
