[2021-07-09T17:11:10.094+0530][gc,heap] Heap region size: 1M
[2021-07-09T17:11:10.104+0530][gc     ] Using G1
[2021-07-09T17:11:10.104+0530][gc,heap,coops] Heap address: 0x00000000c0000000, size: 1024 MB, Compressed Oops mode: 32-bit
[2021-07-09T17:11:10.105+0530][gc,cds       ] Mark closed archive regions in map: [0x00000000fff00000, 0x00000000fff6aff8]
[2021-07-09T17:11:10.105+0530][gc,cds       ] Mark open archive regions in map: [0x00000000ffe00000, 0x00000000ffe46ff8]
[2021-07-09T17:11:10.951+0530][gc,start     ] GC(0) Pause Young (Normal) (G1 Evacuation Pause)
[2021-07-09T17:11:10.953+0530][gc,task      ] GC(0) Using 8 workers of 8 for evacuation
[2021-07-09T17:11:10.965+0530][gc,phases    ] GC(0)   Pre Evacuate Collection Set: 0.0ms
[2021-07-09T17:11:10.965+0530][gc,phases    ] GC(0)   Evacuate Collection Set: 11.2ms
[2021-07-09T17:11:10.965+0530][gc,phases    ] GC(0)   Post Evacuate Collection Set: 0.6ms
[2021-07-09T17:11:10.965+0530][gc,phases    ] GC(0)   Other: 1.9ms
[2021-07-09T17:11:10.965+0530][gc,heap      ] GC(0) Eden regions: 51->0(44)
[2021-07-09T17:11:10.965+0530][gc,heap      ] GC(0) Survivor regions: 0->7(7)
[2021-07-09T17:11:10.965+0530][gc,heap      ] GC(0) Old regions: 2->2
[2021-07-09T17:11:10.965+0530][gc,heap      ] GC(0) Humongous regions: 0->0
[2021-07-09T17:11:10.965+0530][gc,metaspace ] GC(0) Metaspace: 15142K->15142K(1062912K)
[2021-07-09T17:11:10.965+0530][gc           ] GC(0) Pause Young (Normal) (G1 Evacuation Pause) 51M->7M(1024M) 13.849ms
[2021-07-09T17:11:10.965+0530][gc,cpu       ] GC(0) User=0.07s Sys=0.01s Real=0.01s
[2021-07-09T17:11:11.390+0530][gc,start     ] GC(1) Pause Young (Concurrent Start) (Metadata GC Threshold)
[2021-07-09T17:11:11.390+0530][gc,task      ] GC(1) Using 8 workers of 8 for evacuation
[2021-07-09T17:11:11.401+0530][gc,phases    ] GC(1)   Pre Evacuate Collection Set: 0.1ms
[2021-07-09T17:11:11.401+0530][gc,phases    ] GC(1)   Evacuate Collection Set: 10.5ms
[2021-07-09T17:11:11.401+0530][gc,phases    ] GC(1)   Post Evacuate Collection Set: 0.4ms
[2021-07-09T17:11:11.401+0530][gc,phases    ] GC(1)   Other: 0.3ms
[2021-07-09T17:11:11.401+0530][gc,heap      ] GC(1) Eden regions: 31->0(49)
[2021-07-09T17:11:11.401+0530][gc,heap      ] GC(1) Survivor regions: 7->2(7)
[2021-07-09T17:11:11.401+0530][gc,heap      ] GC(1) Old regions: 2->9
[2021-07-09T17:11:11.401+0530][gc,heap      ] GC(1) Humongous regions: 0->0
[2021-07-09T17:11:11.401+0530][gc,metaspace ] GC(1) Metaspace: 20516K->20516K(1067008K)
[2021-07-09T17:11:11.401+0530][gc           ] GC(1) Pause Young (Concurrent Start) (Metadata GC Threshold) 38M->8M(1024M) 11.414ms
[2021-07-09T17:11:11.401+0530][gc,cpu       ] GC(1) User=0.07s Sys=0.01s Real=0.01s
[2021-07-09T17:11:11.401+0530][gc           ] GC(2) Concurrent Cycle
[2021-07-09T17:11:11.401+0530][gc,marking   ] GC(2) Concurrent Clear Claimed Marks
[2021-07-09T17:11:11.401+0530][gc,marking   ] GC(2) Concurrent Clear Claimed Marks 0.033ms
[2021-07-09T17:11:11.401+0530][gc,marking   ] GC(2) Concurrent Scan Root Regions
[2021-07-09T17:11:11.403+0530][gc,marking   ] GC(2) Concurrent Scan Root Regions 1.366ms
[2021-07-09T17:11:11.403+0530][gc,marking   ] GC(2) Concurrent Mark (1.312s)
[2021-07-09T17:11:11.403+0530][gc,marking   ] GC(2) Concurrent Mark From Roots
[2021-07-09T17:11:11.403+0530][gc,task      ] GC(2) Using 2 workers of 2 for marking
[2021-07-09T17:11:11.409+0530][gc,marking   ] GC(2) Concurrent Mark From Roots 6.601ms
[2021-07-09T17:11:11.409+0530][gc,marking   ] GC(2) Concurrent Preclean
[2021-07-09T17:11:11.410+0530][gc,marking   ] GC(2) Concurrent Preclean 0.184ms
[2021-07-09T17:11:11.410+0530][gc,marking   ] GC(2) Concurrent Mark (1.312s, 1.319s) 6.869ms
[2021-07-09T17:11:11.410+0530][gc,start     ] GC(2) Pause Remark
[2021-07-09T17:11:11.415+0530][gc,stringtable] GC(2) Cleaned string and symbol table, strings: 7250 processed, 0 removed, symbols: 52775 processed, 41 removed
[2021-07-09T17:11:11.415+0530][gc            ] GC(2) Pause Remark 9M->9M(1024M) 5.516ms
[2021-07-09T17:11:11.415+0530][gc,cpu        ] GC(2) User=0.03s Sys=0.00s Real=0.00s
[2021-07-09T17:11:11.415+0530][gc,marking    ] GC(2) Concurrent Rebuild Remembered Sets
[2021-07-09T17:11:11.420+0530][gc,marking    ] GC(2) Concurrent Rebuild Remembered Sets 4.376ms
[2021-07-09T17:11:11.420+0530][gc,start      ] GC(2) Pause Cleanup
[2021-07-09T17:11:11.420+0530][gc            ] GC(2) Pause Cleanup 9M->9M(1024M) 0.259ms
[2021-07-09T17:11:11.420+0530][gc,cpu        ] GC(2) User=0.00s Sys=0.00s Real=0.00s
[2021-07-09T17:11:11.420+0530][gc,marking    ] GC(2) Concurrent Cleanup for Next Mark
[2021-07-09T17:11:11.426+0530][gc,marking    ] GC(2) Concurrent Cleanup for Next Mark 5.437ms
[2021-07-09T17:11:11.426+0530][gc            ] GC(2) Concurrent Cycle 24.356ms
[2021-07-09T17:11:13.401+0530][gc,start      ] GC(3) Pause Young (Normal) (G1 Evacuation Pause)
[2021-07-09T17:11:13.401+0530][gc,task       ] GC(3) Using 8 workers of 8 for evacuation
[2021-07-09T17:11:13.406+0530][gc,phases     ] GC(3)   Pre Evacuate Collection Set: 0.0ms
[2021-07-09T17:11:13.406+0530][gc,phases     ] GC(3)   Evacuate Collection Set: 3.7ms
[2021-07-09T17:11:13.406+0530][gc,phases     ] GC(3)   Post Evacuate Collection Set: 1.1ms
[2021-07-09T17:11:13.406+0530][gc,phases     ] GC(3)   Other: 0.2ms
[2021-07-09T17:11:13.406+0530][gc,heap       ] GC(3) Eden regions: 49->0(47)
[2021-07-09T17:11:13.406+0530][gc,heap       ] GC(3) Survivor regions: 2->4(7)
[2021-07-09T17:11:13.406+0530][gc,heap       ] GC(3) Old regions: 9->9
[2021-07-09T17:11:13.406+0530][gc,heap       ] GC(3) Humongous regions: 146->146
[2021-07-09T17:11:13.406+0530][gc,metaspace  ] GC(3) Metaspace: 31659K->31659K(1077248K)
[2021-07-09T17:11:13.406+0530][gc            ] GC(3) Pause Young (Normal) (G1 Evacuation Pause) 203M->156M(1024M) 5.235ms
[2021-07-09T17:11:13.406+0530][gc,cpu        ] GC(3) User=0.03s Sys=0.00s Real=0.00s
[2021-07-09T17:11:13.526+0530][gc,start      ] GC(4) Pause Young (Concurrent Start) (Metadata GC Threshold)
[2021-07-09T17:11:13.526+0530][gc,task       ] GC(4) Using 8 workers of 8 for evacuation
[2021-07-09T17:11:13.532+0530][gc,phases     ] GC(4)   Pre Evacuate Collection Set: 0.1ms
[2021-07-09T17:11:13.532+0530][gc,phases     ] GC(4)   Evacuate Collection Set: 4.9ms
[2021-07-09T17:11:13.532+0530][gc,phases     ] GC(4)   Post Evacuate Collection Set: 0.3ms
[2021-07-09T17:11:13.532+0530][gc,phases     ] GC(4)   Other: 0.3ms
[2021-07-09T17:11:13.532+0530][gc,heap       ] GC(4) Eden regions: 13->0(48)
[2021-07-09T17:11:13.532+0530][gc,heap       ] GC(4) Survivor regions: 4->3(7)
[2021-07-09T17:11:13.532+0530][gc,heap       ] GC(4) Old regions: 9->10
[2021-07-09T17:11:13.532+0530][gc,heap       ] GC(4) Humongous regions: 146->146
[2021-07-09T17:11:13.532+0530][gc,metaspace  ] GC(4) Metaspace: 34580K->34580K(1081344K)
[2021-07-09T17:11:13.532+0530][gc            ] GC(4) Pause Young (Concurrent Start) (Metadata GC Threshold) 169M->157M(1024M) 5.755ms
[2021-07-09T17:11:13.532+0530][gc,cpu        ] GC(4) User=0.02s Sys=0.00s Real=0.01s
[2021-07-09T17:11:13.532+0530][gc            ] GC(5) Concurrent Cycle
[2021-07-09T17:11:13.532+0530][gc,marking    ] GC(5) Concurrent Clear Claimed Marks
[2021-07-09T17:11:13.532+0530][gc,marking    ] GC(5) Concurrent Clear Claimed Marks 0.040ms
[2021-07-09T17:11:13.532+0530][gc,marking    ] GC(5) Concurrent Scan Root Regions
[2021-07-09T17:11:13.533+0530][gc,marking    ] GC(5) Concurrent Scan Root Regions 1.426ms
[2021-07-09T17:11:13.533+0530][gc,marking    ] GC(5) Concurrent Mark (3.443s)
[2021-07-09T17:11:13.533+0530][gc,marking    ] GC(5) Concurrent Mark From Roots
[2021-07-09T17:11:13.533+0530][gc,task       ] GC(5) Using 2 workers of 2 for marking
[2021-07-09T17:11:13.543+0530][gc,marking    ] GC(5) Concurrent Mark From Roots 9.167ms
[2021-07-09T17:11:13.543+0530][gc,marking    ] GC(5) Concurrent Preclean
[2021-07-09T17:11:13.543+0530][gc,marking    ] GC(5) Concurrent Preclean 0.132ms
[2021-07-09T17:11:13.543+0530][gc,marking    ] GC(5) Concurrent Mark (3.443s, 3.452s) 9.363ms
[2021-07-09T17:11:13.543+0530][gc,start      ] GC(5) Pause Remark
[2021-07-09T17:11:13.545+0530][gc,stringtable] GC(5) Cleaned string and symbol table, strings: 10505 processed, 12 removed, symbols: 83822 processed, 22 removed
[2021-07-09T17:11:13.546+0530][gc            ] GC(5) Pause Remark 159M->159M(1024M) 2.831ms
[2021-07-09T17:11:13.546+0530][gc,cpu        ] GC(5) User=0.02s Sys=0.00s Real=0.00s
[2021-07-09T17:11:13.546+0530][gc,marking    ] GC(5) Concurrent Rebuild Remembered Sets
[2021-07-09T17:11:13.551+0530][gc,marking    ] GC(5) Concurrent Rebuild Remembered Sets 4.966ms
[2021-07-09T17:11:13.551+0530][gc,start      ] GC(5) Pause Cleanup
[2021-07-09T17:11:13.551+0530][gc            ] GC(5) Pause Cleanup 159M->159M(1024M) 0.203ms
[2021-07-09T17:11:13.551+0530][gc,cpu        ] GC(5) User=0.01s Sys=0.00s Real=0.00s
[2021-07-09T17:11:13.551+0530][gc,marking    ] GC(5) Concurrent Cleanup for Next Mark
[2021-07-09T17:11:13.556+0530][gc,marking    ] GC(5) Concurrent Cleanup for Next Mark 4.297ms
[2021-07-09T17:11:13.556+0530][gc            ] GC(5) Concurrent Cycle 23.672ms
[2021-07-09T17:11:14.127+0530][gc,start      ] GC(6) Pause Young (Normal) (G1 Evacuation Pause)
[2021-07-09T17:11:14.127+0530][gc,task       ] GC(6) Using 8 workers of 8 for evacuation
[2021-07-09T17:11:14.132+0530][gc,phases     ] GC(6)   Pre Evacuate Collection Set: 0.0ms
[2021-07-09T17:11:14.132+0530][gc,phases     ] GC(6)   Evacuate Collection Set: 4.5ms
[2021-07-09T17:11:14.132+0530][gc,phases     ] GC(6)   Post Evacuate Collection Set: 0.4ms
[2021-07-09T17:11:14.132+0530][gc,phases     ] GC(6)   Other: 0.2ms
[2021-07-09T17:11:14.132+0530][gc,heap       ] GC(6) Eden regions: 48->0(46)
[2021-07-09T17:11:14.132+0530][gc,heap       ] GC(6) Survivor regions: 3->5(7)
[2021-07-09T17:11:14.132+0530][gc,heap       ] GC(6) Old regions: 10->10
[2021-07-09T17:11:14.132+0530][gc,heap       ] GC(6) Humongous regions: 146->146
[2021-07-09T17:11:14.132+0530][gc,metaspace  ] GC(6) Metaspace: 37168K->37168K(1083392K)
[2021-07-09T17:11:14.132+0530][gc            ] GC(6) Pause Young (Normal) (G1 Evacuation Pause) 205M->159M(1024M) 5.222ms
[2021-07-09T17:11:14.132+0530][gc,cpu        ] GC(6) User=0.03s Sys=0.00s Real=0.01s
[2021-07-09T17:11:14.564+0530][gc,start      ] GC(7) Pause Young (Normal) (G1 Evacuation Pause)
[2021-07-09T17:11:14.564+0530][gc,task       ] GC(7) Using 8 workers of 8 for evacuation
[2021-07-09T17:11:14.568+0530][gc,phases     ] GC(7)   Pre Evacuate Collection Set: 0.0ms
[2021-07-09T17:11:14.568+0530][gc,phases     ] GC(7)   Evacuate Collection Set: 3.6ms
[2021-07-09T17:11:14.568+0530][gc,phases     ] GC(7)   Post Evacuate Collection Set: 0.3ms
[2021-07-09T17:11:14.568+0530][gc,phases     ] GC(7)   Other: 0.2ms
[2021-07-09T17:11:14.568+0530][gc,heap       ] GC(7) Eden regions: 46->0(48)
[2021-07-09T17:11:14.568+0530][gc,heap       ] GC(7) Survivor regions: 5->3(7)
[2021-07-09T17:11:14.568+0530][gc,heap       ] GC(7) Old regions: 10->12
[2021-07-09T17:11:14.568+0530][gc,heap       ] GC(7) Humongous regions: 146->146
[2021-07-09T17:11:14.568+0530][gc,metaspace  ] GC(7) Metaspace: 37261K->37261K(1083392K)
[2021-07-09T17:11:14.568+0530][gc            ] GC(7) Pause Young (Normal) (G1 Evacuation Pause) 205M->159M(1024M) 4.184ms
[2021-07-09T17:11:14.568+0530][gc,cpu        ] GC(7) User=0.03s Sys=0.00s Real=0.00s
[2021-07-09T17:11:15.467+0530][gc,start      ] GC(8) Pause Young (Normal) (G1 Evacuation Pause)
[2021-07-09T17:11:15.467+0530][gc,task       ] GC(8) Using 8 workers of 8 for evacuation
[2021-07-09T17:11:15.471+0530][gc,phases     ] GC(8)   Pre Evacuate Collection Set: 0.0ms
[2021-07-09T17:11:15.471+0530][gc,phases     ] GC(8)   Evacuate Collection Set: 3.8ms
[2021-07-09T17:11:15.471+0530][gc,phases     ] GC(8)   Post Evacuate Collection Set: 0.4ms
[2021-07-09T17:11:15.471+0530][gc,phases     ] GC(8)   Other: 0.2ms
[2021-07-09T17:11:15.471+0530][gc,heap       ] GC(8) Eden regions: 48->0(47)
[2021-07-09T17:11:15.471+0530][gc,heap       ] GC(8) Survivor regions: 3->4(7)
[2021-07-09T17:11:15.471+0530][gc,heap       ] GC(8) Old regions: 12->12
[2021-07-09T17:11:15.471+0530][gc,heap       ] GC(8) Humongous regions: 146->146
[2021-07-09T17:11:15.471+0530][gc,metaspace  ] GC(8) Metaspace: 40528K->40528K(1085440K)
[2021-07-09T17:11:15.471+0530][gc            ] GC(8) Pause Young (Normal) (G1 Evacuation Pause) 207M->160M(1024M) 4.611ms
[2021-07-09T17:11:15.471+0530][gc,cpu        ] GC(8) User=0.02s Sys=0.00s Real=0.01s
[2021-07-09T17:11:15.884+0530][gc,start      ] GC(9) Pause Young (Normal) (G1 Evacuation Pause)
[2021-07-09T17:11:15.884+0530][gc,task       ] GC(9) Using 8 workers of 8 for evacuation
[2021-07-09T17:11:15.888+0530][gc,phases     ] GC(9)   Pre Evacuate Collection Set: 0.1ms
[2021-07-09T17:11:15.888+0530][gc,phases     ] GC(9)   Evacuate Collection Set: 3.7ms
[2021-07-09T17:11:15.888+0530][gc,phases     ] GC(9)   Post Evacuate Collection Set: 0.4ms
[2021-07-09T17:11:15.888+0530][gc,phases     ] GC(9)   Other: 0.2ms
[2021-07-09T17:11:15.888+0530][gc,heap       ] GC(9) Eden regions: 47->0(46)
[2021-07-09T17:11:15.888+0530][gc,heap       ] GC(9) Survivor regions: 4->5(7)
[2021-07-09T17:11:15.888+0530][gc,heap       ] GC(9) Old regions: 12->13
[2021-07-09T17:11:15.888+0530][gc,heap       ] GC(9) Humongous regions: 146->146
[2021-07-09T17:11:15.888+0530][gc,metaspace  ] GC(9) Metaspace: 42028K->42028K(1087488K)
[2021-07-09T17:11:15.888+0530][gc            ] GC(9) Pause Young (Normal) (G1 Evacuation Pause) 207M->161M(1024M) 4.403ms
[2021-07-09T17:11:15.888+0530][gc,cpu        ] GC(9) User=0.03s Sys=0.00s Real=0.00s
[2021-07-09T17:11:18.171+0530][gc,start      ] GC(10) Pause Young (Normal) (G1 Evacuation Pause)
[2021-07-09T17:11:18.171+0530][gc,task       ] GC(10) Using 8 workers of 8 for evacuation
[2021-07-09T17:11:18.179+0530][gc,phases     ] GC(10)   Pre Evacuate Collection Set: 0.0ms
[2021-07-09T17:11:18.179+0530][gc,phases     ] GC(10)   Evacuate Collection Set: 6.6ms
[2021-07-09T17:11:18.179+0530][gc,phases     ] GC(10)   Post Evacuate Collection Set: 0.5ms
[2021-07-09T17:11:18.179+0530][gc,phases     ] GC(10)   Other: 0.2ms
[2021-07-09T17:11:18.179+0530][gc,heap       ] GC(10) Eden regions: 46->0(52)
[2021-07-09T17:11:18.179+0530][gc,heap       ] GC(10) Survivor regions: 5->5(7)
[2021-07-09T17:11:18.179+0530][gc,heap       ] GC(10) Old regions: 13->15
[2021-07-09T17:11:18.179+0530][gc,heap       ] GC(10) Humongous regions: 163->163
[2021-07-09T17:11:18.179+0530][gc,metaspace  ] GC(10) Metaspace: 44809K->44809K(1089536K)
[2021-07-09T17:11:18.179+0530][gc            ] GC(10) Pause Young (Normal) (G1 Evacuation Pause) 224M->180M(1024M) 7.511ms
[2021-07-09T17:11:18.179+0530][gc,cpu        ] GC(10) User=0.05s Sys=0.00s Real=0.01s
[2021-07-09T17:11:20.145+0530][gc,start      ] GC(11) Pause Young (Normal) (G1 Evacuation Pause)
[2021-07-09T17:11:20.145+0530][gc,task       ] GC(11) Using 8 workers of 8 for evacuation
[2021-07-09T17:11:20.158+0530][gc,phases     ] GC(11)   Pre Evacuate Collection Set: 0.1ms
[2021-07-09T17:11:20.158+0530][gc,phases     ] GC(11)   Evacuate Collection Set: 11.8ms
[2021-07-09T17:11:20.158+0530][gc,phases     ] GC(11)   Post Evacuate Collection Set: 1.1ms
[2021-07-09T17:11:20.158+0530][gc,phases     ] GC(11)   Other: 0.5ms
[2021-07-09T17:11:20.158+0530][gc,heap       ] GC(11) Eden regions: 52->0(109)
[2021-07-09T17:11:20.158+0530][gc,heap       ] GC(11) Survivor regions: 5->5(8)
[2021-07-09T17:11:20.158+0530][gc,heap       ] GC(11) Old regions: 15->15
[2021-07-09T17:11:20.158+0530][gc,heap       ] GC(11) Humongous regions: 163->163
[2021-07-09T17:11:20.158+0530][gc,metaspace  ] GC(11) Metaspace: 45194K->45194K(1089536K)
[2021-07-09T17:11:20.159+0530][gc            ] GC(11) Pause Young (Normal) (G1 Evacuation Pause) 232M->180M(1024M) 13.846ms
[2021-07-09T17:11:20.159+0530][gc,cpu        ] GC(11) User=0.06s Sys=0.02s Real=0.02s
[2021-07-09T17:11:24.410+0530][gc,start      ] GC(12) Pause Young (Normal) (G1 Evacuation Pause)
[2021-07-09T17:11:24.410+0530][gc,task       ] GC(12) Using 8 workers of 8 for evacuation
[2021-07-09T17:11:24.426+0530][gc,phases     ] GC(12)   Pre Evacuate Collection Set: 0.1ms
[2021-07-09T17:11:24.426+0530][gc,phases     ] GC(12)   Evacuate Collection Set: 15.3ms
[2021-07-09T17:11:24.427+0530][gc,phases     ] GC(12)   Post Evacuate Collection Set: 0.7ms
[2021-07-09T17:11:24.427+0530][gc,phases     ] GC(12)   Other: 0.5ms
[2021-07-09T17:11:24.427+0530][gc,heap       ] GC(12) Eden regions: 109->0(117)
[2021-07-09T17:11:24.427+0530][gc,heap       ] GC(12) Survivor regions: 5->5(15)
[2021-07-09T17:11:24.427+0530][gc,heap       ] GC(12) Old regions: 15->15
[2021-07-09T17:11:24.427+0530][gc,heap       ] GC(12) Humongous regions: 163->163
[2021-07-09T17:11:24.427+0530][gc,metaspace  ] GC(12) Metaspace: 45564K->45564K(1091584K)
[2021-07-09T17:11:24.427+0530][gc            ] GC(12) Pause Young (Normal) (G1 Evacuation Pause) 289M->180M(1024M) 16.727ms
[2021-07-09T17:11:24.427+0530][gc,cpu        ] GC(12) User=0.09s Sys=0.01s Real=0.01s
[2021-07-09T17:11:28.937+0530][gc,start      ] GC(13) Pause Young (Normal) (G1 Evacuation Pause)
[2021-07-09T17:11:28.937+0530][gc,task       ] GC(13) Using 8 workers of 8 for evacuation
[2021-07-09T17:11:28.946+0530][gc,phases     ] GC(13)   Pre Evacuate Collection Set: 0.1ms
[2021-07-09T17:11:28.946+0530][gc,phases     ] GC(13)   Evacuate Collection Set: 7.8ms
[2021-07-09T17:11:28.946+0530][gc,phases     ] GC(13)   Post Evacuate Collection Set: 0.8ms
[2021-07-09T17:11:28.946+0530][gc,phases     ] GC(13)   Other: 0.4ms
[2021-07-09T17:11:28.946+0530][gc,heap       ] GC(13) Eden regions: 117->0(126)
[2021-07-09T17:11:28.946+0530][gc,heap       ] GC(13) Survivor regions: 5->5(16)
[2021-07-09T17:11:28.946+0530][gc,heap       ] GC(13) Old regions: 15->15
[2021-07-09T17:11:28.946+0530][gc,heap       ] GC(13) Humongous regions: 163->163
[2021-07-09T17:11:28.946+0530][gc,metaspace  ] GC(13) Metaspace: 45785K->45785K(1091584K)
[2021-07-09T17:11:28.946+0530][gc            ] GC(13) Pause Young (Normal) (G1 Evacuation Pause) 297M->180M(1024M) 9.398ms
[2021-07-09T17:11:28.946+0530][gc,cpu        ] GC(13) User=0.05s Sys=0.01s Real=0.01s
[2021-07-09T17:11:34.219+0530][gc,heap,exit  ] Heap
[2021-07-09T17:11:34.220+0530][gc,heap,exit  ]  garbage-first heap   total 1048576K, used 254476K [0x00000000c0000000, 0x0000000100000000)
[2021-07-09T17:11:34.220+0530][gc,heap,exit  ]   region size 1024K, 74 young (75776K), 5 survivors (5120K)
[2021-07-09T17:11:34.220+0530][gc,heap,exit  ]  Metaspace       used 46886K, capacity 48689K, committed 48896K, reserved 1091584K
[2021-07-09T17:11:34.220+0530][gc,heap,exit  ]   class space    used 5705K, capacity 6541K, committed 6656K, reserved 1048576K
