[2021-07-09T17:15:07.103+0530][gc,heap] Heap region size: 1M
[2021-07-09T17:15:07.109+0530][gc     ] Using G1
[2021-07-09T17:15:07.109+0530][gc,heap,coops] Heap address: 0x00000000e0000000, size: 512 MB, Compressed Oops mode: 32-bit
[2021-07-09T17:15:07.109+0530][gc,cds       ] Mark closed archive regions in map: [0x00000000fff00000, 0x00000000fff6aff8]
[2021-07-09T17:15:07.109+0530][gc,cds       ] Mark open archive regions in map: [0x00000000ffe00000, 0x00000000ffe46ff8]
[2021-07-09T17:15:07.746+0530][gc,start     ] GC(0) Pause Young (Normal) (G1 Evacuation Pause)
[2021-07-09T17:15:07.747+0530][gc,task      ] GC(0) Using 8 workers of 8 for evacuation
[2021-07-09T17:15:07.760+0530][gc,phases    ] GC(0)   Pre Evacuate Collection Set: 0.0ms
[2021-07-09T17:15:07.760+0530][gc,phases    ] GC(0)   Evacuate Collection Set: 11.8ms
[2021-07-09T17:15:07.760+0530][gc,phases    ] GC(0)   Post Evacuate Collection Set: 0.8ms
[2021-07-09T17:15:07.760+0530][gc,phases    ] GC(0)   Other: 1.2ms
[2021-07-09T17:15:07.760+0530][gc,heap      ] GC(0) Eden regions: 25->0(21)
[2021-07-09T17:15:07.760+0530][gc,heap      ] GC(0) Survivor regions: 0->4(4)
[2021-07-09T17:15:07.760+0530][gc,heap      ] GC(0) Old regions: 2->4
[2021-07-09T17:15:07.760+0530][gc,heap      ] GC(0) Humongous regions: 0->0
[2021-07-09T17:15:07.760+0530][gc,metaspace ] GC(0) Metaspace: 8479K->8479K(1056768K)
[2021-07-09T17:15:07.760+0530][gc           ] GC(0) Pause Young (Normal) (G1 Evacuation Pause) 25M->6M(512M) 13.927ms
[2021-07-09T17:15:07.760+0530][gc,cpu       ] GC(0) User=0.09s Sys=0.00s Real=0.02s
[2021-07-09T17:15:12.125+0530][gc,start     ] GC(1) Pause Young (Normal) (G1 Evacuation Pause)
[2021-07-09T17:15:12.125+0530][gc,task      ] GC(1) Using 8 workers of 8 for evacuation
[2021-07-09T17:15:12.154+0530][gc,mmu       ] GC(1) MMU target violated: 21.0ms (20.0ms/21.0ms)
[2021-07-09T17:15:12.155+0530][gc,phases    ] GC(1)   Pre Evacuate Collection Set: 0.0ms
[2021-07-09T17:15:12.155+0530][gc,phases    ] GC(1)   Evacuate Collection Set: 23.5ms
[2021-07-09T17:15:12.155+0530][gc,phases    ] GC(1)   Post Evacuate Collection Set: 6.1ms
[2021-07-09T17:15:12.155+0530][gc,phases    ] GC(1)   Other: 0.3ms
[2021-07-09T17:15:12.155+0530][gc,heap      ] GC(1) Eden regions: 21->0(23)
[2021-07-09T17:15:12.155+0530][gc,heap      ] GC(1) Survivor regions: 4->2(4)
[2021-07-09T17:15:12.155+0530][gc,heap      ] GC(1) Old regions: 4->8
[2021-07-09T17:15:12.155+0530][gc,heap      ] GC(1) Humongous regions: 0->0
[2021-07-09T17:15:12.155+0530][gc,metaspace ] GC(1) Metaspace: 13079K->13079K(1060864K)
[2021-07-09T17:15:12.155+0530][gc           ] GC(1) Pause Young (Normal) (G1 Evacuation Pause) 27M->8M(512M) 30.022ms
[2021-07-09T17:15:12.155+0530][gc,cpu       ] GC(1) User=0.07s Sys=0.00s Real=0.03s
[2021-07-09T17:15:12.499+0530][gc,start     ] GC(2) Pause Young (Normal) (G1 Evacuation Pause)
[2021-07-09T17:15:12.499+0530][gc,task      ] GC(2) Using 8 workers of 8 for evacuation
[2021-07-09T17:15:12.502+0530][gc,phases    ] GC(2)   Pre Evacuate Collection Set: 0.0ms
[2021-07-09T17:15:12.502+0530][gc,phases    ] GC(2)   Evacuate Collection Set: 2.6ms
[2021-07-09T17:15:12.502+0530][gc,phases    ] GC(2)   Post Evacuate Collection Set: 0.3ms
[2021-07-09T17:15:12.502+0530][gc,phases    ] GC(2)   Other: 0.2ms
[2021-07-09T17:15:12.502+0530][gc,heap      ] GC(2) Eden regions: 23->0(22)
[2021-07-09T17:15:12.502+0530][gc,heap      ] GC(2) Survivor regions: 2->3(4)
[2021-07-09T17:15:12.502+0530][gc,heap      ] GC(2) Old regions: 8->8
[2021-07-09T17:15:12.502+0530][gc,heap      ] GC(2) Humongous regions: 0->0
[2021-07-09T17:15:12.502+0530][gc,metaspace ] GC(2) Metaspace: 15828K->15828K(1064960K)
[2021-07-09T17:15:12.502+0530][gc           ] GC(2) Pause Young (Normal) (G1 Evacuation Pause) 31M->8M(512M) 3.128ms
[2021-07-09T17:15:12.502+0530][gc,cpu       ] GC(2) User=0.02s Sys=0.00s Real=0.00s
[2021-07-09T17:15:13.060+0530][gc,start     ] GC(3) Pause Young (Normal) (G1 Evacuation Pause)
[2021-07-09T17:15:13.060+0530][gc,task      ] GC(3) Using 8 workers of 8 for evacuation
[2021-07-09T17:15:13.065+0530][gc,phases    ] GC(3)   Pre Evacuate Collection Set: 0.0ms
[2021-07-09T17:15:13.065+0530][gc,phases    ] GC(3)   Evacuate Collection Set: 3.8ms
[2021-07-09T17:15:13.065+0530][gc,phases    ] GC(3)   Post Evacuate Collection Set: 1.1ms
[2021-07-09T17:15:13.065+0530][gc,phases    ] GC(3)   Other: 0.2ms
[2021-07-09T17:15:13.065+0530][gc,heap      ] GC(3) Eden regions: 22->0(22)
[2021-07-09T17:15:13.065+0530][gc,heap      ] GC(3) Survivor regions: 3->3(4)
[2021-07-09T17:15:13.065+0530][gc,heap      ] GC(3) Old regions: 8->10
[2021-07-09T17:15:13.065+0530][gc,heap      ] GC(3) Humongous regions: 17->17
[2021-07-09T17:15:13.065+0530][gc,metaspace ] GC(3) Metaspace: 19572K->19572K(1067008K)
[2021-07-09T17:15:13.065+0530][gc           ] GC(3) Pause Young (Normal) (G1 Evacuation Pause) 47M->27M(512M) 5.223ms
[2021-07-09T17:15:13.065+0530][gc,cpu       ] GC(3) User=0.03s Sys=0.00s Real=0.00s
[2021-07-09T17:16:08.031+0530][gc,start     ] GC(4) Pause Young (Normal) (G1 Evacuation Pause)
[2021-07-09T17:16:08.031+0530][gc,task      ] GC(4) Using 8 workers of 8 for evacuation
[2021-07-09T17:16:08.038+0530][gc,phases    ] GC(4)   Pre Evacuate Collection Set: 0.0ms
[2021-07-09T17:16:08.038+0530][gc,phases    ] GC(4)   Evacuate Collection Set: 6.3ms
[2021-07-09T17:16:08.038+0530][gc,phases    ] GC(4)   Post Evacuate Collection Set: 0.4ms
[2021-07-09T17:16:08.038+0530][gc,phases    ] GC(4)   Other: 0.5ms
[2021-07-09T17:16:08.038+0530][gc,heap      ] GC(4) Eden regions: 22->0(23)
[2021-07-09T17:16:08.038+0530][gc,heap      ] GC(4) Survivor regions: 3->2(4)
[2021-07-09T17:16:08.038+0530][gc,heap      ] GC(4) Old regions: 10->11
[2021-07-09T17:16:08.038+0530][gc,heap      ] GC(4) Humongous regions: 34->34
[2021-07-09T17:16:08.038+0530][gc,metaspace ] GC(4) Metaspace: 20387K->20387K(1069056K)
[2021-07-09T17:16:08.038+0530][gc           ] GC(4) Pause Young (Normal) (G1 Evacuation Pause) 66M->44M(512M) 7.326ms
[2021-07-09T17:16:08.038+0530][gc,cpu       ] GC(4) User=0.04s Sys=0.00s Real=0.01s
[2021-07-09T17:16:53.045+0530][gc,start     ] GC(5) Pause Young (Concurrent Start) (Metadata GC Threshold)
[2021-07-09T17:16:53.045+0530][gc,task      ] GC(5) Using 8 workers of 8 for evacuation
[2021-07-09T17:16:53.049+0530][gc,phases    ] GC(5)   Pre Evacuate Collection Set: 0.1ms
[2021-07-09T17:16:53.049+0530][gc,phases    ] GC(5)   Evacuate Collection Set: 3.2ms
[2021-07-09T17:16:53.049+0530][gc,phases    ] GC(5)   Post Evacuate Collection Set: 0.3ms
[2021-07-09T17:16:53.049+0530][gc,phases    ] GC(5)   Other: 0.3ms
[2021-07-09T17:16:53.049+0530][gc,heap      ] GC(5) Eden regions: 1->0(23)
[2021-07-09T17:16:53.049+0530][gc,heap      ] GC(5) Survivor regions: 2->2(4)
[2021-07-09T17:16:53.049+0530][gc,heap      ] GC(5) Old regions: 11->11
[2021-07-09T17:16:53.049+0530][gc,heap      ] GC(5) Humongous regions: 34->34
[2021-07-09T17:16:53.049+0530][gc,metaspace ] GC(5) Metaspace: 20434K->20434K(1069056K)
[2021-07-09T17:16:53.049+0530][gc           ] GC(5) Pause Young (Concurrent Start) (Metadata GC Threshold) 45M->44M(512M) 3.951ms
[2021-07-09T17:16:53.049+0530][gc,cpu       ] GC(5) User=0.02s Sys=0.01s Real=0.01s
[2021-07-09T17:16:53.049+0530][gc           ] GC(6) Concurrent Cycle
[2021-07-09T17:16:53.049+0530][gc,marking   ] GC(6) Concurrent Clear Claimed Marks
[2021-07-09T17:16:53.049+0530][gc,marking   ] GC(6) Concurrent Clear Claimed Marks 0.025ms
[2021-07-09T17:16:53.049+0530][gc,marking   ] GC(6) Concurrent Scan Root Regions
[2021-07-09T17:16:53.050+0530][gc,marking   ] GC(6) Concurrent Scan Root Regions 1.073ms
[2021-07-09T17:16:53.051+0530][gc,marking   ] GC(6) Concurrent Mark (105.952s)
[2021-07-09T17:16:53.051+0530][gc,marking   ] GC(6) Concurrent Mark From Roots
[2021-07-09T17:16:53.051+0530][gc,task      ] GC(6) Using 2 workers of 2 for marking
[2021-07-09T17:16:53.061+0530][gc,marking   ] GC(6) Concurrent Mark From Roots 10.759ms
[2021-07-09T17:16:53.061+0530][gc,marking   ] GC(6) Concurrent Preclean
[2021-07-09T17:16:53.062+0530][gc,marking   ] GC(6) Concurrent Preclean 0.158ms
[2021-07-09T17:16:53.062+0530][gc,marking   ] GC(6) Concurrent Mark (105.952s, 105.963s) 11.005ms
[2021-07-09T17:16:53.062+0530][gc,start     ] GC(6) Pause Remark
[2021-07-09T17:16:53.066+0530][gc,stringtable] GC(6) Cleaned string and symbol table, strings: 7946 processed, 14 removed, symbols: 51737 processed, 39 removed
[2021-07-09T17:16:53.066+0530][gc            ] GC(6) Pause Remark 44M->44M(512M) 4.784ms
[2021-07-09T17:16:53.067+0530][gc,cpu        ] GC(6) User=0.03s Sys=0.00s Real=0.00s
[2021-07-09T17:16:53.067+0530][gc,marking    ] GC(6) Concurrent Rebuild Remembered Sets
[2021-07-09T17:16:53.072+0530][gc,marking    ] GC(6) Concurrent Rebuild Remembered Sets 5.900ms
[2021-07-09T17:16:53.073+0530][gc,start      ] GC(6) Pause Cleanup
[2021-07-09T17:16:53.073+0530][gc            ] GC(6) Pause Cleanup 44M->44M(512M) 0.155ms
[2021-07-09T17:16:53.073+0530][gc,cpu        ] GC(6) User=0.00s Sys=0.00s Real=0.00s
[2021-07-09T17:16:53.073+0530][gc,marking    ] GC(6) Concurrent Cleanup for Next Mark
[2021-07-09T17:16:53.076+0530][gc,marking    ] GC(6) Concurrent Cleanup for Next Mark 3.204ms
[2021-07-09T17:16:53.076+0530][gc            ] GC(6) Concurrent Cycle 26.738ms
[2021-07-09T17:18:59.440+0530][gc,heap,exit  ] Heap
[2021-07-09T17:18:59.440+0530][gc,heap,exit  ]  garbage-first heap   total 524288K, used 46844K [0x00000000e0000000, 0x0000000100000000)
[2021-07-09T17:18:59.440+0530][gc,heap,exit  ]   region size 1024K, 4 young (4096K), 2 survivors (2048K)
[2021-07-09T17:18:59.440+0530][gc,heap,exit  ]  Metaspace       used 20468K, capacity 20951K, committed 21552K, reserved 1069056K
[2021-07-09T17:18:59.440+0530][gc,heap,exit  ]   class space    used 2408K, capacity 2575K, committed 2688K, reserved 1048576K
