[2021-07-09T17:55:25.893+0530][gc,heap] Heap region size: 1M
[2021-07-09T17:55:25.901+0530][gc     ] Using G1
[2021-07-09T17:55:25.902+0530][gc,heap,coops] Heap address: 0x00000000e0000000, size: 512 MB, Compressed Oops mode: 32-bit
[2021-07-09T17:55:25.902+0530][gc,cds       ] Mark closed archive regions in map: [0x00000000fff00000, 0x00000000fff6aff8]
[2021-07-09T17:55:25.902+0530][gc,cds       ] Mark open archive regions in map: [0x00000000ffe00000, 0x00000000ffe46ff8]
[2021-07-09T17:55:26.474+0530][gc,start     ] GC(0) Pause Young (Normal) (G1 Evacuation Pause)
[2021-07-09T17:55:26.475+0530][gc,task      ] GC(0) Using 8 workers of 8 for evacuation
[2021-07-09T17:55:26.487+0530][gc,phases    ] GC(0)   Pre Evacuate Collection Set: 0.0ms
[2021-07-09T17:55:26.487+0530][gc,phases    ] GC(0)   Evacuate Collection Set: 11.7ms
[2021-07-09T17:55:26.487+0530][gc,phases    ] GC(0)   Post Evacuate Collection Set: 0.4ms
[2021-07-09T17:55:26.487+0530][gc,phases    ] GC(0)   Other: 0.9ms
[2021-07-09T17:55:26.487+0530][gc,heap      ] GC(0) Eden regions: 25->0(21)
[2021-07-09T17:55:26.487+0530][gc,heap      ] GC(0) Survivor regions: 0->4(4)
[2021-07-09T17:55:26.487+0530][gc,heap      ] GC(0) Old regions: 2->4
[2021-07-09T17:55:26.487+0530][gc,heap      ] GC(0) Humongous regions: 0->0
[2021-07-09T17:55:26.487+0530][gc,metaspace ] GC(0) Metaspace: 8530K->8530K(1056768K)
[2021-07-09T17:55:26.487+0530][gc           ] GC(0) Pause Young (Normal) (G1 Evacuation Pause) 25M->6M(512M) 13.065ms
[2021-07-09T17:55:26.487+0530][gc,cpu       ] GC(0) User=0.08s Sys=0.00s Real=0.01s
[2021-07-09T17:55:31.329+0530][gc,start     ] GC(1) Pause Young (Normal) (G1 Evacuation Pause)
[2021-07-09T17:55:31.329+0530][gc,task      ] GC(1) Using 8 workers of 8 for evacuation
[2021-07-09T17:55:31.358+0530][gc,mmu       ] GC(1) MMU target violated: 21.0ms (20.0ms/21.0ms)
[2021-07-09T17:55:31.358+0530][gc,phases    ] GC(1)   Pre Evacuate Collection Set: 0.0ms
[2021-07-09T17:55:31.358+0530][gc,phases    ] GC(1)   Evacuate Collection Set: 24.0ms
[2021-07-09T17:55:31.358+0530][gc,phases    ] GC(1)   Post Evacuate Collection Set: 4.7ms
[2021-07-09T17:55:31.358+0530][gc,phases    ] GC(1)   Other: 0.3ms
[2021-07-09T17:55:31.358+0530][gc,heap      ] GC(1) Eden regions: 21->0(23)
[2021-07-09T17:55:31.358+0530][gc,heap      ] GC(1) Survivor regions: 4->2(4)
[2021-07-09T17:55:31.358+0530][gc,heap      ] GC(1) Old regions: 4->8
[2021-07-09T17:55:31.358+0530][gc,heap      ] GC(1) Humongous regions: 0->0
[2021-07-09T17:55:31.358+0530][gc,metaspace ] GC(1) Metaspace: 13058K->13058K(1060864K)
[2021-07-09T17:55:31.358+0530][gc           ] GC(1) Pause Young (Normal) (G1 Evacuation Pause) 27M->8M(512M) 29.186ms
[2021-07-09T17:55:31.358+0530][gc,cpu       ] GC(1) User=0.07s Sys=0.00s Real=0.04s
[2021-07-09T17:55:31.701+0530][gc,start     ] GC(2) Pause Young (Normal) (G1 Evacuation Pause)
[2021-07-09T17:55:31.701+0530][gc,task      ] GC(2) Using 8 workers of 8 for evacuation
[2021-07-09T17:55:31.704+0530][gc,phases    ] GC(2)   Pre Evacuate Collection Set: 0.0ms
[2021-07-09T17:55:31.704+0530][gc,phases    ] GC(2)   Evacuate Collection Set: 2.4ms
[2021-07-09T17:55:31.704+0530][gc,phases    ] GC(2)   Post Evacuate Collection Set: 0.3ms
[2021-07-09T17:55:31.704+0530][gc,phases    ] GC(2)   Other: 0.1ms
[2021-07-09T17:55:31.704+0530][gc,heap      ] GC(2) Eden regions: 23->0(22)
[2021-07-09T17:55:31.704+0530][gc,heap      ] GC(2) Survivor regions: 2->3(4)
[2021-07-09T17:55:31.704+0530][gc,heap      ] GC(2) Old regions: 8->8
[2021-07-09T17:55:31.704+0530][gc,heap      ] GC(2) Humongous regions: 0->0
[2021-07-09T17:55:31.704+0530][gc,metaspace ] GC(2) Metaspace: 15718K->15718K(1062912K)
[2021-07-09T17:55:31.704+0530][gc           ] GC(2) Pause Young (Normal) (G1 Evacuation Pause) 31M->8M(512M) 2.960ms
[2021-07-09T17:55:31.704+0530][gc,cpu       ] GC(2) User=0.02s Sys=0.00s Real=0.00s
[2021-07-09T17:55:32.245+0530][gc,start     ] GC(3) Pause Young (Normal) (G1 Evacuation Pause)
[2021-07-09T17:55:32.245+0530][gc,task      ] GC(3) Using 8 workers of 8 for evacuation
[2021-07-09T17:55:32.252+0530][gc,phases    ] GC(3)   Pre Evacuate Collection Set: 0.0ms
[2021-07-09T17:55:32.252+0530][gc,phases    ] GC(3)   Evacuate Collection Set: 4.6ms
[2021-07-09T17:55:32.252+0530][gc,phases    ] GC(3)   Post Evacuate Collection Set: 2.2ms
[2021-07-09T17:55:32.253+0530][gc,phases    ] GC(3)   Other: 0.2ms
[2021-07-09T17:55:32.253+0530][gc,heap      ] GC(3) Eden regions: 22->0(22)
[2021-07-09T17:55:32.253+0530][gc,heap      ] GC(3) Survivor regions: 3->3(4)
[2021-07-09T17:55:32.253+0530][gc,heap      ] GC(3) Old regions: 8->10
[2021-07-09T17:55:32.253+0530][gc,heap      ] GC(3) Humongous regions: 17->17
[2021-07-09T17:55:32.253+0530][gc,metaspace ] GC(3) Metaspace: 19554K->19554K(1067008K)
[2021-07-09T17:55:32.253+0530][gc           ] GC(3) Pause Young (Normal) (G1 Evacuation Pause) 47M->27M(512M) 7.204ms
[2021-07-09T17:55:32.253+0530][gc,cpu       ] GC(3) User=0.03s Sys=0.00s Real=0.01s
[2021-07-09T17:56:26.504+0530][gc,start     ] GC(4) Pause Young (Normal) (G1 Evacuation Pause)
[2021-07-09T17:56:26.504+0530][gc,task      ] GC(4) Using 8 workers of 8 for evacuation
[2021-07-09T17:56:26.509+0530][gc,phases    ] GC(4)   Pre Evacuate Collection Set: 0.0ms
[2021-07-09T17:56:26.509+0530][gc,phases    ] GC(4)   Evacuate Collection Set: 4.7ms
[2021-07-09T17:56:26.509+0530][gc,phases    ] GC(4)   Post Evacuate Collection Set: 0.4ms
[2021-07-09T17:56:26.509+0530][gc,phases    ] GC(4)   Other: 0.5ms
[2021-07-09T17:56:26.509+0530][gc,heap      ] GC(4) Eden regions: 22->0(23)
[2021-07-09T17:56:26.509+0530][gc,heap      ] GC(4) Survivor regions: 3->2(4)
[2021-07-09T17:56:26.509+0530][gc,heap      ] GC(4) Old regions: 10->11
[2021-07-09T17:56:26.509+0530][gc,heap      ] GC(4) Humongous regions: 34->34
[2021-07-09T17:56:26.509+0530][gc,metaspace ] GC(4) Metaspace: 20368K->20368K(1069056K)
[2021-07-09T17:56:26.509+0530][gc           ] GC(4) Pause Young (Normal) (G1 Evacuation Pause) 66M->44M(512M) 5.707ms
[2021-07-09T17:56:26.509+0530][gc,cpu       ] GC(4) User=0.04s Sys=0.00s Real=0.01s
[2021-07-09T18:00:06.416+0530][gc,start     ] GC(5) Pause Young (Concurrent Start) (Metadata GC Threshold)
[2021-07-09T18:00:06.416+0530][gc,task      ] GC(5) Using 8 workers of 8 for evacuation
[2021-07-09T18:00:06.423+0530][gc,phases    ] GC(5)   Pre Evacuate Collection Set: 0.1ms
[2021-07-09T18:00:06.423+0530][gc,phases    ] GC(5)   Evacuate Collection Set: 6.1ms
[2021-07-09T18:00:06.423+0530][gc,phases    ] GC(5)   Post Evacuate Collection Set: 0.4ms
[2021-07-09T18:00:06.423+0530][gc,phases    ] GC(5)   Other: 0.7ms
[2021-07-09T18:00:06.423+0530][gc,heap      ] GC(5) Eden regions: 2->0(23)
[2021-07-09T18:00:06.423+0530][gc,heap      ] GC(5) Survivor regions: 2->2(4)
[2021-07-09T18:00:06.423+0530][gc,heap      ] GC(5) Old regions: 11->11
[2021-07-09T18:00:06.423+0530][gc,heap      ] GC(5) Humongous regions: 34->34
[2021-07-09T18:00:06.423+0530][gc,metaspace ] GC(5) Metaspace: 20457K->20457K(1069056K)
[2021-07-09T18:00:06.423+0530][gc           ] GC(5) Pause Young (Concurrent Start) (Metadata GC Threshold) 46M->44M(512M) 7.317ms
[2021-07-09T18:00:06.423+0530][gc,cpu       ] GC(5) User=0.03s Sys=0.00s Real=0.01s
[2021-07-09T18:00:06.423+0530][gc           ] GC(6) Concurrent Cycle
[2021-07-09T18:00:06.423+0530][gc,marking   ] GC(6) Concurrent Clear Claimed Marks
[2021-07-09T18:00:06.423+0530][gc,marking   ] GC(6) Concurrent Clear Claimed Marks 0.024ms
[2021-07-09T18:00:06.423+0530][gc,marking   ] GC(6) Concurrent Scan Root Regions
[2021-07-09T18:00:06.424+0530][gc,marking   ] GC(6) Concurrent Scan Root Regions 1.027ms
[2021-07-09T18:00:06.424+0530][gc,marking   ] GC(6) Concurrent Mark (280.536s)
[2021-07-09T18:00:06.424+0530][gc,marking   ] GC(6) Concurrent Mark From Roots
[2021-07-09T18:00:06.424+0530][gc,task      ] GC(6) Using 2 workers of 2 for marking
[2021-07-09T18:00:06.431+0530][gc,marking   ] GC(6) Concurrent Mark From Roots 7.281ms
[2021-07-09T18:00:06.431+0530][gc,marking   ] GC(6) Concurrent Preclean
[2021-07-09T18:00:06.432+0530][gc,marking   ] GC(6) Concurrent Preclean 0.152ms
[2021-07-09T18:00:06.432+0530][gc,marking   ] GC(6) Concurrent Mark (280.536s, 280.544s) 7.506ms
[2021-07-09T18:00:06.432+0530][gc,start     ] GC(6) Pause Remark
[2021-07-09T18:00:06.436+0530][gc,stringtable] GC(6) Cleaned string and symbol table, strings: 7961 processed, 14 removed, symbols: 51737 processed, 39 removed
[2021-07-09T18:00:06.436+0530][gc            ] GC(6) Pause Remark 44M->44M(512M) 4.398ms
[2021-07-09T18:00:06.436+0530][gc,cpu        ] GC(6) User=0.02s Sys=0.00s Real=0.00s
[2021-07-09T18:00:06.436+0530][gc,marking    ] GC(6) Concurrent Rebuild Remembered Sets
[2021-07-09T18:00:06.440+0530][gc,marking    ] GC(6) Concurrent Rebuild Remembered Sets 4.166ms
[2021-07-09T18:00:06.441+0530][gc,start      ] GC(6) Pause Cleanup
[2021-07-09T18:00:06.441+0530][gc            ] GC(6) Pause Cleanup 44M->44M(512M) 0.178ms
[2021-07-09T18:00:06.441+0530][gc,cpu        ] GC(6) User=0.00s Sys=0.00s Real=0.00s
[2021-07-09T18:00:06.441+0530][gc,marking    ] GC(6) Concurrent Cleanup for Next Mark
[2021-07-09T18:00:06.443+0530][gc,marking    ] GC(6) Concurrent Cleanup for Next Mark 2.470ms
[2021-07-09T18:00:06.443+0530][gc            ] GC(6) Concurrent Cycle 20.312ms
[2021-07-10T16:34:44.207+0530][gc,heap,exit  ] Heap
[2021-07-10T16:34:44.246+0530][gc,heap,exit  ]  garbage-first heap   total 524288K, used 49080K [0x00000000e0000000, 0x0000000100000000)
[2021-07-10T16:34:44.246+0530][gc,heap,exit  ]   region size 1024K, 6 young (6144K), 2 survivors (2048K)
[2021-07-10T16:34:44.246+0530][gc,heap,exit  ]  Metaspace       used 20746K, capacity 21207K, committed 21808K, reserved 1069056K
[2021-07-10T16:34:44.246+0530][gc,heap,exit  ]   class space    used 2407K, capacity 2575K, committed 2688K, reserved 1048576K
