[2021-07-09T17:10:57.966+0530][gc,heap] Heap region size: 1M
[2021-07-09T17:10:57.972+0530][gc     ] Using G1
[2021-07-09T17:10:57.972+0530][gc,heap,coops] Heap address: 0x00000000e0000000, size: 512 MB, Compressed Oops mode: 32-bit
[2021-07-09T17:10:57.973+0530][gc,cds       ] Mark closed archive regions in map: [0x00000000fff00000, 0x00000000fff6aff8]
[2021-07-09T17:10:57.973+0530][gc,cds       ] Mark open archive regions in map: [0x00000000ffe00000, 0x00000000ffe46ff8]
[2021-07-09T17:10:58.687+0530][gc,start     ] GC(0) Pause Young (Normal) (G1 Evacuation Pause)
[2021-07-09T17:10:58.688+0530][gc,task      ] GC(0) Using 8 workers of 8 for evacuation
[2021-07-09T17:10:58.706+0530][gc,phases    ] GC(0)   Pre Evacuate Collection Set: 0.0ms
[2021-07-09T17:10:58.706+0530][gc,phases    ] GC(0)   Evacuate Collection Set: 16.9ms
[2021-07-09T17:10:58.706+0530][gc,phases    ] GC(0)   Post Evacuate Collection Set: 0.4ms
[2021-07-09T17:10:58.706+0530][gc,phases    ] GC(0)   Other: 1.1ms
[2021-07-09T17:10:58.706+0530][gc,heap      ] GC(0) Eden regions: 25->0(21)
[2021-07-09T17:10:58.706+0530][gc,heap      ] GC(0) Survivor regions: 0->4(4)
[2021-07-09T17:10:58.706+0530][gc,heap      ] GC(0) Old regions: 2->4
[2021-07-09T17:10:58.706+0530][gc,heap      ] GC(0) Humongous regions: 0->0
[2021-07-09T17:10:58.706+0530][gc,metaspace ] GC(0) Metaspace: 8544K->8544K(1056768K)
[2021-07-09T17:10:58.706+0530][gc           ] GC(0) Pause Young (Normal) (G1 Evacuation Pause) 25M->6M(512M) 18.570ms
[2021-07-09T17:10:58.706+0530][gc,cpu       ] GC(0) User=0.13s Sys=0.00s Real=0.02s
[2021-07-09T17:11:01.294+0530][gc,start     ] GC(1) Pause Young (Normal) (G1 Evacuation Pause)
[2021-07-09T17:11:01.294+0530][gc,task      ] GC(1) Using 8 workers of 8 for evacuation
[2021-07-09T17:11:01.306+0530][gc,phases    ] GC(1)   Pre Evacuate Collection Set: 0.0ms
[2021-07-09T17:11:01.306+0530][gc,phases    ] GC(1)   Evacuate Collection Set: 11.3ms
[2021-07-09T17:11:01.306+0530][gc,phases    ] GC(1)   Post Evacuate Collection Set: 0.5ms
[2021-07-09T17:11:01.306+0530][gc,phases    ] GC(1)   Other: 0.4ms
[2021-07-09T17:11:01.306+0530][gc,heap      ] GC(1) Eden regions: 21->0(23)
[2021-07-09T17:11:01.306+0530][gc,heap      ] GC(1) Survivor regions: 4->2(4)
[2021-07-09T17:11:01.306+0530][gc,heap      ] GC(1) Old regions: 4->8
[2021-07-09T17:11:01.306+0530][gc,heap      ] GC(1) Humongous regions: 0->0
[2021-07-09T17:11:01.306+0530][gc,metaspace ] GC(1) Metaspace: 13114K->13114K(1060864K)
[2021-07-09T17:11:01.306+0530][gc           ] GC(1) Pause Young (Normal) (G1 Evacuation Pause) 27M->8M(512M) 12.326ms
[2021-07-09T17:11:01.306+0530][gc,cpu       ] GC(1) User=0.07s Sys=0.00s Real=0.01s
[2021-07-09T17:11:11.821+0530][gc,start     ] GC(2) Pause Young (Normal) (G1 Evacuation Pause)
[2021-07-09T17:11:11.821+0530][gc,task      ] GC(2) Using 8 workers of 8 for evacuation
[2021-07-09T17:11:11.825+0530][gc,phases    ] GC(2)   Pre Evacuate Collection Set: 0.0ms
[2021-07-09T17:11:11.825+0530][gc,phases    ] GC(2)   Evacuate Collection Set: 3.2ms
[2021-07-09T17:11:11.825+0530][gc,phases    ] GC(2)   Post Evacuate Collection Set: 0.2ms
[2021-07-09T17:11:11.825+0530][gc,phases    ] GC(2)   Other: 0.2ms
[2021-07-09T17:11:11.825+0530][gc,heap      ] GC(2) Eden regions: 23->0(22)
[2021-07-09T17:11:11.825+0530][gc,heap      ] GC(2) Survivor regions: 2->3(4)
[2021-07-09T17:11:11.825+0530][gc,heap      ] GC(2) Old regions: 8->8
[2021-07-09T17:11:11.825+0530][gc,heap      ] GC(2) Humongous regions: 0->0
[2021-07-09T17:11:11.825+0530][gc,metaspace ] GC(2) Metaspace: 15861K->15861K(1064960K)
[2021-07-09T17:11:11.825+0530][gc           ] GC(2) Pause Young (Normal) (G1 Evacuation Pause) 31M->9M(512M) 3.791ms
[2021-07-09T17:11:11.825+0530][gc,cpu       ] GC(2) User=0.02s Sys=0.00s Real=0.00s
[2021-07-09T17:11:12.333+0530][gc,start     ] GC(3) Pause Young (Normal) (G1 Evacuation Pause)
[2021-07-09T17:11:12.333+0530][gc,task      ] GC(3) Using 8 workers of 8 for evacuation
[2021-07-09T17:11:12.338+0530][gc,phases    ] GC(3)   Pre Evacuate Collection Set: 0.0ms
[2021-07-09T17:11:12.339+0530][gc,phases    ] GC(3)   Evacuate Collection Set: 3.9ms
[2021-07-09T17:11:12.339+0530][gc,phases    ] GC(3)   Post Evacuate Collection Set: 1.2ms
[2021-07-09T17:11:12.339+0530][gc,phases    ] GC(3)   Other: 0.2ms
[2021-07-09T17:11:12.339+0530][gc,heap      ] GC(3) Eden regions: 22->0(22)
[2021-07-09T17:11:12.339+0530][gc,heap      ] GC(3) Survivor regions: 3->3(4)
[2021-07-09T17:11:12.339+0530][gc,heap      ] GC(3) Old regions: 8->10
[2021-07-09T17:11:12.339+0530][gc,heap      ] GC(3) Humongous regions: 17->17
[2021-07-09T17:11:12.339+0530][gc,metaspace ] GC(3) Metaspace: 19701K->19701K(1067008K)
[2021-07-09T17:11:12.339+0530][gc           ] GC(3) Pause Young (Normal) (G1 Evacuation Pause) 48M->27M(512M) 5.502ms
[2021-07-09T17:11:12.339+0530][gc,cpu       ] GC(3) User=0.03s Sys=0.01s Real=0.01s
[2021-07-09T17:13:11.577+0530][gc,start     ] GC(4) Pause Young (Normal) (G1 Evacuation Pause)
[2021-07-09T17:13:11.577+0530][gc,task      ] GC(4) Using 8 workers of 8 for evacuation
[2021-07-09T17:13:11.584+0530][gc,phases    ] GC(4)   Pre Evacuate Collection Set: 0.1ms
[2021-07-09T17:13:11.584+0530][gc,phases    ] GC(4)   Evacuate Collection Set: 6.2ms
[2021-07-09T17:13:11.584+0530][gc,phases    ] GC(4)   Post Evacuate Collection Set: 0.4ms
[2021-07-09T17:13:11.584+0530][gc,phases    ] GC(4)   Other: 0.6ms
[2021-07-09T17:13:11.584+0530][gc,heap      ] GC(4) Eden regions: 22->0(23)
[2021-07-09T17:13:11.584+0530][gc,heap      ] GC(4) Survivor regions: 3->2(4)
[2021-07-09T17:13:11.584+0530][gc,heap      ] GC(4) Old regions: 10->11
[2021-07-09T17:13:11.584+0530][gc,heap      ] GC(4) Humongous regions: 34->34
[2021-07-09T17:13:11.584+0530][gc,metaspace ] GC(4) Metaspace: 20411K->20411K(1069056K)
[2021-07-09T17:13:11.584+0530][gc           ] GC(4) Pause Young (Normal) (G1 Evacuation Pause) 66M->45M(512M) 7.397ms
[2021-07-09T17:13:11.584+0530][gc,cpu       ] GC(4) User=0.03s Sys=0.01s Real=0.01s
[2021-07-09T17:13:11.585+0530][gc,heap,exit ] Heap
[2021-07-09T17:13:11.585+0530][gc,heap,exit ]  garbage-first heap   total 524288K, used 46133K [0x00000000e0000000, 0x0000000100000000)
[2021-07-09T17:13:11.585+0530][gc,heap,exit ]   region size 1024K, 3 young (3072K), 2 survivors (2048K)
[2021-07-09T17:13:11.585+0530][gc,heap,exit ]  Metaspace       used 20414K, capacity 20834K, committed 21296K, reserved 1069056K
[2021-07-09T17:13:11.585+0530][gc,heap,exit ]   class space    used 2410K, capacity 2579K, committed 2688K, reserved 1048576K
