[2021-07-09T16:06:38.657+0530][gc,heap] Heap region size: 1M
[2021-07-09T16:06:38.663+0530][gc     ] Using G1
[2021-07-09T16:06:38.663+0530][gc,heap,coops] Heap address: 0x00000000e0000000, size: 512 MB, Compressed Oops mode: 32-bit
[2021-07-09T16:06:38.664+0530][gc,cds       ] Mark closed archive regions in map: [0x00000000fff00000, 0x00000000fff6aff8]
[2021-07-09T16:06:38.664+0530][gc,cds       ] Mark open archive regions in map: [0x00000000ffe00000, 0x00000000ffe46ff8]
[2021-07-09T16:06:39.223+0530][gc,start     ] GC(0) Pause Young (Normal) (G1 Evacuation Pause)
[2021-07-09T16:06:39.225+0530][gc,task      ] GC(0) Using 8 workers of 8 for evacuation
[2021-07-09T16:06:39.239+0530][gc,phases    ] GC(0)   Pre Evacuate Collection Set: 0.0ms
[2021-07-09T16:06:39.239+0530][gc,phases    ] GC(0)   Evacuate Collection Set: 13.0ms
[2021-07-09T16:06:39.239+0530][gc,phases    ] GC(0)   Post Evacuate Collection Set: 0.4ms
[2021-07-09T16:06:39.239+0530][gc,phases    ] GC(0)   Other: 2.0ms
[2021-07-09T16:06:39.239+0530][gc,heap      ] GC(0) Eden regions: 25->0(21)
[2021-07-09T16:06:39.239+0530][gc,heap      ] GC(0) Survivor regions: 0->4(4)
[2021-07-09T16:06:39.239+0530][gc,heap      ] GC(0) Old regions: 2->4
[2021-07-09T16:06:39.239+0530][gc,heap      ] GC(0) Humongous regions: 0->0
[2021-07-09T16:06:39.239+0530][gc,metaspace ] GC(0) Metaspace: 8544K->8544K(1056768K)
[2021-07-09T16:06:39.239+0530][gc           ] GC(0) Pause Young (Normal) (G1 Evacuation Pause) 25M->6M(512M) 15.519ms
[2021-07-09T16:06:39.239+0530][gc,cpu       ] GC(0) User=0.10s Sys=0.00s Real=0.02s
[2021-07-09T16:06:44.114+0530][gc,start     ] GC(1) Pause Young (Normal) (G1 Evacuation Pause)
[2021-07-09T16:06:44.114+0530][gc,task      ] GC(1) Using 8 workers of 8 for evacuation
[2021-07-09T16:06:44.147+0530][gc,mmu       ] GC(1) MMU target violated: 21.0ms (20.0ms/21.0ms)
[2021-07-09T16:06:44.148+0530][gc,phases    ] GC(1)   Pre Evacuate Collection Set: 0.0ms
[2021-07-09T16:06:44.148+0530][gc,phases    ] GC(1)   Evacuate Collection Set: 31.8ms
[2021-07-09T16:06:44.148+0530][gc,phases    ] GC(1)   Post Evacuate Collection Set: 1.5ms
[2021-07-09T16:06:44.148+0530][gc,phases    ] GC(1)   Other: 0.3ms
[2021-07-09T16:06:44.148+0530][gc,heap      ] GC(1) Eden regions: 21->0(23)
[2021-07-09T16:06:44.148+0530][gc,heap      ] GC(1) Survivor regions: 4->2(4)
[2021-07-09T16:06:44.148+0530][gc,heap      ] GC(1) Old regions: 4->8
[2021-07-09T16:06:44.148+0530][gc,heap      ] GC(1) Humongous regions: 0->0
[2021-07-09T16:06:44.148+0530][gc,metaspace ] GC(1) Metaspace: 13046K->13046K(1060864K)
[2021-07-09T16:06:44.148+0530][gc           ] GC(1) Pause Young (Normal) (G1 Evacuation Pause) 27M->8M(512M) 33.727ms
[2021-07-09T16:06:44.148+0530][gc,cpu       ] GC(1) User=0.11s Sys=0.00s Real=0.03s
[2021-07-09T16:06:44.509+0530][gc,start     ] GC(2) Pause Young (Normal) (G1 Evacuation Pause)
[2021-07-09T16:06:44.509+0530][gc,task      ] GC(2) Using 8 workers of 8 for evacuation
[2021-07-09T16:06:44.513+0530][gc,phases    ] GC(2)   Pre Evacuate Collection Set: 0.0ms
[2021-07-09T16:06:44.513+0530][gc,phases    ] GC(2)   Evacuate Collection Set: 3.2ms
[2021-07-09T16:06:44.513+0530][gc,phases    ] GC(2)   Post Evacuate Collection Set: 0.3ms
[2021-07-09T16:06:44.513+0530][gc,phases    ] GC(2)   Other: 0.1ms
[2021-07-09T16:06:44.513+0530][gc,heap      ] GC(2) Eden regions: 23->0(22)
[2021-07-09T16:06:44.513+0530][gc,heap      ] GC(2) Survivor regions: 2->3(4)
[2021-07-09T16:06:44.513+0530][gc,heap      ] GC(2) Old regions: 8->8
[2021-07-09T16:06:44.513+0530][gc,heap      ] GC(2) Humongous regions: 0->0
[2021-07-09T16:06:44.513+0530][gc,metaspace ] GC(2) Metaspace: 15801K->15801K(1062912K)
[2021-07-09T16:06:44.513+0530][gc           ] GC(2) Pause Young (Normal) (G1 Evacuation Pause) 31M->9M(512M) 3.733ms
[2021-07-09T16:06:44.513+0530][gc,cpu       ] GC(2) User=0.03s Sys=0.00s Real=0.01s
[2021-07-09T16:06:45.039+0530][gc,start     ] GC(3) Pause Young (Normal) (G1 Evacuation Pause)
[2021-07-09T16:06:45.039+0530][gc,task      ] GC(3) Using 8 workers of 8 for evacuation
[2021-07-09T16:06:45.043+0530][gc,phases    ] GC(3)   Pre Evacuate Collection Set: 0.0ms
[2021-07-09T16:06:45.044+0530][gc,phases    ] GC(3)   Evacuate Collection Set: 3.7ms
[2021-07-09T16:06:45.044+0530][gc,phases    ] GC(3)   Post Evacuate Collection Set: 1.1ms
[2021-07-09T16:06:45.044+0530][gc,phases    ] GC(3)   Other: 0.2ms
[2021-07-09T16:06:45.044+0530][gc,heap      ] GC(3) Eden regions: 22->0(22)
[2021-07-09T16:06:45.044+0530][gc,heap      ] GC(3) Survivor regions: 3->3(4)
[2021-07-09T16:06:45.044+0530][gc,heap      ] GC(3) Old regions: 8->10
[2021-07-09T16:06:45.044+0530][gc,heap      ] GC(3) Humongous regions: 17->17
[2021-07-09T16:06:45.044+0530][gc,metaspace ] GC(3) Metaspace: 19550K->19550K(1067008K)
[2021-07-09T16:06:45.044+0530][gc           ] GC(3) Pause Young (Normal) (G1 Evacuation Pause) 48M->27M(512M) 5.080ms
[2021-07-09T16:06:45.044+0530][gc,cpu       ] GC(3) User=0.03s Sys=0.00s Real=0.00s
[2021-07-09T16:07:39.505+0530][gc,start     ] GC(4) Pause Young (Normal) (G1 Evacuation Pause)
[2021-07-09T16:07:39.506+0530][gc,task      ] GC(4) Using 8 workers of 8 for evacuation
[2021-07-09T16:07:39.512+0530][gc,phases    ] GC(4)   Pre Evacuate Collection Set: 0.0ms
[2021-07-09T16:07:39.512+0530][gc,phases    ] GC(4)   Evacuate Collection Set: 5.7ms
[2021-07-09T16:07:39.512+0530][gc,phases    ] GC(4)   Post Evacuate Collection Set: 0.4ms
[2021-07-09T16:07:39.512+0530][gc,phases    ] GC(4)   Other: 0.5ms
[2021-07-09T16:07:39.512+0530][gc,heap      ] GC(4) Eden regions: 22->0(23)
[2021-07-09T16:07:39.512+0530][gc,heap      ] GC(4) Survivor regions: 3->2(4)
[2021-07-09T16:07:39.512+0530][gc,heap      ] GC(4) Old regions: 10->11
[2021-07-09T16:07:39.512+0530][gc,heap      ] GC(4) Humongous regions: 34->34
[2021-07-09T16:07:39.512+0530][gc,metaspace ] GC(4) Metaspace: 20362K->20362K(1067008K)
[2021-07-09T16:07:39.512+0530][gc           ] GC(4) Pause Young (Normal) (G1 Evacuation Pause) 66M->44M(512M) 6.722ms
[2021-07-09T16:07:39.512+0530][gc,cpu       ] GC(4) User=0.03s Sys=0.00s Real=0.01s
[2021-07-09T16:14:19.502+0530][gc,start     ] GC(5) Pause Young (Concurrent Start) (Metadata GC Threshold)
[2021-07-09T16:14:19.502+0530][gc,task      ] GC(5) Using 8 workers of 8 for evacuation
[2021-07-09T16:14:19.507+0530][gc,phases    ] GC(5)   Pre Evacuate Collection Set: 0.1ms
[2021-07-09T16:14:19.507+0530][gc,phases    ] GC(5)   Evacuate Collection Set: 4.2ms
[2021-07-09T16:14:19.507+0530][gc,phases    ] GC(5)   Post Evacuate Collection Set: 0.3ms
[2021-07-09T16:14:19.507+0530][gc,phases    ] GC(5)   Other: 0.3ms
[2021-07-09T16:14:19.507+0530][gc,heap      ] GC(5) Eden regions: 2->0(23)
[2021-07-09T16:14:19.507+0530][gc,heap      ] GC(5) Survivor regions: 2->2(4)
[2021-07-09T16:14:19.507+0530][gc,heap      ] GC(5) Old regions: 11->11
[2021-07-09T16:14:19.507+0530][gc,heap      ] GC(5) Humongous regions: 34->34
[2021-07-09T16:14:19.507+0530][gc,metaspace ] GC(5) Metaspace: 20538K->20538K(1069056K)
[2021-07-09T16:14:19.507+0530][gc           ] GC(5) Pause Young (Concurrent Start) (Metadata GC Threshold) 46M->44M(512M) 4.958ms
[2021-07-09T16:14:19.507+0530][gc,cpu       ] GC(5) User=0.02s Sys=0.00s Real=0.00s
[2021-07-09T16:14:19.507+0530][gc           ] GC(6) Concurrent Cycle
[2021-07-09T16:14:19.507+0530][gc,marking   ] GC(6) Concurrent Clear Claimed Marks
[2021-07-09T16:14:19.507+0530][gc,marking   ] GC(6) Concurrent Clear Claimed Marks 0.027ms
[2021-07-09T16:14:19.507+0530][gc,marking   ] GC(6) Concurrent Scan Root Regions
[2021-07-09T16:14:19.508+0530][gc,marking   ] GC(6) Concurrent Scan Root Regions 1.070ms
[2021-07-09T16:14:19.508+0530][gc,marking   ] GC(6) Concurrent Mark (460.855s)
[2021-07-09T16:14:19.508+0530][gc,marking   ] GC(6) Concurrent Mark From Roots
[2021-07-09T16:14:19.508+0530][gc,task      ] GC(6) Using 2 workers of 2 for marking
[2021-07-09T16:14:19.517+0530][gc,marking   ] GC(6) Concurrent Mark From Roots 8.456ms
[2021-07-09T16:14:19.517+0530][gc,marking   ] GC(6) Concurrent Preclean
[2021-07-09T16:14:19.517+0530][gc,marking   ] GC(6) Concurrent Preclean 0.160ms
[2021-07-09T16:14:19.517+0530][gc,marking   ] GC(6) Concurrent Mark (460.855s, 460.863s) 8.687ms
[2021-07-09T16:14:19.517+0530][gc,start     ] GC(6) Pause Remark
[2021-07-09T16:14:19.522+0530][gc,stringtable] GC(6) Cleaned string and symbol table, strings: 7985 processed, 14 removed, symbols: 51737 processed, 39 removed
[2021-07-09T16:14:19.522+0530][gc            ] GC(6) Pause Remark 44M->44M(512M) 4.876ms
[2021-07-09T16:14:19.522+0530][gc,cpu        ] GC(6) User=0.03s Sys=0.00s Real=0.01s
[2021-07-09T16:14:19.522+0530][gc,marking    ] GC(6) Concurrent Rebuild Remembered Sets
[2021-07-09T16:14:19.526+0530][gc,marking    ] GC(6) Concurrent Rebuild Remembered Sets 4.146ms
[2021-07-09T16:14:19.526+0530][gc,start      ] GC(6) Pause Cleanup
[2021-07-09T16:14:19.527+0530][gc            ] GC(6) Pause Cleanup 44M->44M(512M) 0.191ms
[2021-07-09T16:14:19.527+0530][gc,cpu        ] GC(6) User=0.00s Sys=0.00s Real=0.00s
[2021-07-09T16:14:19.527+0530][gc,marking    ] GC(6) Concurrent Cleanup for Next Mark
[2021-07-09T16:14:19.529+0530][gc,marking    ] GC(6) Concurrent Cleanup for Next Mark 2.436ms
[2021-07-09T16:14:19.529+0530][gc            ] GC(6) Concurrent Cycle 22.038ms
[2021-07-09T16:18:55.407+0530][gc,heap,exit  ] Heap
[2021-07-09T16:18:55.408+0530][gc,heap,exit  ]  garbage-first heap   total 524288K, used 47060K [0x00000000e0000000, 0x0000000100000000)
[2021-07-09T16:18:55.408+0530][gc,heap,exit  ]   region size 1024K, 4 young (4096K), 2 survivors (2048K)
[2021-07-09T16:18:55.408+0530][gc,heap,exit  ]  Metaspace       used 20611K, capacity 21015K, committed 21552K, reserved 1069056K
[2021-07-09T16:18:55.408+0530][gc,heap,exit  ]   class space    used 2408K, capacity 2575K, committed 2688K, reserved 1048576K
