[2021-07-09T17:13:24.363+0530][gc,heap] Heap region size: 1M
[2021-07-09T17:13:24.370+0530][gc     ] Using G1
[2021-07-09T17:13:24.371+0530][gc,heap,coops] Heap address: 0x00000000e0000000, size: 512 MB, Compressed Oops mode: 32-bit
[2021-07-09T17:13:24.371+0530][gc,cds       ] Mark closed archive regions in map: [0x00000000fff00000, 0x00000000fff6aff8]
[2021-07-09T17:13:24.371+0530][gc,cds       ] Mark open archive regions in map: [0x00000000ffe00000, 0x00000000ffe46ff8]
[2021-07-09T17:13:24.931+0530][gc,start     ] GC(0) Pause Young (Normal) (G1 Evacuation Pause)
[2021-07-09T17:13:24.934+0530][gc,task      ] GC(0) Using 8 workers of 8 for evacuation
[2021-07-09T17:13:24.947+0530][gc,phases    ] GC(0)   Pre Evacuate Collection Set: 0.0ms
[2021-07-09T17:13:24.947+0530][gc,phases    ] GC(0)   Evacuate Collection Set: 13.0ms
[2021-07-09T17:13:24.947+0530][gc,phases    ] GC(0)   Post Evacuate Collection Set: 0.4ms
[2021-07-09T17:13:24.947+0530][gc,phases    ] GC(0)   Other: 2.9ms
[2021-07-09T17:13:24.947+0530][gc,heap      ] GC(0) Eden regions: 25->0(21)
[2021-07-09T17:13:24.947+0530][gc,heap      ] GC(0) Survivor regions: 0->4(4)
[2021-07-09T17:13:24.947+0530][gc,heap      ] GC(0) Old regions: 2->4
[2021-07-09T17:13:24.947+0530][gc,heap      ] GC(0) Humongous regions: 0->0
[2021-07-09T17:13:24.947+0530][gc,metaspace ] GC(0) Metaspace: 8544K->8544K(1056768K)
[2021-07-09T17:13:24.947+0530][gc           ] GC(0) Pause Young (Normal) (G1 Evacuation Pause) 25M->6M(512M) 16.530ms
[2021-07-09T17:13:24.947+0530][gc,cpu       ] GC(0) User=0.10s Sys=0.00s Real=0.01s
[2021-07-09T17:13:25.197+0530][gc,heap,exit ] Heap
[2021-07-09T17:13:25.197+0530][gc,heap,exit ]  garbage-first heap   total 524288K, used 24793K [0x00000000e0000000, 0x0000000100000000)
[2021-07-09T17:13:25.197+0530][gc,heap,exit ]   region size 1024K, 23 young (23552K), 4 survivors (4096K)
[2021-07-09T17:13:25.197+0530][gc,heap,exit ]  Metaspace       used 12815K, capacity 13245K, committed 13568K, reserved 1060864K
[2021-07-09T17:13:25.197+0530][gc,heap,exit ]   class space    used 1534K, capacity 1696K, committed 1792K, reserved 1048576K
