[2021-07-09T16:04:50.084+0530][gc,heap] Heap region size: 1M
[2021-07-09T16:04:50.090+0530][gc     ] Using G1
[2021-07-09T16:04:50.090+0530][gc,heap,coops] Heap address: 0x00000000e0000000, size: 512 MB, Compressed Oops mode: 32-bit
[2021-07-09T16:04:50.091+0530][gc,cds       ] Mark closed archive regions in map: [0x00000000fff00000, 0x00000000fff6aff8]
[2021-07-09T16:04:50.091+0530][gc,cds       ] Mark open archive regions in map: [0x00000000ffe00000, 0x00000000ffe46ff8]
[2021-07-09T16:04:50.695+0530][gc,start     ] GC(0) Pause Young (Normal) (G1 Evacuation Pause)
[2021-07-09T16:04:50.696+0530][gc,task      ] GC(0) Using 8 workers of 8 for evacuation
[2021-07-09T16:04:50.708+0530][gc,phases    ] GC(0)   Pre Evacuate Collection Set: 0.0ms
[2021-07-09T16:04:50.708+0530][gc,phases    ] GC(0)   Evacuate Collection Set: 11.0ms
[2021-07-09T16:04:50.708+0530][gc,phases    ] GC(0)   Post Evacuate Collection Set: 0.7ms
[2021-07-09T16:04:50.708+0530][gc,phases    ] GC(0)   Other: 1.5ms
[2021-07-09T16:04:50.708+0530][gc,heap      ] GC(0) Eden regions: 25->0(21)
[2021-07-09T16:04:50.708+0530][gc,heap      ] GC(0) Survivor regions: 0->4(4)
[2021-07-09T16:04:50.708+0530][gc,heap      ] GC(0) Old regions: 2->4
[2021-07-09T16:04:50.708+0530][gc,heap      ] GC(0) Humongous regions: 0->0
[2021-07-09T16:04:50.708+0530][gc,metaspace ] GC(0) Metaspace: 8563K->8563K(1056768K)
[2021-07-09T16:04:50.708+0530][gc           ] GC(0) Pause Young (Normal) (G1 Evacuation Pause) 25M->6M(512M) 13.516ms
[2021-07-09T16:04:50.709+0530][gc,cpu       ] GC(0) User=0.08s Sys=0.01s Real=0.01s
[2021-07-09T16:04:57.033+0530][gc,start     ] GC(1) Pause Young (Normal) (G1 Evacuation Pause)
[2021-07-09T16:04:57.034+0530][gc,task      ] GC(1) Using 8 workers of 8 for evacuation
[2021-07-09T16:04:57.068+0530][gc,mmu       ] GC(1) MMU target violated: 21.0ms (20.0ms/21.0ms)
[2021-07-09T16:04:57.069+0530][gc,phases    ] GC(1)   Pre Evacuate Collection Set: 0.0ms
[2021-07-09T16:04:57.069+0530][gc,phases    ] GC(1)   Evacuate Collection Set: 33.3ms
[2021-07-09T16:04:57.069+0530][gc,phases    ] GC(1)   Post Evacuate Collection Set: 1.4ms
[2021-07-09T16:04:57.069+0530][gc,phases    ] GC(1)   Other: 0.3ms
[2021-07-09T16:04:57.069+0530][gc,heap      ] GC(1) Eden regions: 21->0(23)
[2021-07-09T16:04:57.069+0530][gc,heap      ] GC(1) Survivor regions: 4->2(4)
[2021-07-09T16:04:57.069+0530][gc,heap      ] GC(1) Old regions: 4->8
[2021-07-09T16:04:57.069+0530][gc,heap      ] GC(1) Humongous regions: 0->0
[2021-07-09T16:04:57.069+0530][gc,metaspace ] GC(1) Metaspace: 13046K->13046K(1060864K)
[2021-07-09T16:04:57.069+0530][gc           ] GC(1) Pause Young (Normal) (G1 Evacuation Pause) 27M->8M(512M) 35.168ms
[2021-07-09T16:04:57.069+0530][gc,cpu       ] GC(1) User=0.08s Sys=0.00s Real=0.03s
[2021-07-09T16:04:57.406+0530][gc,start     ] GC(2) Pause Young (Normal) (G1 Evacuation Pause)
[2021-07-09T16:04:57.406+0530][gc,task      ] GC(2) Using 8 workers of 8 for evacuation
[2021-07-09T16:04:57.409+0530][gc,phases    ] GC(2)   Pre Evacuate Collection Set: 0.0ms
[2021-07-09T16:04:57.409+0530][gc,phases    ] GC(2)   Evacuate Collection Set: 2.8ms
[2021-07-09T16:04:57.409+0530][gc,phases    ] GC(2)   Post Evacuate Collection Set: 0.3ms
[2021-07-09T16:04:57.409+0530][gc,phases    ] GC(2)   Other: 0.2ms
[2021-07-09T16:04:57.409+0530][gc,heap      ] GC(2) Eden regions: 23->0(22)
[2021-07-09T16:04:57.409+0530][gc,heap      ] GC(2) Survivor regions: 2->3(4)
[2021-07-09T16:04:57.409+0530][gc,heap      ] GC(2) Old regions: 8->8
[2021-07-09T16:04:57.409+0530][gc,heap      ] GC(2) Humongous regions: 0->0
[2021-07-09T16:04:57.409+0530][gc,metaspace ] GC(2) Metaspace: 15722K->15722K(1062912K)
[2021-07-09T16:04:57.409+0530][gc           ] GC(2) Pause Young (Normal) (G1 Evacuation Pause) 31M->9M(512M) 3.415ms
[2021-07-09T16:04:57.409+0530][gc,cpu       ] GC(2) User=0.02s Sys=0.00s Real=0.01s
[2021-07-09T16:04:57.931+0530][gc,start     ] GC(3) Pause Young (Normal) (G1 Evacuation Pause)
[2021-07-09T16:04:57.931+0530][gc,task      ] GC(3) Using 8 workers of 8 for evacuation
[2021-07-09T16:04:57.937+0530][gc,phases    ] GC(3)   Pre Evacuate Collection Set: 0.0ms
[2021-07-09T16:04:57.937+0530][gc,phases    ] GC(3)   Evacuate Collection Set: 3.9ms
[2021-07-09T16:04:57.937+0530][gc,phases    ] GC(3)   Post Evacuate Collection Set: 1.7ms
[2021-07-09T16:04:57.937+0530][gc,phases    ] GC(3)   Other: 0.2ms
[2021-07-09T16:04:57.937+0530][gc,heap      ] GC(3) Eden regions: 22->0(22)
[2021-07-09T16:04:57.937+0530][gc,heap      ] GC(3) Survivor regions: 3->3(4)
[2021-07-09T16:04:57.937+0530][gc,heap      ] GC(3) Old regions: 8->10
[2021-07-09T16:04:57.937+0530][gc,heap      ] GC(3) Humongous regions: 17->17
[2021-07-09T16:04:57.937+0530][gc,metaspace ] GC(3) Metaspace: 19589K->19589K(1067008K)
[2021-07-09T16:04:57.937+0530][gc           ] GC(3) Pause Young (Normal) (G1 Evacuation Pause) 48M->27M(512M) 5.939ms
[2021-07-09T16:04:57.937+0530][gc,cpu       ] GC(3) User=0.04s Sys=0.00s Real=0.01s
[2021-07-09T16:05:21.048+0530][gc,start     ] GC(4) Pause Young (Normal) (G1 Evacuation Pause)
[2021-07-09T16:05:21.048+0530][gc,task      ] GC(4) Using 8 workers of 8 for evacuation
[2021-07-09T16:05:21.056+0530][gc,phases    ] GC(4)   Pre Evacuate Collection Set: 0.0ms
[2021-07-09T16:05:21.057+0530][gc,phases    ] GC(4)   Evacuate Collection Set: 7.4ms
[2021-07-09T16:05:21.057+0530][gc,phases    ] GC(4)   Post Evacuate Collection Set: 0.6ms
[2021-07-09T16:05:21.057+0530][gc,phases    ] GC(4)   Other: 0.4ms
[2021-07-09T16:05:21.057+0530][gc,heap      ] GC(4) Eden regions: 22->0(23)
[2021-07-09T16:05:21.057+0530][gc,heap      ] GC(4) Survivor regions: 3->2(4)
[2021-07-09T16:05:21.057+0530][gc,heap      ] GC(4) Old regions: 10->11
[2021-07-09T16:05:21.057+0530][gc,heap      ] GC(4) Humongous regions: 34->34
[2021-07-09T16:05:21.057+0530][gc,metaspace ] GC(4) Metaspace: 20423K->20423K(1067008K)
[2021-07-09T16:05:21.057+0530][gc           ] GC(4) Pause Young (Normal) (G1 Evacuation Pause) 66M->44M(512M) 8.774ms
[2021-07-09T16:05:21.057+0530][gc,cpu       ] GC(4) User=0.04s Sys=0.00s Real=0.01s
[2021-07-09T16:05:23.211+0530][gc,heap,exit ] Heap
[2021-07-09T16:05:23.211+0530][gc,heap,exit ]  garbage-first heap   total 524288K, used 46967K [0x00000000e0000000, 0x0000000100000000)
[2021-07-09T16:05:23.211+0530][gc,heap,exit ]   region size 1024K, 4 young (4096K), 2 survivors (2048K)
[2021-07-09T16:05:23.211+0530][gc,heap,exit ]  Metaspace       used 20444K, capacity 20896K, committed 21296K, reserved 1069056K
[2021-07-09T16:05:23.211+0530][gc,heap,exit ]   class space    used 2409K, capacity 2578K, committed 2688K, reserved 1048576K
