[2021-07-09T16:19:06.978+0530][gc,heap] Heap region size: 1M
[2021-07-09T16:19:06.983+0530][gc     ] Using G1
[2021-07-09T16:19:06.983+0530][gc,heap,coops] Heap address: 0x00000000e0000000, size: 512 MB, Compressed Oops mode: 32-bit
[2021-07-09T16:19:06.983+0530][gc,cds       ] Mark closed archive regions in map: [0x00000000fff00000, 0x00000000fff6aff8]
[2021-07-09T16:19:06.984+0530][gc,cds       ] Mark open archive regions in map: [0x00000000ffe00000, 0x00000000ffe46ff8]
[2021-07-09T16:19:07.545+0530][gc,start     ] GC(0) Pause Young (Normal) (G1 Evacuation Pause)
[2021-07-09T16:19:07.547+0530][gc,task      ] GC(0) Using 8 workers of 8 for evacuation
[2021-07-09T16:19:07.559+0530][gc,phases    ] GC(0)   Pre Evacuate Collection Set: 0.0ms
[2021-07-09T16:19:07.559+0530][gc,phases    ] GC(0)   Evacuate Collection Set: 11.0ms
[2021-07-09T16:19:07.559+0530][gc,phases    ] GC(0)   Post Evacuate Collection Set: 0.8ms
[2021-07-09T16:19:07.559+0530][gc,phases    ] GC(0)   Other: 2.2ms
[2021-07-09T16:19:07.560+0530][gc,heap      ] GC(0) Eden regions: 25->0(21)
[2021-07-09T16:19:07.560+0530][gc,heap      ] GC(0) Survivor regions: 0->4(4)
[2021-07-09T16:19:07.560+0530][gc,heap      ] GC(0) Old regions: 2->4
[2021-07-09T16:19:07.560+0530][gc,heap      ] GC(0) Humongous regions: 0->0
[2021-07-09T16:19:07.560+0530][gc,metaspace ] GC(0) Metaspace: 8524K->8524K(1056768K)
[2021-07-09T16:19:07.560+0530][gc           ] GC(0) Pause Young (Normal) (G1 Evacuation Pause) 25M->6M(512M) 14.286ms
[2021-07-09T16:19:07.560+0530][gc,cpu       ] GC(0) User=0.06s Sys=0.01s Real=0.02s
[2021-07-09T16:19:13.359+0530][gc,start     ] GC(1) Pause Young (Normal) (G1 Evacuation Pause)
[2021-07-09T16:19:13.359+0530][gc,task      ] GC(1) Using 8 workers of 8 for evacuation
[2021-07-09T16:19:13.395+0530][gc,mmu       ] GC(1) MMU target violated: 21.0ms (20.0ms/21.0ms)
[2021-07-09T16:19:13.396+0530][gc,phases    ] GC(1)   Pre Evacuate Collection Set: 0.0ms
[2021-07-09T16:19:13.396+0530][gc,phases    ] GC(1)   Evacuate Collection Set: 35.4ms
[2021-07-09T16:19:13.396+0530][gc,phases    ] GC(1)   Post Evacuate Collection Set: 1.3ms
[2021-07-09T16:19:13.396+0530][gc,phases    ] GC(1)   Other: 0.3ms
[2021-07-09T16:19:13.396+0530][gc,heap      ] GC(1) Eden regions: 21->0(23)
[2021-07-09T16:19:13.396+0530][gc,heap      ] GC(1) Survivor regions: 4->2(4)
[2021-07-09T16:19:13.396+0530][gc,heap      ] GC(1) Old regions: 4->8
[2021-07-09T16:19:13.396+0530][gc,heap      ] GC(1) Humongous regions: 0->0
[2021-07-09T16:19:13.396+0530][gc,metaspace ] GC(1) Metaspace: 13394K->13394K(1060864K)
[2021-07-09T16:19:13.396+0530][gc           ] GC(1) Pause Young (Normal) (G1 Evacuation Pause) 27M->8M(512M) 37.139ms
[2021-07-09T16:19:13.396+0530][gc,cpu       ] GC(1) User=0.13s Sys=0.01s Real=0.03s
[2021-07-09T16:19:13.727+0530][gc,start     ] GC(2) Pause Young (Normal) (G1 Evacuation Pause)
[2021-07-09T16:19:13.727+0530][gc,task      ] GC(2) Using 8 workers of 8 for evacuation
[2021-07-09T16:19:13.731+0530][gc,phases    ] GC(2)   Pre Evacuate Collection Set: 0.0ms
[2021-07-09T16:19:13.731+0530][gc,phases    ] GC(2)   Evacuate Collection Set: 2.9ms
[2021-07-09T16:19:13.731+0530][gc,phases    ] GC(2)   Post Evacuate Collection Set: 0.3ms
[2021-07-09T16:19:13.731+0530][gc,phases    ] GC(2)   Other: 0.2ms
[2021-07-09T16:19:13.731+0530][gc,heap      ] GC(2) Eden regions: 23->0(22)
[2021-07-09T16:19:13.731+0530][gc,heap      ] GC(2) Survivor regions: 2->3(4)
[2021-07-09T16:19:13.731+0530][gc,heap      ] GC(2) Old regions: 8->8
[2021-07-09T16:19:13.731+0530][gc,heap      ] GC(2) Humongous regions: 0->0
[2021-07-09T16:19:13.731+0530][gc,metaspace ] GC(2) Metaspace: 15750K->15750K(1062912K)
[2021-07-09T16:19:13.731+0530][gc           ] GC(2) Pause Young (Normal) (G1 Evacuation Pause) 31M->9M(512M) 3.450ms
[2021-07-09T16:19:13.731+0530][gc,cpu       ] GC(2) User=0.02s Sys=0.00s Real=0.01s
[2021-07-09T16:19:14.216+0530][gc,start     ] GC(3) Pause Young (Normal) (G1 Evacuation Pause)
[2021-07-09T16:19:14.216+0530][gc,task      ] GC(3) Using 8 workers of 8 for evacuation
[2021-07-09T16:19:14.221+0530][gc,phases    ] GC(3)   Pre Evacuate Collection Set: 0.0ms
[2021-07-09T16:19:14.221+0530][gc,phases    ] GC(3)   Evacuate Collection Set: 4.2ms
[2021-07-09T16:19:14.221+0530][gc,phases    ] GC(3)   Post Evacuate Collection Set: 1.0ms
[2021-07-09T16:19:14.221+0530][gc,phases    ] GC(3)   Other: 0.2ms
[2021-07-09T16:19:14.221+0530][gc,heap      ] GC(3) Eden regions: 22->0(22)
[2021-07-09T16:19:14.221+0530][gc,heap      ] GC(3) Survivor regions: 3->3(4)
[2021-07-09T16:19:14.221+0530][gc,heap      ] GC(3) Old regions: 8->10
[2021-07-09T16:19:14.221+0530][gc,heap      ] GC(3) Humongous regions: 17->17
[2021-07-09T16:19:14.221+0530][gc,metaspace ] GC(3) Metaspace: 19540K->19540K(1067008K)
[2021-07-09T16:19:14.221+0530][gc           ] GC(3) Pause Young (Normal) (G1 Evacuation Pause) 48M->27M(512M) 5.585ms
[2021-07-09T16:19:14.221+0530][gc,cpu       ] GC(3) User=0.03s Sys=0.00s Real=0.01s
[2021-07-09T16:19:53.398+0530][gc,start     ] GC(4) Pause Young (Normal) (G1 Evacuation Pause)
[2021-07-09T16:19:53.398+0530][gc,task      ] GC(4) Using 8 workers of 8 for evacuation
[2021-07-09T16:19:53.402+0530][gc,phases    ] GC(4)   Pre Evacuate Collection Set: 0.0ms
[2021-07-09T16:19:53.402+0530][gc,phases    ] GC(4)   Evacuate Collection Set: 3.5ms
[2021-07-09T16:19:53.402+0530][gc,phases    ] GC(4)   Post Evacuate Collection Set: 0.4ms
[2021-07-09T16:19:53.402+0530][gc,phases    ] GC(4)   Other: 0.2ms
[2021-07-09T16:19:53.402+0530][gc,heap      ] GC(4) Eden regions: 22->0(23)
[2021-07-09T16:19:53.402+0530][gc,heap      ] GC(4) Survivor regions: 3->2(4)
[2021-07-09T16:19:53.402+0530][gc,heap      ] GC(4) Old regions: 10->11
[2021-07-09T16:19:53.402+0530][gc,heap      ] GC(4) Humongous regions: 34->34
[2021-07-09T16:19:53.402+0530][gc,metaspace ] GC(4) Metaspace: 20422K->20422K(1069056K)
[2021-07-09T16:19:53.402+0530][gc           ] GC(4) Pause Young (Normal) (G1 Evacuation Pause) 66M->45M(512M) 4.167ms
[2021-07-09T16:19:53.402+0530][gc,cpu       ] GC(4) User=0.02s Sys=0.00s Real=0.00s
[2021-07-09T16:19:53.832+0530][gc,start     ] GC(5) Pause Young (Concurrent Start) (Metadata GC Threshold)
[2021-07-09T16:19:53.832+0530][gc,task      ] GC(5) Using 8 workers of 8 for evacuation
[2021-07-09T16:19:53.835+0530][gc,phases    ] GC(5)   Pre Evacuate Collection Set: 0.1ms
[2021-07-09T16:19:53.835+0530][gc,phases    ] GC(5)   Evacuate Collection Set: 2.5ms
[2021-07-09T16:19:53.835+0530][gc,phases    ] GC(5)   Post Evacuate Collection Set: 0.2ms
[2021-07-09T16:19:53.835+0530][gc,phases    ] GC(5)   Other: 0.3ms
[2021-07-09T16:19:53.835+0530][gc,heap      ] GC(5) Eden regions: 7->0(22)
[2021-07-09T16:19:53.835+0530][gc,heap      ] GC(5) Survivor regions: 2->3(4)
[2021-07-09T16:19:53.835+0530][gc,heap      ] GC(5) Old regions: 11->11
[2021-07-09T16:19:53.835+0530][gc,heap      ] GC(5) Humongous regions: 51->51
[2021-07-09T16:19:53.835+0530][gc,metaspace ] GC(5) Metaspace: 20459K->20459K(1069056K)
[2021-07-09T16:19:53.835+0530][gc           ] GC(5) Pause Young (Concurrent Start) (Metadata GC Threshold) 69M->62M(512M) 3.121ms
[2021-07-09T16:19:53.835+0530][gc,cpu       ] GC(5) User=0.02s Sys=0.00s Real=0.00s
[2021-07-09T16:19:53.835+0530][gc           ] GC(6) Concurrent Cycle
[2021-07-09T16:19:53.835+0530][gc,marking   ] GC(6) Concurrent Clear Claimed Marks
[2021-07-09T16:19:53.835+0530][gc,marking   ] GC(6) Concurrent Clear Claimed Marks 0.022ms
[2021-07-09T16:19:53.835+0530][gc,marking   ] GC(6) Concurrent Scan Root Regions
[2021-07-09T16:19:53.836+0530][gc,marking   ] GC(6) Concurrent Scan Root Regions 1.040ms
[2021-07-09T16:19:53.836+0530][gc,marking   ] GC(6) Concurrent Mark (46.861s)
[2021-07-09T16:19:53.836+0530][gc,marking   ] GC(6) Concurrent Mark From Roots
[2021-07-09T16:19:53.836+0530][gc,task      ] GC(6) Using 2 workers of 2 for marking
[2021-07-09T16:19:53.842+0530][gc,marking   ] GC(6) Concurrent Mark From Roots 6.248ms
[2021-07-09T16:19:53.842+0530][gc,marking   ] GC(6) Concurrent Preclean
[2021-07-09T16:19:53.842+0530][gc,marking   ] GC(6) Concurrent Preclean 0.158ms
[2021-07-09T16:19:53.842+0530][gc,marking   ] GC(6) Concurrent Mark (46.861s, 46.868s) 6.483ms
[2021-07-09T16:19:53.842+0530][gc,start     ] GC(6) Pause Remark
[2021-07-09T16:19:53.846+0530][gc,stringtable] GC(6) Cleaned string and symbol table, strings: 8019 processed, 14 removed, symbols: 51850 processed, 37 removed
[2021-07-09T16:19:53.846+0530][gc            ] GC(6) Pause Remark 62M->62M(512M) 3.791ms
[2021-07-09T16:19:53.846+0530][gc,cpu        ] GC(6) User=0.02s Sys=0.00s Real=0.00s
[2021-07-09T16:19:53.846+0530][gc,marking    ] GC(6) Concurrent Rebuild Remembered Sets
[2021-07-09T16:19:53.850+0530][gc,marking    ] GC(6) Concurrent Rebuild Remembered Sets 3.805ms
[2021-07-09T16:19:53.850+0530][gc,start      ] GC(6) Pause Cleanup
[2021-07-09T16:19:53.850+0530][gc            ] GC(6) Pause Cleanup 62M->62M(512M) 0.102ms
[2021-07-09T16:19:53.850+0530][gc,cpu        ] GC(6) User=0.00s Sys=0.00s Real=0.00s
[2021-07-09T16:19:53.850+0530][gc,marking    ] GC(6) Concurrent Cleanup for Next Mark
[2021-07-09T16:19:53.853+0530][gc,marking    ] GC(6) Concurrent Cleanup for Next Mark 2.122ms
[2021-07-09T16:19:53.853+0530][gc            ] GC(6) Concurrent Cycle 17.809ms
[2021-07-09T17:10:54.490+0530][gc,heap,exit  ] Heap
[2021-07-09T17:10:54.494+0530][gc,heap,exit  ]  garbage-first heap   total 524288K, used 90269K [0x00000000e0000000, 0x0000000100000000)
[2021-07-09T17:10:54.494+0530][gc,heap,exit  ]   region size 1024K, 13 young (13312K), 3 survivors (3072K)
[2021-07-09T17:10:54.494+0530][gc,heap,exit  ]  Metaspace       used 20555K, capacity 21028K, committed 21552K, reserved 1069056K
[2021-07-09T17:10:54.494+0530][gc,heap,exit  ]   class space    used 2409K, capacity 2577K, committed 2688K, reserved 1048576K
